Archive member included to satisfy reference by file (symbol)

c:/intelfpga_lite/21.1/nios2eds/bin/gnu/h-x86_64-mingw32/bin/../lib/gcc/nios2-elf/10.3.1/../../../../../H-x86_64-mingw32/nios2-elf/lib/mno-hw-mul\libm.a(lib_a-s_cos.o)
                              obj/default/fft/kiss_fft.o (cos)
c:/intelfpga_lite/21.1/nios2eds/bin/gnu/h-x86_64-mingw32/bin/../lib/gcc/nios2-elf/10.3.1/../../../../../H-x86_64-mingw32/nios2-elf/lib/mno-hw-mul\libm.a(lib_a-s_floor.o)
                              obj/default/fft/kiss_fft.o (floor)
c:/intelfpga_lite/21.1/nios2eds/bin/gnu/h-x86_64-mingw32/bin/../lib/gcc/nios2-elf/10.3.1/../../../../../H-x86_64-mingw32/nios2-elf/lib/mno-hw-mul\libm.a(lib_a-s_sin.o)
                              obj/default/fft/kiss_fft.o (sin)
c:/intelfpga_lite/21.1/nios2eds/bin/gnu/h-x86_64-mingw32/bin/../lib/gcc/nios2-elf/10.3.1/../../../../../H-x86_64-mingw32/nios2-elf/lib/mno-hw-mul\libm.a(lib_a-w_log.o)
                              obj/default/mfcc/libmfcc.o (log)
c:/intelfpga_lite/21.1/nios2eds/bin/gnu/h-x86_64-mingw32/bin/../lib/gcc/nios2-elf/10.3.1/../../../../../H-x86_64-mingw32/nios2-elf/lib/mno-hw-mul\libm.a(lib_a-w_pow.o)
                              obj/default/mfcc/libmfcc.o (pow)
c:/intelfpga_lite/21.1/nios2eds/bin/gnu/h-x86_64-mingw32/bin/../lib/gcc/nios2-elf/10.3.1/../../../../../H-x86_64-mingw32/nios2-elf/lib/mno-hw-mul\libm.a(lib_a-w_sqrt.o)
                              obj/default/fft/kiss_fft.o (sqrt)
c:/intelfpga_lite/21.1/nios2eds/bin/gnu/h-x86_64-mingw32/bin/../lib/gcc/nios2-elf/10.3.1/../../../../../H-x86_64-mingw32/nios2-elf/lib/mno-hw-mul\libm.a(lib_a-e_log.o)
                              c:/intelfpga_lite/21.1/nios2eds/bin/gnu/h-x86_64-mingw32/bin/../lib/gcc/nios2-elf/10.3.1/../../../../../H-x86_64-mingw32/nios2-elf/lib/mno-hw-mul\libm.a(lib_a-w_log.o) (__ieee754_log)
c:/intelfpga_lite/21.1/nios2eds/bin/gnu/h-x86_64-mingw32/bin/../lib/gcc/nios2-elf/10.3.1/../../../../../H-x86_64-mingw32/nios2-elf/lib/mno-hw-mul\libm.a(lib_a-e_pow.o)
                              c:/intelfpga_lite/21.1/nios2eds/bin/gnu/h-x86_64-mingw32/bin/../lib/gcc/nios2-elf/10.3.1/../../../../../H-x86_64-mingw32/nios2-elf/lib/mno-hw-mul\libm.a(lib_a-w_pow.o) (__ieee754_pow)
c:/intelfpga_lite/21.1/nios2eds/bin/gnu/h-x86_64-mingw32/bin/../lib/gcc/nios2-elf/10.3.1/../../../../../H-x86_64-mingw32/nios2-elf/lib/mno-hw-mul\libm.a(lib_a-e_rem_pio2.o)
                              c:/intelfpga_lite/21.1/nios2eds/bin/gnu/h-x86_64-mingw32/bin/../lib/gcc/nios2-elf/10.3.1/../../../../../H-x86_64-mingw32/nios2-elf/lib/mno-hw-mul\libm.a(lib_a-s_cos.o) (__ieee754_rem_pio2)
c:/intelfpga_lite/21.1/nios2eds/bin/gnu/h-x86_64-mingw32/bin/../lib/gcc/nios2-elf/10.3.1/../../../../../H-x86_64-mingw32/nios2-elf/lib/mno-hw-mul\libm.a(lib_a-e_sqrt.o)
                              c:/intelfpga_lite/21.1/nios2eds/bin/gnu/h-x86_64-mingw32/bin/../lib/gcc/nios2-elf/10.3.1/../../../../../H-x86_64-mingw32/nios2-elf/lib/mno-hw-mul\libm.a(lib_a-w_sqrt.o) (__ieee754_sqrt)
c:/intelfpga_lite/21.1/nios2eds/bin/gnu/h-x86_64-mingw32/bin/../lib/gcc/nios2-elf/10.3.1/../../../../../H-x86_64-mingw32/nios2-elf/lib/mno-hw-mul\libm.a(lib_a-k_cos.o)
                              c:/intelfpga_lite/21.1/nios2eds/bin/gnu/h-x86_64-mingw32/bin/../lib/gcc/nios2-elf/10.3.1/../../../../../H-x86_64-mingw32/nios2-elf/lib/mno-hw-mul\libm.a(lib_a-s_cos.o) (__kernel_cos)
c:/intelfpga_lite/21.1/nios2eds/bin/gnu/h-x86_64-mingw32/bin/../lib/gcc/nios2-elf/10.3.1/../../../../../H-x86_64-mingw32/nios2-elf/lib/mno-hw-mul\libm.a(lib_a-k_rem_pio2.o)
                              c:/intelfpga_lite/21.1/nios2eds/bin/gnu/h-x86_64-mingw32/bin/../lib/gcc/nios2-elf/10.3.1/../../../../../H-x86_64-mingw32/nios2-elf/lib/mno-hw-mul\libm.a(lib_a-e_rem_pio2.o) (__kernel_rem_pio2)
c:/intelfpga_lite/21.1/nios2eds/bin/gnu/h-x86_64-mingw32/bin/../lib/gcc/nios2-elf/10.3.1/../../../../../H-x86_64-mingw32/nios2-elf/lib/mno-hw-mul\libm.a(lib_a-k_sin.o)
                              c:/intelfpga_lite/21.1/nios2eds/bin/gnu/h-x86_64-mingw32/bin/../lib/gcc/nios2-elf/10.3.1/../../../../../H-x86_64-mingw32/nios2-elf/lib/mno-hw-mul\libm.a(lib_a-s_cos.o) (__kernel_sin)
c:/intelfpga_lite/21.1/nios2eds/bin/gnu/h-x86_64-mingw32/bin/../lib/gcc/nios2-elf/10.3.1/../../../../../H-x86_64-mingw32/nios2-elf/lib/mno-hw-mul\libm.a(lib_a-math_err.o)
                              c:/intelfpga_lite/21.1/nios2eds/bin/gnu/h-x86_64-mingw32/bin/../lib/gcc/nios2-elf/10.3.1/../../../../../H-x86_64-mingw32/nios2-elf/lib/mno-hw-mul\libm.a(lib_a-e_pow.o) (__math_uflow)
c:/intelfpga_lite/21.1/nios2eds/bin/gnu/h-x86_64-mingw32/bin/../lib/gcc/nios2-elf/10.3.1/../../../../../H-x86_64-mingw32/nios2-elf/lib/mno-hw-mul\libm.a(lib_a-s_scalbn.o)
                              c:/intelfpga_lite/21.1/nios2eds/bin/gnu/h-x86_64-mingw32/bin/../lib/gcc/nios2-elf/10.3.1/../../../../../H-x86_64-mingw32/nios2-elf/lib/mno-hw-mul\libm.a(lib_a-e_pow.o) (scalbn)
[...]
Memory Configuration

Name             Origin             Length             Attributes
reset            0x0000000000000000 0x0000000000000020
SDRAM            0x0000000000000020 0x0000000007ffffe0
*default*        0x0000000000000000 0xffffffffffffffff

Linker script and memory map

LOAD c:/school/Jaar-3/Periode-4/FPGA/FPGA-project/software/rps_bsp//obj/HAL/src/crt0.o
LOAD obj/default/fft/kiss_fft.o
LOAD obj/default/main.o
LOAD obj/default/mfcc/libmfcc.o
LOAD c:/intelfpga_lite/21.1/nios2eds/bin/gnu/h-x86_64-mingw32/bin/../lib/gcc/nios2-elf/10.3.1/../../../../../H-x86_64-mingw32/nios2-elf/lib/mno-hw-mul\libstdc++.a
LOAD c:/intelfpga_lite/21.1/nios2eds/bin/gnu/h-x86_64-mingw32/bin/../lib/gcc/nios2-elf/10.3.1/../../../../../H-x86_64-mingw32/nios2-elf/lib/mno-hw-mul\libm.a
LOAD c:/intelfpga_lite/21.1/nios2eds/bin/gnu/h-x86_64-mingw32/bin/../lib/gcc/nios2-elf/10.3.1/mno-hw-mul\libgcc.a
START GROUP
LOAD c:/intelfpga_lite/21.1/nios2eds/bin/gnu/h-x86_64-mingw32/bin/../lib/gcc/nios2-elf/10.3.1/../../../../../H-x86_64-mingw32/nios2-elf/lib/mno-hw-mul\libc.a
LOAD c:/intelfpga_lite/21.1/nios2eds/bin/gnu/h-x86_64-mingw32/bin/../lib/gcc/nios2-elf/10.3.1/mno-hw-mul\libgcc.a
LOAD c:/school/Jaar-3/Periode-4/FPGA/FPGA-project/software/rps_bsp/\libhal_bsp.a
LOAD c:/intelfpga_lite/21.1/nios2eds/bin/gnu/h-x86_64-mingw32/bin/../lib/gcc/nios2-elf/10.3.1/../../../../../H-x86_64-mingw32/nios2-elf/lib/mno-hw-mul\libm.a
END GROUP
LOAD c:/intelfpga_lite/21.1/nios2eds/bin/gnu/h-x86_64-mingw32/bin/../lib/gcc/nios2-elf/10.3.1/mno-hw-mul\libgcc.a
                0x0000000000000000                __alt_mem_SDRAM = 0x0

.entry          0x0000000000000000       0x20
 *(.entry)
 .entry         0x0000000000000000       0x20 c:/school/Jaar-3/Periode-4/FPGA/FPGA-project/software/rps_bsp//obj/HAL/src/crt0.o
                0x0000000000000000                __reset

.exceptions     0x0000000000000020      0x208
                0x0000000000000020                PROVIDE (__ram_exceptions_start = ABSOLUTE (.))
                0x0000000000000020                . = ALIGN (0x20)
 *(.irq)
 *(.exceptions.entry.label)
 .exceptions.entry.label
                0x0000000000000020        0x0 c:/school/Jaar-3/Periode-4/FPGA/FPGA-project/software/rps_bsp/\libhal_bsp.a(alt_irq_entry.o)
                0x0000000000000020                alt_irq_entry
 .exceptions.entry.label
                0x0000000000000020        0x0 c:/school/Jaar-3/Periode-4/FPGA/FPGA-project/software/rps_bsp/\libhal_bsp.a(alt_exception_entry.o)
                0x0000000000000020                alt_exception
 *(.exceptions.entry.user)
 *(.exceptions.entry.ecc_fatal)
 *(.exceptions.entry)
 .exceptions.entry
                0x0000000000000020       0x54 c:/school/Jaar-3/Periode-4/FPGA/FPGA-project/software/rps_bsp/\libhal_bsp.a(alt_exception_entry.o)
 *(.exceptions.irqtest.user)
 *(.exceptions.irqtest)
 .exceptions.irqtest
                0x0000000000000074       0x10 c:/school/Jaar-3/Periode-4/FPGA/FPGA-project/software/rps_bsp/\libhal_bsp.a(alt_irq_entry.o)
 *(.exceptions.irqhandler.user)
 *(.exceptions.irqhandler)
 .exceptions.irqhandler
                0x0000000000000084        0x4 c:/school/Jaar-3/Periode-4/FPGA/FPGA-project/software/rps_bsp/\libhal_bsp.a(alt_irq_entry.o)
 *(.exceptions.irqreturn.user)
 *(.exceptions.irqreturn)
 .exceptions.irqreturn
                0x0000000000000088        0x4 c:/school/Jaar-3/Periode-4/FPGA/FPGA-project/software/rps_bsp/\libhal_bsp.a(alt_irq_entry.o)
 *(.exceptions.notirq.label)
 .exceptions.notirq.label
                0x000000000000008c        0x0 c:/school/Jaar-3/Periode-4/FPGA/FPGA-project/software/rps_bsp/\libhal_bsp.a(alt_irq_entry.o)
 *(.exceptions.notirq.user)
 *(.exceptions.notirq)
 .exceptions.notirq
                0x000000000000008c        0x8 c:/school/Jaar-3/Periode-4/FPGA/FPGA-project/software/rps_bsp/\libhal_bsp.a(alt_exception_entry.o)
 *(.exceptions.soft.user)
 *(.exceptions.soft)
 *(.exceptions.unknown.user)
 *(.exceptions.unknown)
 .exceptions.unknown
                0x0000000000000094       0x14 c:/school/Jaar-3/Periode-4/FPGA/FPGA-project/software/rps_bsp/\libhal_bsp.a(alt_exception_entry.o)
 *(.exceptions.exit.label)
 .exceptions.exit.label
                0x00000000000000a8        0x0 c:/school/Jaar-3/Periode-4/FPGA/FPGA-project/software/rps_bsp/\libhal_bsp.a(alt_irq_entry.o)
 .exceptions.exit.label
                0x00000000000000a8        0x0 c:/school/Jaar-3/Periode-4/FPGA/FPGA-project/software/rps_bsp/\libhal_bsp.a(alt_exception_entry.o)
 *(.exceptions.exit.user)
 *(.exceptions.exit)
 .exceptions.exit
                0x00000000000000a8       0x54 c:/school/Jaar-3/Periode-4/FPGA/FPGA-project/software/rps_bsp/\libhal_bsp.a(alt_exception_entry.o)
 *(.exceptions)
 .exceptions    0x00000000000000fc       0xcc c:/school/Jaar-3/Periode-4/FPGA/FPGA-project/software/rps_bsp/\libhal_bsp.a(alt_irq_handler.o)
                0x00000000000000fc                alt_irq_handler
 .exceptions    0x00000000000001c8       0x60 c:/school/Jaar-3/Periode-4/FPGA/FPGA-project/software/rps_bsp/\libhal_bsp.a(alt_instruction_exception_entry.o)
                0x00000000000001c8                alt_instruction_exception_entry
                0x0000000000000228                PROVIDE (__ram_exceptions_end = ABSOLUTE (.))
                0x0000000000000020                PROVIDE (__flash_exceptions_start = LOADADDR (.exceptions))

.text           0x0000000000000228    0x17848
                [!provide]                        PROVIDE (stext = ABSOLUTE (.))
 *(.interp)
 *(.hash)
 *(.dynsym)
 *(.dynstr)
 *(.gnu.version)
 *(.gnu.version_d)
 *(.gnu.version_r)
 *(.rel.init)
 *(.rela.init)
 *(.rel.text .rel.text.* .rel.gnu.linkonce.t.*)
 *(.rela.text .rela.text.* .rela.gnu.linkonce.t.*)
 *(.rel.fini)
 *(.rela.fini)
 *(.rel.rodata .rel.rodata.* .rel.gnu.linkonce.r.*)
 *(.rela.rodata .rela.rodata.* .rela.gnu.linkonce.r.*)
 *(.rel.data .rel.data.* .rel.gnu.linkonce.d.*)
 *(.rela.data .rela.data.* .rela.gnu.linkonce.d.*)
 *(.rel.tdata .rel.tdata.* .rel.gnu.linkonce.td.*)
 *(.rela.tdata .rela.tdata.* .rela.gnu.linkonce.td.*)
 *(.rel.tbss .rel.tbss.* .rel.gnu.linkonce.tb.*)
 *(.rela.tbss .rela.tbss.* .rela.gnu.linkonce.tb.*)
 *(.rel.ctors)
 *(.rela.ctors)
 *(.rel.dtors)
 *(.rela.dtors)
 *(.rel.got)
 *(.rela.got)
 *(.rel.sdata .rel.sdata.* .rel.gnu.linkonce.s.*)
 *(.rela.sdata .rela.sdata.* .rela.gnu.linkonce.s.*)
 *(.rel.sbss .rel.sbss.* .rel.gnu.linkonce.sb.*)
 *(.rela.sbss .rela.sbss.* .rela.gnu.linkonce.sb.*)
 *(.rel.sdata2 .rel.sdata2.* .rel.gnu.linkonce.s2.*)
 *(.rela.sdata2 .rela.sdata2.* .rela.gnu.linkonce.s2.*)
 *(.rel.sbss2 .rel.sbss2.* .rel.gnu.linkonce.sb2.*)
 *(.rela.sbss2 .rela.sbss2.* .rela.gnu.linkonce.sb2.*)
 *(.rel.bss .rel.bss.* .rel.gnu.linkonce.b.*)
 *(.rela.bss .rela.bss.* .rela.gnu.linkonce.b.*)
 *(.rel.plt)
 *(.rela.plt)
 *(.rel.dyn)
 *(.init)
 *(.plt)
 *(.text .stub .text.* .gnu.linkonce.t.*)
 .text          0x0000000000000228       0x3c c:/school/Jaar-3/Periode-4/FPGA/FPGA-project/software/rps_bsp//obj/HAL/src/crt0.o
                0x0000000000000228                _start
 .text          0x0000000000000264     0x1ba8 obj/default/fft/kiss_fft.o
                0x00000000000019c4                kiss_fft_alloc
                0x0000000000001c00                kiss_fft_stride
                0x0000000000001cd4                kiss_fft
                0x0000000000001d1c                kiss_fft_cleanup
                0x0000000000001d3c                kiss_fft_next_fast_size
 .text          0x0000000000001e0c      0x724 obj/default/main.o
                0x0000000000001e0c                main
                0x0000000000002050                check_KEYs
                0x000000000000211c                normalize_audio
                0x0000000000002234                fft
                0x00000000000022ec                calculate_mfcc
 .text          0x0000000000002530      0x888 obj/default/mfcc/libmfcc.o
                0x0000000000002530                GetCoefficient
                0x00000000000027c0                NormalizationFactor
                0x0000000000002888                GetFilterParameter
                0x0000000000002b88                GetMagnitudeFactor
                0x0000000000002c9c                GetCenterFrequency
 .text          0x0000000000002db8        0x0 c:/intelfpga_lite/21.1/nios2eds/bin/gnu/h-x86_64-mingw32/bin/../lib/gcc/nios2-elf/10.3.1/../../../../../H-x86_64-mingw32/nios2-elf/lib/mno-hw-mul\libm.a(lib_a-s_cos.o)
 .text.cos      0x0000000000002db8       0xb0 c:/intelfpga_lite/21.1/nios2eds/bin/gnu/h-x86_64-mingw32/bin/../lib/gcc/nios2-elf/10.3.1/../../../../../H-x86_64-mingw32/nios2-elf/lib/mno-hw-mul\libm.a(lib_a-s_cos.o)
                0x0000000000002db8                cos
 .text          0x0000000000002e68        0x0 c:/intelfpga_lite/21.1/nios2eds/bin/gnu/h-x86_64-mingw32/bin/../lib/gcc/nios2-elf/10.3.1/../../../../../H-x86_64-mingw32/nios2-elf/lib/mno-hw-mul\libm.a(lib_a-s_floor.o)
 .text.floor    0x0000000000002e68      0x1e4 c:/intelfpga_lite/21.1/nios2eds/bin/gnu/h-x86_64-mingw32/bin/../lib/gcc/nios2-elf/10.3.1/../../../../../H-x86_64-mingw32/nios2-elf/lib/mno-hw-mul\libm.a(lib_a-s_floor.o)
                0x0000000000002e68                floor
 .text          0x000000000000304c        0x0 c:/intelfpga_lite/21.1/nios2eds/bin/gnu/h-x86_64-mingw32/bin/../lib/gcc/nios2-elf/10.3.1/../../../../../H-x86_64-mingw32/nios2-elf/lib/mno-hw-mul\libm.a(lib_a-s_sin.o)
 .text.sin      0x000000000000304c       0xc4 c:/intelfpga_lite/21.1/nios2eds/bin/gnu/h-x86_64-mingw32/bin/../lib/gcc/nios2-elf/10.3.1/../../../../../H-x86_64-mingw32/nios2-elf/lib/mno-hw-mul\libm.a(lib_a-s_sin.o)
                0x000000000000304c                sin
 .text          0x0000000000003110        0x0 c:/intelfpga_lite/21.1/nios2eds/bin/gnu/h-x86_64-mingw32/bin/../lib/gcc/nios2-elf/10.3.1/../../../../../H-x86_64-mingw32/nios2-elf/lib/mno-hw-mul\libm.a(lib_a-w_log.o)
 .text.log      0x0000000000003110       0xc4 c:/intelfpga_lite/21.1/nios2eds/bin/gnu/h-x86_64-mingw32/bin/../lib/gcc/nios2-elf/10.3.1/../../../../../H-x86_64-mingw32/nios2-elf/lib/mno-hw-mul\libm.a(lib_a-w_log.o)
                0x0000000000003110                log
 .text          0x00000000000031d4        0x0 c:/intelfpga_lite/21.1/nios2eds/bin/gnu/h-x86_64-mingw32/bin/../lib/gcc/nios2-elf/10.3.1/../../../../../H-x86_64-mingw32/nios2-elf/lib/mno-hw-mul\libm.a(lib_a-w_pow.o)
 .text.pow      0x00000000000031d4      0x2bc c:/intelfpga_lite/21.1/nios2eds/bin/gnu/h-x86_64-mingw32/bin/../lib/gcc/nios2-elf/10.3.1/../../../../../H-x86_64-mingw32/nios2-elf/lib/mno-hw-mul\libm.a(lib_a-w_pow.o)
                0x00000000000031d4                pow
 .text          0x0000000000003490        0x0 c:/intelfpga_lite/21.1/nios2eds/bin/gnu/h-x86_64-mingw32/bin/../lib/gcc/nios2-elf/10.3.1/../../../../../H-x86_64-mingw32/nios2-elf/lib/mno-hw-mul\libm.a(lib_a-w_sqrt.o)
 .text.sqrt     0x0000000000003490       0xac c:/intelfpga_lite/21.1/nios2eds/bin/gnu/h-x86_64-mingw32/bin/../lib/gcc/nios2-elf/10.3.1/../../../../../H-x86_64-mingw32/nios2-elf/lib/mno-hw-mul\libm.a(lib_a-w_sqrt.o)
                0x0000000000003490                sqrt
 .text          0x000000000000353c        0x0 c:/intelfpga_lite/21.1/nios2eds/bin/gnu/h-x86_64-mingw32/bin/../lib/gcc/nios2-elf/10.3.1/../../../../../H-x86_64-mingw32/nios2-elf/lib/mno-hw-mul\libm.a(lib_a-e_log.o)
 .text.__ieee754_log
                0x000000000000353c      0x68c c:/intelfpga_lite/21.1/nios2eds/bin/gnu/h-x86_64-mingw32/bin/../lib/gcc/nios2-elf/10.3.1/../../../../../H-x86_64-mingw32/nios2-elf/lib/mno-hw-mul\libm.a(lib_a-e_log.o)
                0x000000000000353c                __ieee754_log
 .text          0x0000000000003bc8        0x0 c:/intelfpga_lite/21.1/nios2eds/bin/gnu/h-x86_64-mingw32/bin/../lib/gcc/nios2-elf/10.3.1/../../../../../H-x86_64-mingw32/nios2-elf/lib/mno-hw-mul\libm.a(lib_a-e_pow.o)
 .text.__ieee754_pow
                0x0000000000003bc8     0x1108 c:/intelfpga_lite/21.1/nios2eds/bin/gnu/h-x86_64-mingw32/bin/../lib/gcc/nios2-elf/10.3.1/../../../../../H-x86_64-mingw32/nios2-elf/lib/mno-hw-mul\libm.a(lib_a-e_pow.o)
                0x0000000000003bc8                __ieee754_pow
 .text          0x0000000000004cd0        0x0 c:/intelfpga_lite/21.1/nios2eds/bin/gnu/h-x86_64-mingw32/bin/../lib/gcc/nios2-elf/10.3.1/../../../../../H-x86_64-mingw32/nios2-elf/lib/mno-hw-mul\libm.a(lib_a-e_rem_pio2.o)
 .text.__ieee754_rem_pio2
                0x0000000000004cd0      0x74c c:/intelfpga_lite/21.1/nios2eds/bin/gnu/h-x86_64-mingw32/bin/../lib/gcc/nios2-elf/10.3.1/../../../../../H-x86_64-mingw32/nios2-elf/lib/mno-hw-mul\libm.a(lib_a-e_rem_pio2.o)
                0x0000000000004cd0                __ieee754_rem_pio2
 .text          0x000000000000541c        0x0 c:/intelfpga_lite/21.1/nios2eds/bin/gnu/h-x86_64-mingw32/bin/../lib/gcc/nios2-elf/10.3.1/../../../../../H-x86_64-mingw32/nios2-elf/lib/mno-hw-mul\libm.a(lib_a-e_sqrt.o)
 .text.__ieee754_sqrt
                0x000000000000541c      0x26c c:/intelfpga_lite/21.1/nios2eds/bin/gnu/h-x86_64-mingw32/bin/../lib/gcc/nios2-elf/10.3.1/../../../../../H-x86_64-mingw32/nios2-elf/lib/mno-hw-mul\libm.a(lib_a-e_sqrt.o)
                0x000000000000541c                __ieee754_sqrt
 .text          0x0000000000005688        0x0 c:/intelfpga_lite/21.1/nios2eds/bin/gnu/h-x86_64-mingw32/bin/../lib/gcc/nios2-elf/10.3.1/../../../../../H-x86_64-mingw32/nios2-elf/lib/mno-hw-mul\libm.a(lib_a-k_cos.o)
 .text.__kernel_cos
                0x0000000000005688      0x4ac c:/intelfpga_lite/21.1/nios2eds/bin/gnu/h-x86_64-mingw32/bin/../lib/gcc/nios2-elf/10.3.1/../../../../../H-x86_64-mingw32/nios2-elf/lib/mno-hw-mul\libm.a(lib_a-k_cos.o)
                0x0000000000005688                __kernel_cos
 .text          0x0000000000005b34        0x0 c:/intelfpga_lite/21.1/nios2eds/bin/gnu/h-x86_64-mingw32/bin/../lib/gcc/nios2-elf/10.3.1/../../../../../H-x86_64-mingw32/nios2-elf/lib/mno-hw-mul\libm.a(lib_a-k_rem_pio2.o)
 .text.__kernel_rem_pio2
                0x0000000000005b34      0xd14 c:/intelfpga_lite/21.1/nios2eds/bin/gnu/h-x86_64-mingw32/bin/../lib/gcc/nios2-elf/10.3.1/../../../../../H-x86_64-mingw32/nios2-elf/lib/mno-hw-mul\libm.a(lib_a-k_rem_pio2.o)
                0x0000000000005b34                __kernel_rem_pio2
 .text          0x0000000000006848        0x0 c:/intelfpga_lite/21.1/nios2eds/bin/gnu/h-x86_64-mingw32/bin/../lib/gcc/nios2-elf/10.3.1/../../../../../H-x86_64-mingw32/nios2-elf/lib/mno-hw-mul\libm.a(lib_a-k_sin.o)
 .text.__kernel_sin
                0x0000000000006848      0x2c8 c:/intelfpga_lite/21.1/nios2eds/bin/gnu/h-x86_64-mingw32/bin/../lib/gcc/nios2-elf/10.3.1/../../../../../H-x86_64-mingw32/nios2-elf/lib/mno-hw-mul\libm.a(lib_a-k_sin.o)
                0x0000000000006848                __kernel_sin
 .text          0x0000000000006b10        0x0 c:/intelfpga_lite/21.1/nios2eds/bin/gnu/h-x86_64-mingw32/bin/../lib/gcc/nios2-elf/10.3.1/../../../../../H-x86_64-mingw32/nios2-elf/lib/mno-hw-mul\libm.a(lib_a-math_err.o)
 .text.with_errno
                0x0000000000006b10       0x48 c:/intelfpga_lite/21.1/nios2eds/bin/gnu/h-x86_64-mingw32/bin/../lib/gcc/nios2-elf/10.3.1/../../../../../H-x86_64-mingw32/nios2-elf/lib/mno-hw-mul\libm.a(lib_a-math_err.o)
 .text.xflow    0x0000000000006b58       0x50 c:/intelfpga_lite/21.1/nios2eds/bin/gnu/h-x86_64-mingw32/bin/../lib/gcc/nios2-elf/10.3.1/../../../../../H-x86_64-mingw32/nios2-elf/lib/mno-hw-mul\libm.a(lib_a-math_err.o)
 .text.__math_uflow
                0x0000000000006ba8        0xc c:/intelfpga_lite/21.1/nios2eds/bin/gnu/h-x86_64-mingw32/bin/../lib/gcc/nios2-elf/10.3.1/../../../../../H-x86_64-mingw32/nios2-elf/lib/mno-hw-mul\libm.a(lib_a-math_err.o)
                0x0000000000006ba8                __math_uflow
 .text.__math_may_uflow
                0x0000000000006bb4        0xc c:/intelfpga_lite/21.1/nios2eds/bin/gnu/h-x86_64-mingw32/bin/../lib/gcc/nios2-elf/10.3.1/../../../../../H-x86_64-mingw32/nios2-elf/lib/mno-hw-mul\libm.a(lib_a-math_err.o)
                0x0000000000006bb4                __math_may_uflow
 .text.__math_oflow
                0x0000000000006bc0        0xc c:/intelfpga_lite/21.1/nios2eds/bin/gnu/h-x86_64-mingw32/bin/../lib/gcc/nios2-elf/10.3.1/../../../../../H-x86_64-mingw32/nios2-elf/lib/mno-hw-mul\libm.a(lib_a-math_err.o)
                0x0000000000006bc0                __math_oflow
 .text.__math_divzero
                0x0000000000006bcc       0x4c c:/intelfpga_lite/21.1/nios2eds/bin/gnu/h-x86_64-mingw32/bin/../lib/gcc/nios2-elf/10.3.1/../../../../../H-x86_64-mingw32/nios2-elf/lib/mno-hw-mul\libm.a(lib_a-math_err.o)
                0x0000000000006bcc                __math_divzero
 .text.__math_invalid
                0x0000000000006c18       0x94 c:/intelfpga_lite/21.1/nios2eds/bin/gnu/h-x86_64-mingw32/bin/../lib/gcc/nios2-elf/10.3.1/../../../../../H-x86_64-mingw32/nios2-elf/lib/mno-hw-mul\libm.a(lib_a-math_err.o)
                0x0000000000006c18                __math_invalid
 .text.__math_check_uflow
                0x0000000000006cac       0x64 c:/intelfpga_lite/21.1/nios2eds/bin/gnu/h-x86_64-mingw32/bin/../lib/gcc/nios2-elf/10.3.1/../../../../../H-x86_64-mingw32/nios2-elf/lib/mno-hw-mul\libm.a(lib_a-math_err.o)
                0x0000000000006cac                __math_check_uflow
 .text.__math_check_oflow
                0x0000000000006d10       0xa0 c:/intelfpga_lite/21.1/nios2eds/bin/gnu/h-x86_64-mingw32/bin/../lib/gcc/nios2-elf/10.3.1/../../../../../H-x86_64-mingw32/nios2-elf/lib/mno-hw-mul\libm.a(lib_a-math_err.o)
                0x0000000000006d10                __math_check_oflow
 .text          0x0000000000006db0        0x0 c:/intelfpga_lite/21.1/nios2eds/bin/gnu/h-x86_64-mingw32/bin/../lib/gcc/nios2-elf/10.3.1/../../../../../H-x86_64-mingw32/nios2-elf/lib/mno-hw-mul\libm.a(lib_a-s_scalbn.o)
 .text.scalbn   0x0000000000006db0      0x1c0 c:/intelfpga_lite/21.1/nios2eds/bin/gnu/h-x86_64-mingw32/bin/../lib/gcc/nios2-elf/10.3.1/../../../../../H-x86_64-mingw32/nios2-elf/lib/mno-hw-mul\libm.a(lib_a-s_scalbn.o)
                0x0000000000006db0                scalbn
 .text          0x0000000000006f70      0x1b4 c:/intelfpga_lite/21.1/nios2eds/bin/gnu/h-x86_64-mingw32/bin/../lib/gcc/nios2-elf/10.3.1/mno-hw-mul\libgcc.a(lib2-divmod.o)
                0x0000000000006f70                __divsi3
                0x0000000000006ff0                __modsi3
                0x0000000000007064                __udivsi3
                0x00000000000070c8                __umodsi3
 .text          0x0000000000007124       0x28 c:/intelfpga_lite/21.1/nios2eds/bin/gnu/h-x86_64-mingw32/bin/../lib/gcc/nios2-elf/10.3.1/mno-hw-mul\libgcc.a(lib2-mul.o)
                0x0000000000007124                __mulsi3
 .text          0x000000000000714c       0x70 c:/intelfpga_lite/21.1/nios2eds/bin/gnu/h-x86_64-mingw32/bin/../lib/gcc/nios2-elf/10.3.1/mno-hw-mul\libgcc.a(eqsf2.o)
                0x000000000000714c                __eqsf2
                0x000000000000714c                __nesf2
 .text          0x00000000000071bc       0xb8 c:/intelfpga_lite/21.1/nios2eds/bin/gnu/h-x86_64-mingw32/bin/../lib/gcc/nios2-elf/10.3.1/mno-hw-mul\libgcc.a(gesf2.o)
                0x00000000000071bc                __gesf2
                0x00000000000071bc                __gtsf2
 .text          0x0000000000007274      0x124 c:/intelfpga_lite/21.1/nios2eds/bin/gnu/h-x86_64-mingw32/bin/../lib/gcc/nios2-elf/10.3.1/mno-hw-mul\libgcc.a(floatsisf.o)
                0x0000000000007274                __floatsisf
 .text          0x0000000000007398       0xfc c:/intelfpga_lite/21.1/nios2eds/bin/gnu/h-x86_64-mingw32/bin/../lib/gcc/nios2-elf/10.3.1/mno-hw-mul\libgcc.a(floatunsisf.o)
                0x0000000000007398                __floatunsisf
 .text          0x0000000000007494      0x8f0 c:/intelfpga_lite/21.1/nios2eds/bin/gnu/h-x86_64-mingw32/bin/../lib/gcc/nios2-elf/10.3.1/mno-hw-mul\libgcc.a(adddf3.o)
                0x0000000000007494                __adddf3
 .text          0x0000000000007d84      0x914 c:/intelfpga_lite/21.1/nios2eds/bin/gnu/h-x86_64-mingw32/bin/../lib/gcc/nios2-elf/10.3.1/mno-hw-mul\libgcc.a(divdf3.o)
                0x0000000000007d84                __divdf3
 .text          0x0000000000008698       0x80 c:/intelfpga_lite/21.1/nios2eds/bin/gnu/h-x86_64-mingw32/bin/../lib/gcc/nios2-elf/10.3.1/mno-hw-mul\libgcc.a(eqdf2.o)
                0x0000000000008698                __nedf2
                0x0000000000008698                __eqdf2
 .text          0x0000000000008718       0xe8 c:/intelfpga_lite/21.1/nios2eds/bin/gnu/h-x86_64-mingw32/bin/../lib/gcc/nios2-elf/10.3.1/mno-hw-mul\libgcc.a(gedf2.o)
                0x0000000000008718                __gedf2
                0x0000000000008718                __gtdf2
 .text          0x0000000000008800       0xe8 c:/intelfpga_lite/21.1/nios2eds/bin/gnu/h-x86_64-mingw32/bin/../lib/gcc/nios2-elf/10.3.1/mno-hw-mul\libgcc.a(ledf2.o)
                0x0000000000008800                __ledf2
                0x0000000000008800                __ltdf2
 .text          0x00000000000088e8      0x7ac c:/intelfpga_lite/21.1/nios2eds/bin/gnu/h-x86_64-mingw32/bin/../lib/gcc/nios2-elf/10.3.1/mno-hw-mul\libgcc.a(muldf3.o)
                0x00000000000088e8                __muldf3
 .text          0x0000000000009094      0x90c c:/intelfpga_lite/21.1/nios2eds/bin/gnu/h-x86_64-mingw32/bin/../lib/gcc/nios2-elf/10.3.1/mno-hw-mul\libgcc.a(subdf3.o)
                0x0000000000009094                __subdf3
 .text          0x00000000000099a0       0x54 c:/intelfpga_lite/21.1/nios2eds/bin/gnu/h-x86_64-mingw32/bin/../lib/gcc/nios2-elf/10.3.1/mno-hw-mul\libgcc.a(unorddf2.o)
                0x00000000000099a0                __unorddf2
 .text          0x00000000000099f4       0x80 c:/intelfpga_lite/21.1/nios2eds/bin/gnu/h-x86_64-mingw32/bin/../lib/gcc/nios2-elf/10.3.1/mno-hw-mul\libgcc.a(fixdfsi.o)
                0x00000000000099f4                __fixdfsi
 .text          0x0000000000009a74       0xb8 c:/intelfpga_lite/21.1/nios2eds/bin/gnu/h-x86_64-mingw32/bin/../lib/gcc/nios2-elf/10.3.1/mno-hw-mul\libgcc.a(floatsidf.o)
                0x0000000000009a74                __floatsidf
 .text          0x0000000000009b2c       0x90 c:/intelfpga_lite/21.1/nios2eds/bin/gnu/h-x86_64-mingw32/bin/../lib/gcc/nios2-elf/10.3.1/mno-hw-mul\libgcc.a(floatunsidf.o)
                0x0000000000009b2c                __floatunsidf
 .text          0x0000000000009bbc       0xfc c:/intelfpga_lite/21.1/nios2eds/bin/gnu/h-x86_64-mingw32/bin/../lib/gcc/nios2-elf/10.3.1/mno-hw-mul\libgcc.a(extendsfdf2.o)
                0x0000000000009bbc                __extendsfdf2
 .text          0x0000000000009cb8      0x170 c:/intelfpga_lite/21.1/nios2eds/bin/gnu/h-x86_64-mingw32/bin/../lib/gcc/nios2-elf/10.3.1/mno-hw-mul\libgcc.a(truncdfsf2.o)
                0x0000000000009cb8                __truncdfsf2
 .text          0x0000000000009e28       0x54 c:/intelfpga_lite/21.1/nios2eds/bin/gnu/h-x86_64-mingw32/bin/../lib/gcc/nios2-elf/10.3.1/mno-hw-mul\libgcc.a(_clzsi2.o)
                0x0000000000009e28                __clzsi2
 .text          0x0000000000009e7c        0x0 c:/intelfpga_lite/21.1/nios2eds/bin/gnu/h-x86_64-mingw32/bin/../lib/gcc/nios2-elf/10.3.1/mno-hw-mul\libgcc.a(_clz.o)
 .text          0x0000000000009e7c        0x0 c:/intelfpga_lite/21.1/nios2eds/bin/gnu/h-x86_64-mingw32/bin/../lib/gcc/nios2-elf/10.3.1/../../../../../H-x86_64-mingw32/nios2-elf/lib/mno-hw-mul\libc.a(lib_a-errno.o)
 .text.__errno  0x0000000000009e7c        0xc c:/intelfpga_lite/21.1/nios2eds/bin/gnu/h-x86_64-mingw32/bin/../lib/gcc/nios2-elf/10.3.1/../../../../../H-x86_64-mingw32/nios2-elf/lib/mno-hw-mul\libc.a(lib_a-errno.o)
                0x0000000000009e7c                __errno
 .text          0x0000000000009e88        0x0 c:/intelfpga_lite/21.1/nios2eds/bin/gnu/h-x86_64-mingw32/bin/../lib/gcc/nios2-elf/10.3.1/../../../../../H-x86_64-mingw32/nios2-elf/lib/mno-hw-mul\libc.a(lib_a-impure.o)
 .text          0x0000000000009e88        0x0 c:/intelfpga_lite/21.1/nios2eds/bin/gnu/h-x86_64-mingw32/bin/../lib/gcc/nios2-elf/10.3.1/../../../../../H-x86_64-mingw32/nios2-elf/lib/mno-hw-mul\libc.a(lib_a-malloc.o)
 .text.malloc   0x0000000000009e88       0x10 c:/intelfpga_lite/21.1/nios2eds/bin/gnu/h-x86_64-mingw32/bin/../lib/gcc/nios2-elf/10.3.1/../../../../../H-x86_64-mingw32/nios2-elf/lib/mno-hw-mul\libc.a(lib_a-malloc.o)
                0x0000000000009e88                malloc
 .text.free     0x0000000000009e98       0x10 c:/intelfpga_lite/21.1/nios2eds/bin/gnu/h-x86_64-mingw32/bin/../lib/gcc/nios2-elf/10.3.1/../../../../../H-x86_64-mingw32/nios2-elf/lib/mno-hw-mul\libc.a(lib_a-malloc.o)
                0x0000000000009e98                free
 .text          0x0000000000009ea8        0x0 c:/intelfpga_lite/21.1/nios2eds/bin/gnu/h-x86_64-mingw32/bin/../lib/gcc/nios2-elf/10.3.1/../../../../../H-x86_64-mingw32/nios2-elf/lib/mno-hw-mul\libc.a(lib_a-mallocr.o)
 .text._malloc_r
                0x0000000000009ea8      0x7e0 c:/intelfpga_lite/21.1/nios2eds/bin/gnu/h-x86_64-mingw32/bin/../lib/gcc/nios2-elf/10.3.1/../../../../../H-x86_64-mingw32/nios2-elf/lib/mno-hw-mul\libc.a(lib_a-mallocr.o)
                0x0000000000009ea8                _malloc_r
 .text          0x000000000000a688        0x0 c:/intelfpga_lite/21.1/nios2eds/bin/gnu/h-x86_64-mingw32/bin/../lib/gcc/nios2-elf/10.3.1/../../../../../H-x86_64-mingw32/nios2-elf/lib/mno-hw-mul\libc.a(lib_a-memcpy.o)
 .text.memcpy   0x000000000000a688      0x100 c:/intelfpga_lite/21.1/nios2eds/bin/gnu/h-x86_64-mingw32/bin/../lib/gcc/nios2-elf/10.3.1/../../../../../H-x86_64-mingw32/nios2-elf/lib/mno-hw-mul\libc.a(lib_a-memcpy.o)
                0x000000000000a688                memcpy
 .text          0x000000000000a788        0x0 c:/intelfpga_lite/21.1/nios2eds/bin/gnu/h-x86_64-mingw32/bin/../lib/gcc/nios2-elf/10.3.1/../../../../../H-x86_64-mingw32/nios2-elf/lib/mno-hw-mul\libc.a(lib_a-printf.o)
 .text._printf_r
                0x000000000000a788       0x30 c:/intelfpga_lite/21.1/nios2eds/bin/gnu/h-x86_64-mingw32/bin/../lib/gcc/nios2-elf/10.3.1/../../../../../H-x86_64-mingw32/nios2-elf/lib/mno-hw-mul\libc.a(lib_a-printf.o)
                0x000000000000a788                _printf_r
 .text.printf   0x000000000000a7b8       0x38 c:/intelfpga_lite/21.1/nios2eds/bin/gnu/h-x86_64-mingw32/bin/../lib/gcc/nios2-elf/10.3.1/../../../../../H-x86_64-mingw32/nios2-elf/lib/mno-hw-mul\libc.a(lib_a-printf.o)
                0x000000000000a7b8                printf
 .text          0x000000000000a7f0        0x0 c:/intelfpga_lite/21.1/nios2eds/bin/gnu/h-x86_64-mingw32/bin/../lib/gcc/nios2-elf/10.3.1/../../../../../H-x86_64-mingw32/nios2-elf/lib/mno-hw-mul\libc.a(lib_a-putchar.o)
 .text._putchar_r
                0x000000000000a7f0        0x8 c:/intelfpga_lite/21.1/nios2eds/bin/gnu/h-x86_64-mingw32/bin/../lib/gcc/nios2-elf/10.3.1/../../../../../H-x86_64-mingw32/nios2-elf/lib/mno-hw-mul\libc.a(lib_a-putchar.o)
                0x000000000000a7f0                _putchar_r
 .text.putchar  0x000000000000a7f8       0x18 c:/intelfpga_lite/21.1/nios2eds/bin/gnu/h-x86_64-mingw32/bin/../lib/gcc/nios2-elf/10.3.1/../../../../../H-x86_64-mingw32/nios2-elf/lib/mno-hw-mul\libc.a(lib_a-putchar.o)
                0x000000000000a7f8                putchar
 .text          0x000000000000a810        0x0 c:/intelfpga_lite/21.1/nios2eds/bin/gnu/h-x86_64-mingw32/bin/../lib/gcc/nios2-elf/10.3.1/../../../../../H-x86_64-mingw32/nios2-elf/lib/mno-hw-mul\libc.a(lib_a-puts.o)
 .text._puts_r  0x000000000000a810       0xcc c:/intelfpga_lite/21.1/nios2eds/bin/gnu/h-x86_64-mingw32/bin/../lib/gcc/nios2-elf/10.3.1/../../../../../H-x86_64-mingw32/nios2-elf/lib/mno-hw-mul\libc.a(lib_a-puts.o)
                0x000000000000a810                _puts_r
 .text.puts     0x000000000000a8dc       0x10 c:/intelfpga_lite/21.1/nios2eds/bin/gnu/h-x86_64-mingw32/bin/../lib/gcc/nios2-elf/10.3.1/../../../../../H-x86_64-mingw32/nios2-elf/lib/mno-hw-mul\libc.a(lib_a-puts.o)
                0x000000000000a8dc                puts
 .text          0x000000000000a8ec        0x0 c:/intelfpga_lite/21.1/nios2eds/bin/gnu/h-x86_64-mingw32/bin/../lib/gcc/nios2-elf/10.3.1/../../../../../H-x86_64-mingw32/nios2-elf/lib/mno-hw-mul\libc.a(lib_a-sbrkr.o)
 .text._sbrk_r  0x000000000000a8ec       0x58 c:/intelfpga_lite/21.1/nios2eds/bin/gnu/h-x86_64-mingw32/bin/../lib/gcc/nios2-elf/10.3.1/../../../../../H-x86_64-mingw32/nios2-elf/lib/mno-hw-mul\libc.a(lib_a-sbrkr.o)
                0x000000000000a8ec                _sbrk_r
 .text          0x000000000000a944        0x0 c:/intelfpga_lite/21.1/nios2eds/bin/gnu/h-x86_64-mingw32/bin/../lib/gcc/nios2-elf/10.3.1/../../../../../H-x86_64-mingw32/nios2-elf/lib/mno-hw-mul\libc.a(lib_a-strlen.o)
 .text.strlen   0x000000000000a944       0x98 c:/intelfpga_lite/21.1/nios2eds/bin/gnu/h-x86_64-mingw32/bin/../lib/gcc/nios2-elf/10.3.1/../../../../../H-x86_64-mingw32/nios2-elf/lib/mno-hw-mul\libc.a(lib_a-strlen.o)
                0x000000000000a944                strlen
 .text          0x000000000000a9dc        0x0 c:/intelfpga_lite/21.1/nios2eds/bin/gnu/h-x86_64-mingw32/bin/../lib/gcc/nios2-elf/10.3.1/../../../../../H-x86_64-mingw32/nios2-elf/lib/mno-hw-mul\libc.a(lib_a-vfprintf.o)
 .text.___vfprintf_internal_r
                0x000000000000a9dc     0x2018 c:/intelfpga_lite/21.1/nios2eds/bin/gnu/h-x86_64-mingw32/bin/../lib/gcc/nios2-elf/10.3.1/../../../../../H-x86_64-mingw32/nios2-elf/lib/mno-hw-mul\libc.a(lib_a-vfprintf.o)
                0x000000000000a9dc                ___vfprintf_internal_r
 .text.__vfprintf_internal
                0x000000000000c9f4       0x1c c:/intelfpga_lite/21.1/nios2eds/bin/gnu/h-x86_64-mingw32/bin/../lib/gcc/nios2-elf/10.3.1/../../../../../H-x86_64-mingw32/nios2-elf/lib/mno-hw-mul\libc.a(lib_a-vfprintf.o)
                0x000000000000c9f4                __vfprintf_internal
 .text.__sbprintf
                0x000000000000ca10       0xc0 c:/intelfpga_lite/21.1/nios2eds/bin/gnu/h-x86_64-mingw32/bin/../lib/gcc/nios2-elf/10.3.1/../../../../../H-x86_64-mingw32/nios2-elf/lib/mno-hw-mul\libc.a(lib_a-vfprintf.o)
 .text          0x000000000000cad0        0x0 c:/intelfpga_lite/21.1/nios2eds/bin/gnu/h-x86_64-mingw32/bin/../lib/gcc/nios2-elf/10.3.1/../../../../../H-x86_64-mingw32/nios2-elf/lib/mno-hw-mul\libc.a(lib_a-wsetup.o)
 .text.__swsetup_r
                0x000000000000cad0      0x164 c:/intelfpga_lite/21.1/nios2eds/bin/gnu/h-x86_64-mingw32/bin/../lib/gcc/nios2-elf/10.3.1/../../../../../H-x86_64-mingw32/nios2-elf/lib/mno-hw-mul\libc.a(lib_a-wsetup.o)
                0x000000000000cad0                __swsetup_r
 .text          0x000000000000cc34        0x0 c:/intelfpga_lite/21.1/nios2eds/bin/gnu/h-x86_64-mingw32/bin/../lib/gcc/nios2-elf/10.3.1/../../../../../H-x86_64-mingw32/nios2-elf/lib/mno-hw-mul\libc.a(lib_a-dtoa.o)
 .text.quorem   0x000000000000cc34      0x220 c:/intelfpga_lite/21.1/nios2eds/bin/gnu/h-x86_64-mingw32/bin/../lib/gcc/nios2-elf/10.3.1/../../../../../H-x86_64-mingw32/nios2-elf/lib/mno-hw-mul\libc.a(lib_a-dtoa.o)
 .text._dtoa_r  0x000000000000ce54     0x1748 c:/intelfpga_lite/21.1/nios2eds/bin/gnu/h-x86_64-mingw32/bin/../lib/gcc/nios2-elf/10.3.1/../../../../../H-x86_64-mingw32/nios2-elf/lib/mno-hw-mul\libc.a(lib_a-dtoa.o)
                0x000000000000ce54                _dtoa_r
 .text          0x000000000000e59c        0x0 c:/intelfpga_lite/21.1/nios2eds/bin/gnu/h-x86_64-mingw32/bin/../lib/gcc/nios2-elf/10.3.1/../../../../../H-x86_64-mingw32/nios2-elf/lib/mno-hw-mul\libc.a(lib_a-fflush.o)
 .text.__sflush_r
                0x000000000000e59c      0x228 c:/intelfpga_lite/21.1/nios2eds/bin/gnu/h-x86_64-mingw32/bin/../lib/gcc/nios2-elf/10.3.1/../../../../../H-x86_64-mingw32/nios2-elf/lib/mno-hw-mul\libc.a(lib_a-fflush.o)
                0x000000000000e59c                __sflush_r
 .text._fflush_r
                0x000000000000e7c4       0x60 c:/intelfpga_lite/21.1/nios2eds/bin/gnu/h-x86_64-mingw32/bin/../lib/gcc/nios2-elf/10.3.1/../../../../../H-x86_64-mingw32/nios2-elf/lib/mno-hw-mul\libc.a(lib_a-fflush.o)
                0x000000000000e7c4                _fflush_r
 .text.fflush   0x000000000000e824       0x84 c:/intelfpga_lite/21.1/nios2eds/bin/gnu/h-x86_64-mingw32/bin/../lib/gcc/nios2-elf/10.3.1/../../../../../H-x86_64-mingw32/nios2-elf/lib/mno-hw-mul\libc.a(lib_a-fflush.o)
                0x000000000000e824                fflush
 .text          0x000000000000e8a8        0x0 c:/intelfpga_lite/21.1/nios2eds/bin/gnu/h-x86_64-mingw32/bin/../lib/gcc/nios2-elf/10.3.1/../../../../../H-x86_64-mingw32/nios2-elf/lib/mno-hw-mul\libc.a(lib_a-findfp.o)
 .text.__fp_lock
                0x000000000000e8a8        0x8 c:/intelfpga_lite/21.1/nios2eds/bin/gnu/h-x86_64-mingw32/bin/../lib/gcc/nios2-elf/10.3.1/../../../../../H-x86_64-mingw32/nios2-elf/lib/mno-hw-mul\libc.a(lib_a-findfp.o)
 .text._cleanup_r
                0x000000000000e8b0        0xc c:/intelfpga_lite/21.1/nios2eds/bin/gnu/h-x86_64-mingw32/bin/../lib/gcc/nios2-elf/10.3.1/../../../../../H-x86_64-mingw32/nios2-elf/lib/mno-hw-mul\libc.a(lib_a-findfp.o)
                0x000000000000e8b0                _cleanup_r
 .text.__fp_unlock
                0x000000000000e8bc        0x8 c:/intelfpga_lite/21.1/nios2eds/bin/gnu/h-x86_64-mingw32/bin/../lib/gcc/nios2-elf/10.3.1/../../../../../H-x86_64-mingw32/nios2-elf/lib/mno-hw-mul\libc.a(lib_a-findfp.o)
 .text.__sinit.part.0
                0x000000000000e8c4      0x168 c:/intelfpga_lite/21.1/nios2eds/bin/gnu/h-x86_64-mingw32/bin/../lib/gcc/nios2-elf/10.3.1/../../../../../H-x86_64-mingw32/nios2-elf/lib/mno-hw-mul\libc.a(lib_a-findfp.o)
 .text.__sfmoreglue
                0x000000000000ea2c       0x78 c:/intelfpga_lite/21.1/nios2eds/bin/gnu/h-x86_64-mingw32/bin/../lib/gcc/nios2-elf/10.3.1/../../../../../H-x86_64-mingw32/nios2-elf/lib/mno-hw-mul\libc.a(lib_a-findfp.o)
                0x000000000000ea2c                __sfmoreglue
 .text.__sfp    0x000000000000eaa4      0x154 c:/intelfpga_lite/21.1/nios2eds/bin/gnu/h-x86_64-mingw32/bin/../lib/gcc/nios2-elf/10.3.1/../../../../../H-x86_64-mingw32/nios2-elf/lib/mno-hw-mul\libc.a(lib_a-findfp.o)
                0x000000000000eaa4                __sfp
 .text._cleanup
                0x000000000000ebf8       0x14 c:/intelfpga_lite/21.1/nios2eds/bin/gnu/h-x86_64-mingw32/bin/../lib/gcc/nios2-elf/10.3.1/../../../../../H-x86_64-mingw32/nios2-elf/lib/mno-hw-mul\libc.a(lib_a-findfp.o)
                0x000000000000ebf8                _cleanup
 .text.__sinit  0x000000000000ec0c       0x10 c:/intelfpga_lite/21.1/nios2eds/bin/gnu/h-x86_64-mingw32/bin/../lib/gcc/nios2-elf/10.3.1/../../../../../H-x86_64-mingw32/nios2-elf/lib/mno-hw-mul\libc.a(lib_a-findfp.o)
                0x000000000000ec0c                __sinit
 .text.__sfp_lock_acquire
                0x000000000000ec1c        0x4 c:/intelfpga_lite/21.1/nios2eds/bin/gnu/h-x86_64-mingw32/bin/../lib/gcc/nios2-elf/10.3.1/../../../../../H-x86_64-mingw32/nios2-elf/lib/mno-hw-mul\libc.a(lib_a-findfp.o)
                0x000000000000ec1c                __sfp_lock_acquire
 .text.__sfp_lock_release
                0x000000000000ec20        0x4 c:/intelfpga_lite/21.1/nios2eds/bin/gnu/h-x86_64-mingw32/bin/../lib/gcc/nios2-elf/10.3.1/../../../../../H-x86_64-mingw32/nios2-elf/lib/mno-hw-mul\libc.a(lib_a-findfp.o)
                0x000000000000ec20                __sfp_lock_release
 .text.__sinit_lock_acquire
                0x000000000000ec24        0x4 c:/intelfpga_lite/21.1/nios2eds/bin/gnu/h-x86_64-mingw32/bin/../lib/gcc/nios2-elf/10.3.1/../../../../../H-x86_64-mingw32/nios2-elf/lib/mno-hw-mul\libc.a(lib_a-findfp.o)
                0x000000000000ec24                __sinit_lock_acquire
 .text.__sinit_lock_release
                0x000000000000ec28        0x4 c:/intelfpga_lite/21.1/nios2eds/bin/gnu/h-x86_64-mingw32/bin/../lib/gcc/nios2-elf/10.3.1/../../../../../H-x86_64-mingw32/nios2-elf/lib/mno-hw-mul\libc.a(lib_a-findfp.o)
                0x000000000000ec28                __sinit_lock_release
 .text.__fp_lock_all
                0x000000000000ec2c       0x14 c:/intelfpga_lite/21.1/nios2eds/bin/gnu/h-x86_64-mingw32/bin/../lib/gcc/nios2-elf/10.3.1/../../../../../H-x86_64-mingw32/nios2-elf/lib/mno-hw-mul\libc.a(lib_a-findfp.o)
                0x000000000000ec2c                __fp_lock_all
 .text.__fp_unlock_all
                0x000000000000ec40       0x14 c:/intelfpga_lite/21.1/nios2eds/bin/gnu/h-x86_64-mingw32/bin/../lib/gcc/nios2-elf/10.3.1/../../../../../H-x86_64-mingw32/nios2-elf/lib/mno-hw-mul\libc.a(lib_a-findfp.o)
                0x000000000000ec40                __fp_unlock_all
 .text          0x000000000000ec54        0x0 c:/intelfpga_lite/21.1/nios2eds/bin/gnu/h-x86_64-mingw32/bin/../lib/gcc/nios2-elf/10.3.1/../../../../../H-x86_64-mingw32/nios2-elf/lib/mno-hw-mul\libc.a(lib_a-freer.o)
 .text._malloc_trim_r
                0x000000000000ec54      0x11c c:/intelfpga_lite/21.1/nios2eds/bin/gnu/h-x86_64-mingw32/bin/../lib/gcc/nios2-elf/10.3.1/../../../../../H-x86_64-mingw32/nios2-elf/lib/mno-hw-mul\libc.a(lib_a-freer.o)
                0x000000000000ec54                _malloc_trim_r
 .text._free_r  0x000000000000ed70      0x2fc c:/intelfpga_lite/21.1/nios2eds/bin/gnu/h-x86_64-mingw32/bin/../lib/gcc/nios2-elf/10.3.1/../../../../../H-x86_64-mingw32/nios2-elf/lib/mno-hw-mul\libc.a(lib_a-freer.o)
                0x000000000000ed70                _free_r
 .text          0x000000000000f06c        0x0 c:/intelfpga_lite/21.1/nios2eds/bin/gnu/h-x86_64-mingw32/bin/../lib/gcc/nios2-elf/10.3.1/../../../../../H-x86_64-mingw32/nios2-elf/lib/mno-hw-mul\libc.a(lib_a-fvwrite.o)
 .text.__sfvwrite_r
                0x000000000000f06c      0x494 c:/intelfpga_lite/21.1/nios2eds/bin/gnu/h-x86_64-mingw32/bin/../lib/gcc/nios2-elf/10.3.1/../../../../../H-x86_64-mingw32/nios2-elf/lib/mno-hw-mul\libc.a(lib_a-fvwrite.o)
                0x000000000000f06c                __sfvwrite_r
 .text          0x000000000000f500        0x0 c:/intelfpga_lite/21.1/nios2eds/bin/gnu/h-x86_64-mingw32/bin/../lib/gcc/nios2-elf/10.3.1/../../../../../H-x86_64-mingw32/nios2-elf/lib/mno-hw-mul\libc.a(lib_a-fwalk.o)
 .text._fwalk   0x000000000000f500       0x98 c:/intelfpga_lite/21.1/nios2eds/bin/gnu/h-x86_64-mingw32/bin/../lib/gcc/nios2-elf/10.3.1/../../../../../H-x86_64-mingw32/nios2-elf/lib/mno-hw-mul\libc.a(lib_a-fwalk.o)
                0x000000000000f500                _fwalk
 .text._fwalk_reent
                0x000000000000f598       0xa8 c:/intelfpga_lite/21.1/nios2eds/bin/gnu/h-x86_64-mingw32/bin/../lib/gcc/nios2-elf/10.3.1/../../../../../H-x86_64-mingw32/nios2-elf/lib/mno-hw-mul\libc.a(lib_a-fwalk.o)
                0x000000000000f598                _fwalk_reent
 .text          0x000000000000f640        0x0 c:/intelfpga_lite/21.1/nios2eds/bin/gnu/h-x86_64-mingw32/bin/../lib/gcc/nios2-elf/10.3.1/../../../../../H-x86_64-mingw32/nios2-elf/lib/mno-hw-mul\libc.a(lib_a-int_errno.o)
 .text          0x000000000000f640        0x0 c:/intelfpga_lite/21.1/nios2eds/bin/gnu/h-x86_64-mingw32/bin/../lib/gcc/nios2-elf/10.3.1/../../../../../H-x86_64-mingw32/nios2-elf/lib/mno-hw-mul\libc.a(lib_a-localeconv.o)
 .text.__localeconv_l
                0x000000000000f640        0x8 c:/intelfpga_lite/21.1/nios2eds/bin/gnu/h-x86_64-mingw32/bin/../lib/gcc/nios2-elf/10.3.1/../../../../../H-x86_64-mingw32/nios2-elf/lib/mno-hw-mul\libc.a(lib_a-localeconv.o)
                0x000000000000f640                __localeconv_l
 .text._localeconv_r
                0x000000000000f648        0xc c:/intelfpga_lite/21.1/nios2eds/bin/gnu/h-x86_64-mingw32/bin/../lib/gcc/nios2-elf/10.3.1/../../../../../H-x86_64-mingw32/nios2-elf/lib/mno-hw-mul\libc.a(lib_a-localeconv.o)
                0x000000000000f648                _localeconv_r
 .text.localeconv
                0x000000000000f654        0xc c:/intelfpga_lite/21.1/nios2eds/bin/gnu/h-x86_64-mingw32/bin/../lib/gcc/nios2-elf/10.3.1/../../../../../H-x86_64-mingw32/nios2-elf/lib/mno-hw-mul\libc.a(lib_a-localeconv.o)
                0x000000000000f654                localeconv
 .text          0x000000000000f660        0x0 c:/intelfpga_lite/21.1/nios2eds/bin/gnu/h-x86_64-mingw32/bin/../lib/gcc/nios2-elf/10.3.1/../../../../../H-x86_64-mingw32/nios2-elf/lib/mno-hw-mul\libc.a(lib_a-makebuf.o)
 .text.__smakebuf_r
                0x000000000000f660      0x1b0 c:/intelfpga_lite/21.1/nios2eds/bin/gnu/h-x86_64-mingw32/bin/../lib/gcc/nios2-elf/10.3.1/../../../../../H-x86_64-mingw32/nios2-elf/lib/mno-hw-mul\libc.a(lib_a-makebuf.o)
                0x000000000000f660                __smakebuf_r
 .text.__swhatbuf_r
                0x000000000000f810       0x98 c:/intelfpga_lite/21.1/nios2eds/bin/gnu/h-x86_64-mingw32/bin/../lib/gcc/nios2-elf/10.3.1/../../../../../H-x86_64-mingw32/nios2-elf/lib/mno-hw-mul\libc.a(lib_a-makebuf.o)
                0x000000000000f810                __swhatbuf_r
 .text          0x000000000000f8a8        0x0 c:/intelfpga_lite/21.1/nios2eds/bin/gnu/h-x86_64-mingw32/bin/../lib/gcc/nios2-elf/10.3.1/../../../../../H-x86_64-mingw32/nios2-elf/lib/mno-hw-mul\libc.a(lib_a-memchr.o)
 .text.memchr   0x000000000000f8a8       0xd0 c:/intelfpga_lite/21.1/nios2eds/bin/gnu/h-x86_64-mingw32/bin/../lib/gcc/nios2-elf/10.3.1/../../../../../H-x86_64-mingw32/nios2-elf/lib/mno-hw-mul\libc.a(lib_a-memchr.o)
                0x000000000000f8a8                memchr
 .text          0x000000000000f978        0x0 c:/intelfpga_lite/21.1/nios2eds/bin/gnu/h-x86_64-mingw32/bin/../lib/gcc/nios2-elf/10.3.1/../../../../../H-x86_64-mingw32/nios2-elf/lib/mno-hw-mul\libc.a(lib_a-memmove.o)
 .text.memmove  0x000000000000f978      0x12c c:/intelfpga_lite/21.1/nios2eds/bin/gnu/h-x86_64-mingw32/bin/../lib/gcc/nios2-elf/10.3.1/../../../../../H-x86_64-mingw32/nios2-elf/lib/mno-hw-mul\libc.a(lib_a-memmove.o)
                0x000000000000f978                memmove
 .text          0x000000000000faa4        0x0 c:/intelfpga_lite/21.1/nios2eds/bin/gnu/h-x86_64-mingw32/bin/../lib/gcc/nios2-elf/10.3.1/../../../../../H-x86_64-mingw32/nios2-elf/lib/mno-hw-mul\libc.a(lib_a-memset.o)
 .text.memset   0x000000000000faa4       0xf0 c:/intelfpga_lite/21.1/nios2eds/bin/gnu/h-x86_64-mingw32/bin/../lib/gcc/nios2-elf/10.3.1/../../../../../H-x86_64-mingw32/nios2-elf/lib/mno-hw-mul\libc.a(lib_a-memset.o)
                0x000000000000faa4                memset
 .text          0x000000000000fb94        0x0 c:/intelfpga_lite/21.1/nios2eds/bin/gnu/h-x86_64-mingw32/bin/../lib/gcc/nios2-elf/10.3.1/../../../../../H-x86_64-mingw32/nios2-elf/lib/mno-hw-mul\libc.a(lib_a-mprec.o)
 .text._Balloc  0x000000000000fb94       0xa4 c:/intelfpga_lite/21.1/nios2eds/bin/gnu/h-x86_64-mingw32/bin/../lib/gcc/nios2-elf/10.3.1/../../../../../H-x86_64-mingw32/nios2-elf/lib/mno-hw-mul\libc.a(lib_a-mprec.o)
                0x000000000000fb94                _Balloc
 .text._Bfree   0x000000000000fc38       0x24 c:/intelfpga_lite/21.1/nios2eds/bin/gnu/h-x86_64-mingw32/bin/../lib/gcc/nios2-elf/10.3.1/../../../../../H-x86_64-mingw32/nios2-elf/lib/mno-hw-mul\libc.a(lib_a-mprec.o)
                0x000000000000fc38                _Bfree
 .text.__multadd
                0x000000000000fc5c      0x15c c:/intelfpga_lite/21.1/nios2eds/bin/gnu/h-x86_64-mingw32/bin/../lib/gcc/nios2-elf/10.3.1/../../../../../H-x86_64-mingw32/nios2-elf/lib/mno-hw-mul\libc.a(lib_a-mprec.o)
                0x000000000000fc5c                __multadd
 .text.__s2b    0x000000000000fdb8      0x138 c:/intelfpga_lite/21.1/nios2eds/bin/gnu/h-x86_64-mingw32/bin/../lib/gcc/nios2-elf/10.3.1/../../../../../H-x86_64-mingw32/nios2-elf/lib/mno-hw-mul\libc.a(lib_a-mprec.o)
                0x000000000000fdb8                __s2b
 .text.__hi0bits
                0x000000000000fef0       0x64 c:/intelfpga_lite/21.1/nios2eds/bin/gnu/h-x86_64-mingw32/bin/../lib/gcc/nios2-elf/10.3.1/../../../../../H-x86_64-mingw32/nios2-elf/lib/mno-hw-mul\libc.a(lib_a-mprec.o)
                0x000000000000fef0                __hi0bits
 .text.__lo0bits
                0x000000000000ff54       0xb0 c:/intelfpga_lite/21.1/nios2eds/bin/gnu/h-x86_64-mingw32/bin/../lib/gcc/nios2-elf/10.3.1/../../../../../H-x86_64-mingw32/nios2-elf/lib/mno-hw-mul\libc.a(lib_a-mprec.o)
                0x000000000000ff54                __lo0bits
 .text.__i2b    0x0000000000010004       0xb0 c:/intelfpga_lite/21.1/nios2eds/bin/gnu/h-x86_64-mingw32/bin/../lib/gcc/nios2-elf/10.3.1/../../../../../H-x86_64-mingw32/nios2-elf/lib/mno-hw-mul\libc.a(lib_a-mprec.o)
                0x0000000000010004                __i2b
 .text.__multiply
                0x00000000000100b4      0x2c4 c:/intelfpga_lite/21.1/nios2eds/bin/gnu/h-x86_64-mingw32/bin/../lib/gcc/nios2-elf/10.3.1/../../../../../H-x86_64-mingw32/nios2-elf/lib/mno-hw-mul\libc.a(lib_a-mprec.o)
                0x00000000000100b4                __multiply
 .text.__pow5mult
                0x0000000000010378      0x148 c:/intelfpga_lite/21.1/nios2eds/bin/gnu/h-x86_64-mingw32/bin/../lib/gcc/nios2-elf/10.3.1/../../../../../H-x86_64-mingw32/nios2-elf/lib/mno-hw-mul\libc.a(lib_a-mprec.o)
                0x0000000000010378                __pow5mult
 .text.__lshift
                0x00000000000104c0      0x188 c:/intelfpga_lite/21.1/nios2eds/bin/gnu/h-x86_64-mingw32/bin/../lib/gcc/nios2-elf/10.3.1/../../../../../H-x86_64-mingw32/nios2-elf/lib/mno-hw-mul\libc.a(lib_a-mprec.o)
                0x00000000000104c0                __lshift
 .text.__mcmp   0x0000000000010648       0x58 c:/intelfpga_lite/21.1/nios2eds/bin/gnu/h-x86_64-mingw32/bin/../lib/gcc/nios2-elf/10.3.1/../../../../../H-x86_64-mingw32/nios2-elf/lib/mno-hw-mul\libc.a(lib_a-mprec.o)
                0x0000000000010648                __mcmp
 .text.__mdiff  0x00000000000106a0      0x22c c:/intelfpga_lite/21.1/nios2eds/bin/gnu/h-x86_64-mingw32/bin/../lib/gcc/nios2-elf/10.3.1/../../../../../H-x86_64-mingw32/nios2-elf/lib/mno-hw-mul\libc.a(lib_a-mprec.o)
                0x00000000000106a0                __mdiff
 .text.__ulp    0x00000000000108cc       0x5c c:/intelfpga_lite/21.1/nios2eds/bin/gnu/h-x86_64-mingw32/bin/../lib/gcc/nios2-elf/10.3.1/../../../../../H-x86_64-mingw32/nios2-elf/lib/mno-hw-mul\libc.a(lib_a-mprec.o)
                0x00000000000108cc                __ulp
 .text.__b2d    0x0000000000010928      0x108 c:/intelfpga_lite/21.1/nios2eds/bin/gnu/h-x86_64-mingw32/bin/../lib/gcc/nios2-elf/10.3.1/../../../../../H-x86_64-mingw32/nios2-elf/lib/mno-hw-mul\libc.a(lib_a-mprec.o)
                0x0000000000010928                __b2d
 .text.__d2b    0x0000000000010a30      0x164 c:/intelfpga_lite/21.1/nios2eds/bin/gnu/h-x86_64-mingw32/bin/../lib/gcc/nios2-elf/10.3.1/../../../../../H-x86_64-mingw32/nios2-elf/lib/mno-hw-mul\libc.a(lib_a-mprec.o)
                0x0000000000010a30                __d2b
 .text.__ratio  0x0000000000010b94       0xa4 c:/intelfpga_lite/21.1/nios2eds/bin/gnu/h-x86_64-mingw32/bin/../lib/gcc/nios2-elf/10.3.1/../../../../../H-x86_64-mingw32/nios2-elf/lib/mno-hw-mul\libc.a(lib_a-mprec.o)
                0x0000000000010b94                __ratio
 .text._mprec_log10
                0x0000000000010c38       0x70 c:/intelfpga_lite/21.1/nios2eds/bin/gnu/h-x86_64-mingw32/bin/../lib/gcc/nios2-elf/10.3.1/../../../../../H-x86_64-mingw32/nios2-elf/lib/mno-hw-mul\libc.a(lib_a-mprec.o)
                0x0000000000010c38                _mprec_log10
 .text.__copybits
                0x0000000000010ca8       0x7c c:/intelfpga_lite/21.1/nios2eds/bin/gnu/h-x86_64-mingw32/bin/../lib/gcc/nios2-elf/10.3.1/../../../../../H-x86_64-mingw32/nios2-elf/lib/mno-hw-mul\libc.a(lib_a-mprec.o)
                0x0000000000010ca8                __copybits
 .text.__any_on
                0x0000000000010d24       0x60 c:/intelfpga_lite/21.1/nios2eds/bin/gnu/h-x86_64-mingw32/bin/../lib/gcc/nios2-elf/10.3.1/../../../../../H-x86_64-mingw32/nios2-elf/lib/mno-hw-mul\libc.a(lib_a-mprec.o)
                0x0000000000010d24                __any_on
 .text          0x0000000000010d84        0x0 c:/intelfpga_lite/21.1/nios2eds/bin/gnu/h-x86_64-mingw32/bin/../lib/gcc/nios2-elf/10.3.1/../../../../../H-x86_64-mingw32/nios2-elf/lib/mno-hw-mul\libc.a(lib_a-putc.o)
 .text._putc_r  0x0000000000010d84       0xcc c:/intelfpga_lite/21.1/nios2eds/bin/gnu/h-x86_64-mingw32/bin/../lib/gcc/nios2-elf/10.3.1/../../../../../H-x86_64-mingw32/nios2-elf/lib/mno-hw-mul\libc.a(lib_a-putc.o)
                0x0000000000010d84                _putc_r
 .text.putc     0x0000000000010e50       0xe0 c:/intelfpga_lite/21.1/nios2eds/bin/gnu/h-x86_64-mingw32/bin/../lib/gcc/nios2-elf/10.3.1/../../../../../H-x86_64-mingw32/nios2-elf/lib/mno-hw-mul\libc.a(lib_a-putc.o)
                0x0000000000010e50                putc
 .text          0x0000000000010f30        0x0 c:/intelfpga_lite/21.1/nios2eds/bin/gnu/h-x86_64-mingw32/bin/../lib/gcc/nios2-elf/10.3.1/../../../../../H-x86_64-mingw32/nios2-elf/lib/mno-hw-mul\libc.a(lib_a-reallocr.o)
 .text._realloc_r
                0x0000000000010f30      0x53c c:/intelfpga_lite/21.1/nios2eds/bin/gnu/h-x86_64-mingw32/bin/../lib/gcc/nios2-elf/10.3.1/../../../../../H-x86_64-mingw32/nios2-elf/lib/mno-hw-mul\libc.a(lib_a-reallocr.o)
                0x0000000000010f30                _realloc_r
 .text          0x000000000001146c        0x0 c:/intelfpga_lite/21.1/nios2eds/bin/gnu/h-x86_64-mingw32/bin/../lib/gcc/nios2-elf/10.3.1/../../../../../H-x86_64-mingw32/nios2-elf/lib/mno-hw-mul\libc.a(lib_a-stdio.o)
 .text.__sread  0x000000000001146c       0x54 c:/intelfpga_lite/21.1/nios2eds/bin/gnu/h-x86_64-mingw32/bin/../lib/gcc/nios2-elf/10.3.1/../../../../../H-x86_64-mingw32/nios2-elf/lib/mno-hw-mul\libc.a(lib_a-stdio.o)
                0x000000000001146c                __sread
 .text.__seofread
                0x00000000000114c0        0x8 c:/intelfpga_lite/21.1/nios2eds/bin/gnu/h-x86_64-mingw32/bin/../lib/gcc/nios2-elf/10.3.1/../../../../../H-x86_64-mingw32/nios2-elf/lib/mno-hw-mul\libc.a(lib_a-stdio.o)
                0x00000000000114c0                __seofread
 .text.__swrite
                0x00000000000114c8       0x80 c:/intelfpga_lite/21.1/nios2eds/bin/gnu/h-x86_64-mingw32/bin/../lib/gcc/nios2-elf/10.3.1/../../../../../H-x86_64-mingw32/nios2-elf/lib/mno-hw-mul\libc.a(lib_a-stdio.o)
                0x00000000000114c8                __swrite
 .text.__sseek  0x0000000000011548       0x5c c:/intelfpga_lite/21.1/nios2eds/bin/gnu/h-x86_64-mingw32/bin/../lib/gcc/nios2-elf/10.3.1/../../../../../H-x86_64-mingw32/nios2-elf/lib/mno-hw-mul\libc.a(lib_a-stdio.o)
                0x0000000000011548                __sseek
 .text.__sclose
                0x00000000000115a4        0x8 c:/intelfpga_lite/21.1/nios2eds/bin/gnu/h-x86_64-mingw32/bin/../lib/gcc/nios2-elf/10.3.1/../../../../../H-x86_64-mingw32/nios2-elf/lib/mno-hw-mul\libc.a(lib_a-stdio.o)
                0x00000000000115a4                __sclose
 .text          0x00000000000115ac        0x0 c:/intelfpga_lite/21.1/nios2eds/bin/gnu/h-x86_64-mingw32/bin/../lib/gcc/nios2-elf/10.3.1/../../../../../H-x86_64-mingw32/nios2-elf/lib/mno-hw-mul\libc.a(lib_a-vfiprintf.o)
 .text.__sprint_r.part.0
                0x00000000000115ac       0xf4 c:/intelfpga_lite/21.1/nios2eds/bin/gnu/h-x86_64-mingw32/bin/../lib/gcc/nios2-elf/10.3.1/../../../../../H-x86_64-mingw32/nios2-elf/lib/mno-hw-mul\libc.a(lib_a-vfiprintf.o)
 .text.__sprint_r
                0x00000000000116a0       0x18 c:/intelfpga_lite/21.1/nios2eds/bin/gnu/h-x86_64-mingw32/bin/../lib/gcc/nios2-elf/10.3.1/../../../../../H-x86_64-mingw32/nios2-elf/lib/mno-hw-mul\libc.a(lib_a-vfiprintf.o)
                0x00000000000116a0                __sprint_r
 .text.___vfiprintf_internal_r
                0x00000000000116b8     0x1260 c:/intelfpga_lite/21.1/nios2eds/bin/gnu/h-x86_64-mingw32/bin/../lib/gcc/nios2-elf/10.3.1/../../../../../H-x86_64-mingw32/nios2-elf/lib/mno-hw-mul\libc.a(lib_a-vfiprintf.o)
                0x00000000000116b8                ___vfiprintf_internal_r
 .text.__vfiprintf_internal
                0x0000000000012918       0x1c c:/intelfpga_lite/21.1/nios2eds/bin/gnu/h-x86_64-mingw32/bin/../lib/gcc/nios2-elf/10.3.1/../../../../../H-x86_64-mingw32/nios2-elf/lib/mno-hw-mul\libc.a(lib_a-vfiprintf.o)
                0x0000000000012918                __vfiprintf_internal
 .text.__sbprintf
                0x0000000000012934       0xc0 c:/intelfpga_lite/21.1/nios2eds/bin/gnu/h-x86_64-mingw32/bin/../lib/gcc/nios2-elf/10.3.1/../../../../../H-x86_64-mingw32/nios2-elf/lib/mno-hw-mul\libc.a(lib_a-vfiprintf.o)
 .text          0x00000000000129f4        0x0 c:/intelfpga_lite/21.1/nios2eds/bin/gnu/h-x86_64-mingw32/bin/../lib/gcc/nios2-elf/10.3.1/../../../../../H-x86_64-mingw32/nios2-elf/lib/mno-hw-mul\libc.a(lib_a-wbuf.o)
 .text.__swbuf_r
                0x00000000000129f4      0x148 c:/intelfpga_lite/21.1/nios2eds/bin/gnu/h-x86_64-mingw32/bin/../lib/gcc/nios2-elf/10.3.1/../../../../../H-x86_64-mingw32/nios2-elf/lib/mno-hw-mul\libc.a(lib_a-wbuf.o)
                0x00000000000129f4                __swbuf_r
 .text.__swbuf  0x0000000000012b3c       0x18 c:/intelfpga_lite/21.1/nios2eds/bin/gnu/h-x86_64-mingw32/bin/../lib/gcc/nios2-elf/10.3.1/../../../../../H-x86_64-mingw32/nios2-elf/lib/mno-hw-mul\libc.a(lib_a-wbuf.o)
                0x0000000000012b3c                __swbuf
 .text          0x0000000000012b54        0x0 c:/intelfpga_lite/21.1/nios2eds/bin/gnu/h-x86_64-mingw32/bin/../lib/gcc/nios2-elf/10.3.1/../../../../../H-x86_64-mingw32/nios2-elf/lib/mno-hw-mul\libc.a(lib_a-writer.o)
 .text._write_r
                0x0000000000012b54       0x64 c:/intelfpga_lite/21.1/nios2eds/bin/gnu/h-x86_64-mingw32/bin/../lib/gcc/nios2-elf/10.3.1/../../../../../H-x86_64-mingw32/nios2-elf/lib/mno-hw-mul\libc.a(lib_a-writer.o)
                0x0000000000012b54                _write_r
 .text          0x0000000000012bb8        0x0 c:/intelfpga_lite/21.1/nios2eds/bin/gnu/h-x86_64-mingw32/bin/../lib/gcc/nios2-elf/10.3.1/../../../../../H-x86_64-mingw32/nios2-elf/lib/mno-hw-mul\libc.a(closer.o)
 .text._close_r
                0x0000000000012bb8       0x58 c:/intelfpga_lite/21.1/nios2eds/bin/gnu/h-x86_64-mingw32/bin/../lib/gcc/nios2-elf/10.3.1/../../../../../H-x86_64-mingw32/nios2-elf/lib/mno-hw-mul\libc.a(closer.o)
                0x0000000000012bb8                _close_r
 .text          0x0000000000012c10        0x0 c:/intelfpga_lite/21.1/nios2eds/bin/gnu/h-x86_64-mingw32/bin/../lib/gcc/nios2-elf/10.3.1/../../../../../H-x86_64-mingw32/nios2-elf/lib/mno-hw-mul\libc.a(lib_a-assert.o)
 .text.__assert_func
                0x0000000000012c10       0x64 c:/intelfpga_lite/21.1/nios2eds/bin/gnu/h-x86_64-mingw32/bin/../lib/gcc/nios2-elf/10.3.1/../../../../../H-x86_64-mingw32/nios2-elf/lib/mno-hw-mul\libc.a(lib_a-assert.o)
                0x0000000000012c10                __assert_func
 .text.__assert
                0x0000000000012c74       0x14 c:/intelfpga_lite/21.1/nios2eds/bin/gnu/h-x86_64-mingw32/bin/../lib/gcc/nios2-elf/10.3.1/../../../../../H-x86_64-mingw32/nios2-elf/lib/mno-hw-mul\libc.a(lib_a-assert.o)
                0x0000000000012c74                __assert
 .text          0x0000000000012c88        0x0 c:/intelfpga_lite/21.1/nios2eds/bin/gnu/h-x86_64-mingw32/bin/../lib/gcc/nios2-elf/10.3.1/../../../../../H-x86_64-mingw32/nios2-elf/lib/mno-hw-mul\libc.a(lib_a-callocr.o)
 .text._calloc_r
                0x0000000000012c88      0x154 c:/intelfpga_lite/21.1/nios2eds/bin/gnu/h-x86_64-mingw32/bin/../lib/gcc/nios2-elf/10.3.1/../../../../../H-x86_64-mingw32/nios2-elf/lib/mno-hw-mul\libc.a(lib_a-callocr.o)
                0x0000000000012c88                _calloc_r
 .text          0x0000000000012ddc        0x0 c:/intelfpga_lite/21.1/nios2eds/bin/gnu/h-x86_64-mingw32/bin/../lib/gcc/nios2-elf/10.3.1/../../../../../H-x86_64-mingw32/nios2-elf/lib/mno-hw-mul\libc.a(lib_a-fclose.o)
 .text._fclose_r.part.0
                0x0000000000012ddc       0xc0 c:/intelfpga_lite/21.1/nios2eds/bin/gnu/h-x86_64-mingw32/bin/../lib/gcc/nios2-elf/10.3.1/../../../../../H-x86_64-mingw32/nios2-elf/lib/mno-hw-mul\libc.a(lib_a-fclose.o)
 .text._fclose_r
                0x0000000000012e9c       0x70 c:/intelfpga_lite/21.1/nios2eds/bin/gnu/h-x86_64-mingw32/bin/../lib/gcc/nios2-elf/10.3.1/../../../../../H-x86_64-mingw32/nios2-elf/lib/mno-hw-mul\libc.a(lib_a-fclose.o)
                0x0000000000012e9c                _fclose_r
 .text.fclose   0x0000000000012f0c       0x70 c:/intelfpga_lite/21.1/nios2eds/bin/gnu/h-x86_64-mingw32/bin/../lib/gcc/nios2-elf/10.3.1/../../../../../H-x86_64-mingw32/nios2-elf/lib/mno-hw-mul\libc.a(lib_a-fclose.o)
                0x0000000000012f0c                fclose
 .text          0x0000000000012f7c        0x0 c:/intelfpga_lite/21.1/nios2eds/bin/gnu/h-x86_64-mingw32/bin/../lib/gcc/nios2-elf/10.3.1/../../../../../H-x86_64-mingw32/nios2-elf/lib/mno-hw-mul\libc.a(lib_a-fiprintf.o)
 .text._fiprintf_r
                0x0000000000012f7c       0x20 c:/intelfpga_lite/21.1/nios2eds/bin/gnu/h-x86_64-mingw32/bin/../lib/gcc/nios2-elf/10.3.1/../../../../../H-x86_64-mingw32/nios2-elf/lib/mno-hw-mul\libc.a(lib_a-fiprintf.o)
                0x0000000000012f7c                _fiprintf_r
 .text.fiprintf
                0x0000000000012f9c       0x38 c:/intelfpga_lite/21.1/nios2eds/bin/gnu/h-x86_64-mingw32/bin/../lib/gcc/nios2-elf/10.3.1/../../../../../H-x86_64-mingw32/nios2-elf/lib/mno-hw-mul\libc.a(lib_a-fiprintf.o)
                0x0000000000012f9c                fiprintf
 .text          0x0000000000012fd4        0x0 c:/intelfpga_lite/21.1/nios2eds/bin/gnu/h-x86_64-mingw32/bin/../lib/gcc/nios2-elf/10.3.1/../../../../../H-x86_64-mingw32/nios2-elf/lib/mno-hw-mul\libc.a(lib_a-fputwc.o)
 .text.__fputwc
                0x0000000000012fd4      0x164 c:/intelfpga_lite/21.1/nios2eds/bin/gnu/h-x86_64-mingw32/bin/../lib/gcc/nios2-elf/10.3.1/../../../../../H-x86_64-mingw32/nios2-elf/lib/mno-hw-mul\libc.a(lib_a-fputwc.o)
                0x0000000000012fd4                __fputwc
 .text._fputwc_r
                0x0000000000013138       0x24 c:/intelfpga_lite/21.1/nios2eds/bin/gnu/h-x86_64-mingw32/bin/../lib/gcc/nios2-elf/10.3.1/../../../../../H-x86_64-mingw32/nios2-elf/lib/mno-hw-mul\libc.a(lib_a-fputwc.o)
                0x0000000000013138                _fputwc_r
 .text.fputwc   0x000000000001315c       0x78 c:/intelfpga_lite/21.1/nios2eds/bin/gnu/h-x86_64-mingw32/bin/../lib/gcc/nios2-elf/10.3.1/../../../../../H-x86_64-mingw32/nios2-elf/lib/mno-hw-mul\libc.a(lib_a-fputwc.o)
                0x000000000001315c                fputwc
 .text          0x00000000000131d4        0x0 c:/intelfpga_lite/21.1/nios2eds/bin/gnu/h-x86_64-mingw32/bin/../lib/gcc/nios2-elf/10.3.1/../../../../../H-x86_64-mingw32/nios2-elf/lib/mno-hw-mul\libc.a(lib_a-fstatr.o)
 .text._fstat_r
                0x00000000000131d4       0x60 c:/intelfpga_lite/21.1/nios2eds/bin/gnu/h-x86_64-mingw32/bin/../lib/gcc/nios2-elf/10.3.1/../../../../../H-x86_64-mingw32/nios2-elf/lib/mno-hw-mul\libc.a(lib_a-fstatr.o)
                0x00000000000131d4                _fstat_r
 .text          0x0000000000013234        0x0 c:/intelfpga_lite/21.1/nios2eds/bin/gnu/h-x86_64-mingw32/bin/../lib/gcc/nios2-elf/10.3.1/../../../../../H-x86_64-mingw32/nios2-elf/lib/mno-hw-mul\libc.a(lib_a-isattyr.o)
 .text._isatty_r
                0x0000000000013234       0x58 c:/intelfpga_lite/21.1/nios2eds/bin/gnu/h-x86_64-mingw32/bin/../lib/gcc/nios2-elf/10.3.1/../../../../../H-x86_64-mingw32/nios2-elf/lib/mno-hw-mul\libc.a(lib_a-isattyr.o)
                0x0000000000013234                _isatty_r
 .text          0x000000000001328c        0x0 c:/intelfpga_lite/21.1/nios2eds/bin/gnu/h-x86_64-mingw32/bin/../lib/gcc/nios2-elf/10.3.1/../../../../../H-x86_64-mingw32/nios2-elf/lib/mno-hw-mul\libc.a(lib_a-locale.o)
 .text._setlocale_r
                0x000000000001328c       0x74 c:/intelfpga_lite/21.1/nios2eds/bin/gnu/h-x86_64-mingw32/bin/../lib/gcc/nios2-elf/10.3.1/../../../../../H-x86_64-mingw32/nios2-elf/lib/mno-hw-mul\libc.a(lib_a-locale.o)
                0x000000000001328c                _setlocale_r
 .text.__locale_mb_cur_max
                0x0000000000013300        0xc c:/intelfpga_lite/21.1/nios2eds/bin/gnu/h-x86_64-mingw32/bin/../lib/gcc/nios2-elf/10.3.1/../../../../../H-x86_64-mingw32/nios2-elf/lib/mno-hw-mul\libc.a(lib_a-locale.o)
                0x0000000000013300                __locale_mb_cur_max
 .text.setlocale
                0x000000000001330c       0x74 c:/intelfpga_lite/21.1/nios2eds/bin/gnu/h-x86_64-mingw32/bin/../lib/gcc/nios2-elf/10.3.1/../../../../../H-x86_64-mingw32/nios2-elf/lib/mno-hw-mul\libc.a(lib_a-locale.o)
                0x000000000001330c                setlocale
 .text          0x0000000000013380        0x0 c:/intelfpga_lite/21.1/nios2eds/bin/gnu/h-x86_64-mingw32/bin/../lib/gcc/nios2-elf/10.3.1/../../../../../H-x86_64-mingw32/nios2-elf/lib/mno-hw-mul\libc.a(lib_a-lseekr.o)
 .text._lseek_r
                0x0000000000013380       0x64 c:/intelfpga_lite/21.1/nios2eds/bin/gnu/h-x86_64-mingw32/bin/../lib/gcc/nios2-elf/10.3.1/../../../../../H-x86_64-mingw32/nios2-elf/lib/mno-hw-mul\libc.a(lib_a-lseekr.o)
                0x0000000000013380                _lseek_r
 .text          0x00000000000133e4        0x0 c:/intelfpga_lite/21.1/nios2eds/bin/gnu/h-x86_64-mingw32/bin/../lib/gcc/nios2-elf/10.3.1/../../../../../H-x86_64-mingw32/nios2-elf/lib/mno-hw-mul\libc.a(lib_a-mbtowc_r.o)
 .text._mbtowc_r
                0x00000000000133e4        0xc c:/intelfpga_lite/21.1/nios2eds/bin/gnu/h-x86_64-mingw32/bin/../lib/gcc/nios2-elf/10.3.1/../../../../../H-x86_64-mingw32/nios2-elf/lib/mno-hw-mul\libc.a(lib_a-mbtowc_r.o)
                0x00000000000133e4                _mbtowc_r
 .text.__ascii_mbtowc
                0x00000000000133f0       0x44 c:/intelfpga_lite/21.1/nios2eds/bin/gnu/h-x86_64-mingw32/bin/../lib/gcc/nios2-elf/10.3.1/../../../../../H-x86_64-mingw32/nios2-elf/lib/mno-hw-mul\libc.a(lib_a-mbtowc_r.o)
                0x00000000000133f0                __ascii_mbtowc
 .text          0x0000000000013434        0x0 c:/intelfpga_lite/21.1/nios2eds/bin/gnu/h-x86_64-mingw32/bin/../lib/gcc/nios2-elf/10.3.1/../../../../../H-x86_64-mingw32/nios2-elf/lib/mno-hw-mul\libc.a(lib_a-readr.o)
 .text._read_r  0x0000000000013434       0x64 c:/intelfpga_lite/21.1/nios2eds/bin/gnu/h-x86_64-mingw32/bin/../lib/gcc/nios2-elf/10.3.1/../../../../../H-x86_64-mingw32/nios2-elf/lib/mno-hw-mul\libc.a(lib_a-readr.o)
                0x0000000000013434                _read_r
 .text          0x0000000000013498        0x0 c:/intelfpga_lite/21.1/nios2eds/bin/gnu/h-x86_64-mingw32/bin/../lib/gcc/nios2-elf/10.3.1/../../../../../H-x86_64-mingw32/nios2-elf/lib/mno-hw-mul\libc.a(lib_a-strcmp.o)
 .text.strcmp   0x0000000000013498       0xb8 c:/intelfpga_lite/21.1/nios2eds/bin/gnu/h-x86_64-mingw32/bin/../lib/gcc/nios2-elf/10.3.1/../../../../../H-x86_64-mingw32/nios2-elf/lib/mno-hw-mul\libc.a(lib_a-strcmp.o)
                0x0000000000013498                strcmp
 .text          0x0000000000013550        0x0 c:/intelfpga_lite/21.1/nios2eds/bin/gnu/h-x86_64-mingw32/bin/../lib/gcc/nios2-elf/10.3.1/../../../../../H-x86_64-mingw32/nios2-elf/lib/mno-hw-mul\libc.a(lib_a-vfiprintfr_1.o)
 .text._vfiprintf_r
                0x0000000000013550        0x4 c:/intelfpga_lite/21.1/nios2eds/bin/gnu/h-x86_64-mingw32/bin/../lib/gcc/nios2-elf/10.3.1/../../../../../H-x86_64-mingw32/nios2-elf/lib/mno-hw-mul\libc.a(lib_a-vfiprintfr_1.o)
                0x0000000000013550                _vfiprintf_r
 .text          0x0000000000013554        0x0 c:/intelfpga_lite/21.1/nios2eds/bin/gnu/h-x86_64-mingw32/bin/../lib/gcc/nios2-elf/10.3.1/../../../../../H-x86_64-mingw32/nios2-elf/lib/mno-hw-mul\libc.a(lib_a-wcrtomb.o)
 .text._wcrtomb_r
                0x0000000000013554       0x6c c:/intelfpga_lite/21.1/nios2eds/bin/gnu/h-x86_64-mingw32/bin/../lib/gcc/nios2-elf/10.3.1/../../../../../H-x86_64-mingw32/nios2-elf/lib/mno-hw-mul\libc.a(lib_a-wcrtomb.o)
                0x0000000000013554                _wcrtomb_r
 .text.wcrtomb  0x00000000000135c0       0x88 c:/intelfpga_lite/21.1/nios2eds/bin/gnu/h-x86_64-mingw32/bin/../lib/gcc/nios2-elf/10.3.1/../../../../../H-x86_64-mingw32/nios2-elf/lib/mno-hw-mul\libc.a(lib_a-wcrtomb.o)
                0x00000000000135c0                wcrtomb
 .text          0x0000000000013648        0x0 c:/intelfpga_lite/21.1/nios2eds/bin/gnu/h-x86_64-mingw32/bin/../lib/gcc/nios2-elf/10.3.1/../../../../../H-x86_64-mingw32/nios2-elf/lib/mno-hw-mul\libc.a(lib_a-wctomb_r.o)
 .text._wctomb_r
                0x0000000000013648        0xc c:/intelfpga_lite/21.1/nios2eds/bin/gnu/h-x86_64-mingw32/bin/../lib/gcc/nios2-elf/10.3.1/../../../../../H-x86_64-mingw32/nios2-elf/lib/mno-hw-mul\libc.a(lib_a-wctomb_r.o)
                0x0000000000013648                _wctomb_r
 .text.__ascii_wctomb
                0x0000000000013654       0x30 c:/intelfpga_lite/21.1/nios2eds/bin/gnu/h-x86_64-mingw32/bin/../lib/gcc/nios2-elf/10.3.1/../../../../../H-x86_64-mingw32/nios2-elf/lib/mno-hw-mul\libc.a(lib_a-wctomb_r.o)
                0x0000000000013654                __ascii_wctomb
 .text          0x0000000000013684        0x0 c:/intelfpga_lite/21.1/nios2eds/bin/gnu/h-x86_64-mingw32/bin/../lib/gcc/nios2-elf/10.3.1/../../../../../H-x86_64-mingw32/nios2-elf/lib/mno-hw-mul\libc.a(lib_a-abort.o)
 .text.unlikely.abort
                0x0000000000013684       0x18 c:/intelfpga_lite/21.1/nios2eds/bin/gnu/h-x86_64-mingw32/bin/../lib/gcc/nios2-elf/10.3.1/../../../../../H-x86_64-mingw32/nios2-elf/lib/mno-hw-mul\libc.a(lib_a-abort.o)
                0x0000000000013684                abort
 .text          0x000000000001369c        0x0 c:/intelfpga_lite/21.1/nios2eds/bin/gnu/h-x86_64-mingw32/bin/../lib/gcc/nios2-elf/10.3.1/../../../../../H-x86_64-mingw32/nios2-elf/lib/mno-hw-mul\libc.a(lib_a-ctype_.o)
 .text          0x000000000001369c        0x0 c:/intelfpga_lite/21.1/nios2eds/bin/gnu/h-x86_64-mingw32/bin/../lib/gcc/nios2-elf/10.3.1/../../../../../H-x86_64-mingw32/nios2-elf/lib/mno-hw-mul\libc.a(lib_a-signal.o)
 .text._init_signal_r
                0x000000000001369c       0x5c c:/intelfpga_lite/21.1/nios2eds/bin/gnu/h-x86_64-mingw32/bin/../lib/gcc/nios2-elf/10.3.1/../../../../../H-x86_64-mingw32/nios2-elf/lib/mno-hw-mul\libc.a(lib_a-signal.o)
                0x000000000001369c                _init_signal_r
 .text._signal_r
                0x00000000000136f8       0x98 c:/intelfpga_lite/21.1/nios2eds/bin/gnu/h-x86_64-mingw32/bin/../lib/gcc/nios2-elf/10.3.1/../../../../../H-x86_64-mingw32/nios2-elf/lib/mno-hw-mul\libc.a(lib_a-signal.o)
                0x00000000000136f8                _signal_r
 .text._raise_r
                0x0000000000013790       0xc4 c:/intelfpga_lite/21.1/nios2eds/bin/gnu/h-x86_64-mingw32/bin/../lib/gcc/nios2-elf/10.3.1/../../../../../H-x86_64-mingw32/nios2-elf/lib/mno-hw-mul\libc.a(lib_a-signal.o)
                0x0000000000013790                _raise_r
 .text.__sigtramp_r
                0x0000000000013854       0xbc c:/intelfpga_lite/21.1/nios2eds/bin/gnu/h-x86_64-mingw32/bin/../lib/gcc/nios2-elf/10.3.1/../../../../../H-x86_64-mingw32/nios2-elf/lib/mno-hw-mul\libc.a(lib_a-signal.o)
                0x0000000000013854                __sigtramp_r
 .text.raise    0x0000000000013910       0xbc c:/intelfpga_lite/21.1/nios2eds/bin/gnu/h-x86_64-mingw32/bin/../lib/gcc/nios2-elf/10.3.1/../../../../../H-x86_64-mingw32/nios2-elf/lib/mno-hw-mul\libc.a(lib_a-signal.o)
                0x0000000000013910                raise
 .text.signal   0x00000000000139cc       0xa0 c:/intelfpga_lite/21.1/nios2eds/bin/gnu/h-x86_64-mingw32/bin/../lib/gcc/nios2-elf/10.3.1/../../../../../H-x86_64-mingw32/nios2-elf/lib/mno-hw-mul\libc.a(lib_a-signal.o)
                0x00000000000139cc                signal
 .text._init_signal
                0x0000000000013a6c       0x60 c:/intelfpga_lite/21.1/nios2eds/bin/gnu/h-x86_64-mingw32/bin/../lib/gcc/nios2-elf/10.3.1/../../../../../H-x86_64-mingw32/nios2-elf/lib/mno-hw-mul\libc.a(lib_a-signal.o)
                0x0000000000013a6c                _init_signal
 .text.__sigtramp
                0x0000000000013acc       0xbc c:/intelfpga_lite/21.1/nios2eds/bin/gnu/h-x86_64-mingw32/bin/../lib/gcc/nios2-elf/10.3.1/../../../../../H-x86_64-mingw32/nios2-elf/lib/mno-hw-mul\libc.a(lib_a-signal.o)
                0x0000000000013acc                __sigtramp
 .text          0x0000000000013b88        0x0 c:/intelfpga_lite/21.1/nios2eds/bin/gnu/h-x86_64-mingw32/bin/../lib/gcc/nios2-elf/10.3.1/../../../../../H-x86_64-mingw32/nios2-elf/lib/mno-hw-mul\libc.a(lib_a-signalr.o)
 .text._kill_r  0x0000000000013b88       0x60 c:/intelfpga_lite/21.1/nios2eds/bin/gnu/h-x86_64-mingw32/bin/../lib/gcc/nios2-elf/10.3.1/../../../../../H-x86_64-mingw32/nios2-elf/lib/mno-hw-mul\libc.a(lib_a-signalr.o)
                0x0000000000013b88                _kill_r
 .text._getpid_r
                0x0000000000013be8        0x4 c:/intelfpga_lite/21.1/nios2eds/bin/gnu/h-x86_64-mingw32/bin/../lib/gcc/nios2-elf/10.3.1/../../../../../H-x86_64-mingw32/nios2-elf/lib/mno-hw-mul\libc.a(lib_a-signalr.o)
                0x0000000000013be8                _getpid_r
 .text          0x0000000000013bec      0x620 c:/intelfpga_lite/21.1/nios2eds/bin/gnu/h-x86_64-mingw32/bin/../lib/gcc/nios2-elf/10.3.1/mno-hw-mul\libgcc.a(_udivdi3.o)
                0x0000000000013bec                __udivdi3
 .text          0x000000000001420c      0x5c4 c:/intelfpga_lite/21.1/nios2eds/bin/gnu/h-x86_64-mingw32/bin/../lib/gcc/nios2-elf/10.3.1/mno-hw-mul\libgcc.a(_umoddi3.o)
                0x000000000001420c                __umoddi3
 .text          0x00000000000147d0      0x118 c:/school/Jaar-3/Periode-4/FPGA/FPGA-project/software/rps_bsp/\libhal_bsp.a(alt_close.o)
                0x000000000001480c                close
 .text          0x00000000000148e8       0x2c c:/school/Jaar-3/Periode-4/FPGA/FPGA-project/software/rps_bsp/\libhal_bsp.a(alt_dev.o)
 .text          0x0000000000014914        0x0 c:/school/Jaar-3/Periode-4/FPGA/FPGA-project/software/rps_bsp/\libhal_bsp.a(alt_errno.o)
 .text          0x0000000000014914       0x38 c:/school/Jaar-3/Periode-4/FPGA/FPGA-project/software/rps_bsp/\libhal_bsp.a(alt_exit.o)
                0x0000000000014914                _exit
 .text          0x000000000001494c       0xf8 c:/school/Jaar-3/Periode-4/FPGA/FPGA-project/software/rps_bsp/\libhal_bsp.a(alt_fstat.o)
                0x0000000000014988                fstat
 .text          0x0000000000014a44       0x20 c:/school/Jaar-3/Periode-4/FPGA/FPGA-project/software/rps_bsp/\libhal_bsp.a(alt_getpid.o)
                0x0000000000014a44                getpid
 .text          0x0000000000014a64       0xec c:/school/Jaar-3/Periode-4/FPGA/FPGA-project/software/rps_bsp/\libhal_bsp.a(alt_isatty.o)
                0x0000000000014aa0                isatty
 .text          0x0000000000014b50      0x168 c:/school/Jaar-3/Periode-4/FPGA/FPGA-project/software/rps_bsp/\libhal_bsp.a(alt_kill.o)
                0x0000000000014b8c                kill
 .text          0x0000000000014cb8       0xec c:/school/Jaar-3/Periode-4/FPGA/FPGA-project/software/rps_bsp/\libhal_bsp.a(alt_load.o)
                0x0000000000014d20                alt_load
 .text          0x0000000000014da4      0x11c c:/school/Jaar-3/Periode-4/FPGA/FPGA-project/software/rps_bsp/\libhal_bsp.a(alt_lseek.o)
                0x0000000000014de0                lseek
 .text          0x0000000000014ec0       0x7c c:/school/Jaar-3/Periode-4/FPGA/FPGA-project/software/rps_bsp/\libhal_bsp.a(alt_main.o)
                0x0000000000014ec0                alt_main
 .text          0x0000000000014f3c       0x48 c:/school/Jaar-3/Periode-4/FPGA/FPGA-project/software/rps_bsp/\libhal_bsp.a(alt_malloc_lock.o)
                0x0000000000014f3c                __malloc_lock
                0x0000000000014f60                __malloc_unlock
 .text          0x0000000000014f84      0x22c c:/school/Jaar-3/Periode-4/FPGA/FPGA-project/software/rps_bsp/\libhal_bsp.a(alt_printf.o)
                0x0000000000014f84                alt_printf
 .text          0x00000000000151b0       0x30 c:/school/Jaar-3/Periode-4/FPGA/FPGA-project/software/rps_bsp/\libhal_bsp.a(alt_putchar.o)
                0x00000000000151b0                alt_putchar
 .text          0x00000000000151e0      0x144 c:/school/Jaar-3/Periode-4/FPGA/FPGA-project/software/rps_bsp/\libhal_bsp.a(alt_read.o)
                0x000000000001521c                read
 .text          0x0000000000015324       0x70 c:/school/Jaar-3/Periode-4/FPGA/FPGA-project/software/rps_bsp/\libhal_bsp.a(alt_release_fd.o)
                0x0000000000015324                alt_release_fd
 .text          0x0000000000015394       0xb8 c:/school/Jaar-3/Periode-4/FPGA/FPGA-project/software/rps_bsp/\libhal_bsp.a(alt_sbrk.o)
                0x0000000000015394                sbrk
 .text          0x000000000001544c      0x140 c:/school/Jaar-3/Periode-4/FPGA/FPGA-project/software/rps_bsp/\libhal_bsp.a(alt_write.o)
                0x0000000000015488                write
 .text          0x000000000001558c      0x110 c:/school/Jaar-3/Periode-4/FPGA/FPGA-project/software/rps_bsp/\libhal_bsp.a(alt_sys_init.o)
                0x00000000000155c0                alt_irq_init
                0x00000000000155fc                alt_sys_init
 .text          0x000000000001569c      0x164 c:/school/Jaar-3/Periode-4/FPGA/FPGA-project/software/rps_bsp/\libhal_bsp.a(altera_avalon_jtag_uart_fd.o)
                0x000000000001569c                altera_avalon_jtag_uart_read_fd
                0x00000000000156fc                altera_avalon_jtag_uart_write_fd
                0x000000000001575c                altera_avalon_jtag_uart_close_fd
                0x00000000000157ac                altera_avalon_jtag_uart_ioctl_fd
 .text          0x0000000000015800      0x3cc c:/school/Jaar-3/Periode-4/FPGA/FPGA-project/software/rps_bsp/\libhal_bsp.a(altera_avalon_jtag_uart_init.o)
                0x0000000000015800                altera_avalon_jtag_uart_init
                0x0000000000015b64                altera_avalon_jtag_uart_close
 .text          0x0000000000015bcc       0xf4 c:/school/Jaar-3/Periode-4/FPGA/FPGA-project/software/rps_bsp/\libhal_bsp.a(altera_avalon_jtag_uart_ioctl.o)
                0x0000000000015bcc                altera_avalon_jtag_uart_ioctl
 .text          0x0000000000015cc0      0x220 c:/school/Jaar-3/Periode-4/FPGA/FPGA-project/software/rps_bsp/\libhal_bsp.a(altera_avalon_jtag_uart_read.o)
                0x0000000000015cc0                altera_avalon_jtag_uart_read
 .text          0x0000000000015ee0      0x228 c:/school/Jaar-3/Periode-4/FPGA/FPGA-project/software/rps_bsp/\libhal_bsp.a(altera_avalon_jtag_uart_write.o)
                0x0000000000015ee0                altera_avalon_jtag_uart_write
 .text          0x0000000000016108       0xfc c:/school/Jaar-3/Periode-4/FPGA/FPGA-project/software/rps_bsp/\libhal_bsp.a(altera_avalon_timer_sc.o)
                0x0000000000016188                alt_avalon_timer_sc_init
 .text          0x0000000000016204      0x4fc c:/school/Jaar-3/Periode-4/FPGA/FPGA-project/software/rps_bsp/\libhal_bsp.a(altera_up_avalon_character_lcd.o)
                0x0000000000016204                get_DDRAM_addr
                0x0000000000016278                alt_up_character_lcd_send_cmd
                0x00000000000162b8                alt_up_character_lcd_init
                0x00000000000162f0                alt_up_character_lcd_open_dev
                0x000000000001632c                alt_up_character_lcd_write
                0x00000000000163ac                alt_up_character_lcd_string
                0x0000000000016428                alt_up_character_lcd_write_fd
                0x0000000000016478                alt_up_character_lcd_set_cursor_pos
                0x00000000000164ec                alt_up_character_lcd_shift_cursor
                0x0000000000016578                alt_up_character_lcd_shift_display
                0x0000000000016604                alt_up_character_lcd_erase_pos
                0x0000000000016690                alt_up_character_lcd_cursor_off
                0x00000000000166c8                alt_up_character_lcd_cursor_blink_on
 .text          0x0000000000016700      0x390 c:/school/Jaar-3/Periode-4/FPGA/FPGA-project/software/rps_bsp/\libhal_bsp.a(altera_up_avalon_rs232.o)
                0x0000000000016700                alt_up_rs232_enable_read_interrupt
                0x000000000001675c                alt_up_rs232_disable_read_interrupt
                0x00000000000167bc                alt_up_rs232_get_used_space_in_read_FIFO
                0x00000000000167fc                alt_up_rs232_get_available_space_in_write_FIFO
                0x0000000000016838                alt_up_rs232_check_parity
                0x000000000001687c                alt_up_rs232_write_data
                0x00000000000168bc                alt_up_rs232_read_data
                0x0000000000016930                alt_up_rs232_read_fd
                0x00000000000169c0                alt_up_rs232_write_fd
                0x0000000000016a54                alt_up_rs232_open_dev
 .text          0x0000000000016a90      0x160 c:/school/Jaar-3/Periode-4/FPGA/FPGA-project/software/rps_bsp/\libhal_bsp.a(alt_alarm_start.o)
                0x0000000000016a90                alt_alarm_start
 .text          0x0000000000016bf0       0x20 c:/school/Jaar-3/Periode-4/FPGA/FPGA-project/software/rps_bsp/\libhal_bsp.a(alt_dcache_flush_all.o)
                0x0000000000016bf0                alt_dcache_flush_all
 .text          0x0000000000016c10       0xe4 c:/school/Jaar-3/Periode-4/FPGA/FPGA-project/software/rps_bsp/\libhal_bsp.a(alt_dev_llist_insert.o)
                0x0000000000016c4c                alt_dev_llist_insert
 .text          0x0000000000016cf4       0x64 c:/school/Jaar-3/Periode-4/FPGA/FPGA-project/software/rps_bsp/\libhal_bsp.a(alt_do_ctors.o)
                0x0000000000016cf4                _do_ctors
 .text          0x0000000000016d58       0x64 c:/school/Jaar-3/Periode-4/FPGA/FPGA-project/software/rps_bsp/\libhal_bsp.a(alt_do_dtors.o)
                0x0000000000016d58                _do_dtors
 .text          0x0000000000016dbc       0x90 c:/school/Jaar-3/Periode-4/FPGA/FPGA-project/software/rps_bsp/\libhal_bsp.a(alt_find_dev.o)
                0x0000000000016dbc                alt_find_dev
 .text          0x0000000000016e4c       0x20 c:/school/Jaar-3/Periode-4/FPGA/FPGA-project/software/rps_bsp/\libhal_bsp.a(alt_icache_flush_all.o)
                0x0000000000016e4c                alt_icache_flush_all
 .text          0x0000000000016e6c      0x150 c:/school/Jaar-3/Periode-4/FPGA/FPGA-project/software/rps_bsp/\libhal_bsp.a(alt_io_redirect.o)
                0x0000000000016f40                alt_io_redirect
 .text          0x0000000000016fbc      0x180 c:/school/Jaar-3/Periode-4/FPGA/FPGA-project/software/rps_bsp/\libhal_bsp.a(alt_irq_register.o)
                0x0000000000016fbc                alt_irq_register
 .text          0x000000000001713c        0x0 c:/school/Jaar-3/Periode-4/FPGA/FPGA-project/software/rps_bsp/\libhal_bsp.a(alt_irq_vars.o)
 .text          0x000000000001713c      0x278 c:/school/Jaar-3/Periode-4/FPGA/FPGA-project/software/rps_bsp/\libhal_bsp.a(alt_open.o)
                0x0000000000017254                open
 .text          0x00000000000173b4      0x1d0 c:/school/Jaar-3/Periode-4/FPGA/FPGA-project/software/rps_bsp/\libhal_bsp.a(alt_tick.o)
                0x00000000000173b4                alt_alarm_stop
                0x0000000000017458                alt_tick
 .text          0x0000000000017584       0x24 c:/school/Jaar-3/Periode-4/FPGA/FPGA-project/software/rps_bsp/\libhal_bsp.a(altera_nios2_gen2_irq.o)
                0x0000000000017584                altera_nios2_gen2_irq_init
 .text          0x00000000000175a8      0x108 c:/school/Jaar-3/Periode-4/FPGA/FPGA-project/software/rps_bsp/\libhal_bsp.a(alt_find_file.o)
                0x00000000000175a8                alt_find_file
 .text          0x00000000000176b0       0xb8 c:/school/Jaar-3/Periode-4/FPGA/FPGA-project/software/rps_bsp/\libhal_bsp.a(alt_get_fd.o)
                0x00000000000176b0                alt_get_fd
 .text          0x0000000000017768        0x0 c:/school/Jaar-3/Periode-4/FPGA/FPGA-project/software/rps_bsp/\libhal_bsp.a(alt_irq_entry.o)
 .text          0x0000000000017768        0x0 c:/school/Jaar-3/Periode-4/FPGA/FPGA-project/software/rps_bsp/\libhal_bsp.a(alt_irq_handler.o)
 .text          0x0000000000017768        0x0 c:/school/Jaar-3/Periode-4/FPGA/FPGA-project/software/rps_bsp/\libhal_bsp.a(alt_exception_entry.o)
 .text          0x0000000000017768       0x98 c:/school/Jaar-3/Periode-4/FPGA/FPGA-project/software/rps_bsp/\libhal_bsp.a(alt_instruction_exception_entry.o)
                0x0000000000017768                alt_exception_cause_generated_bad_addr
 .text          0x0000000000017800        0x0 c:/intelfpga_lite/21.1/nios2eds/bin/gnu/h-x86_64-mingw32/bin/../lib/gcc/nios2-elf/10.3.1/../../../../../H-x86_64-mingw32/nios2-elf/lib/mno-hw-mul\libc.a(lib_a-atexit.o)
 .text.atexit   0x0000000000017800       0x14 c:/intelfpga_lite/21.1/nios2eds/bin/gnu/h-x86_64-mingw32/bin/../lib/gcc/nios2-elf/10.3.1/../../../../../H-x86_64-mingw32/nios2-elf/lib/mno-hw-mul\libc.a(lib_a-atexit.o)
                0x0000000000017800                atexit
 .text          0x0000000000017814        0x0 c:/intelfpga_lite/21.1/nios2eds/bin/gnu/h-x86_64-mingw32/bin/../lib/gcc/nios2-elf/10.3.1/../../../../../H-x86_64-mingw32/nios2-elf/lib/mno-hw-mul\libc.a(lib_a-exit.o)
 .text.exit     0x0000000000017814       0x34 c:/intelfpga_lite/21.1/nios2eds/bin/gnu/h-x86_64-mingw32/bin/../lib/gcc/nios2-elf/10.3.1/../../../../../H-x86_64-mingw32/nios2-elf/lib/mno-hw-mul\libc.a(lib_a-exit.o)
                0x0000000000017814                exit
 .text          0x0000000000017848        0x0 c:/intelfpga_lite/21.1/nios2eds/bin/gnu/h-x86_64-mingw32/bin/../lib/gcc/nios2-elf/10.3.1/../../../../../H-x86_64-mingw32/nios2-elf/lib/mno-hw-mul\libc.a(lib_a-memcmp.o)
 .text.memcmp   0x0000000000017848       0x78 c:/intelfpga_lite/21.1/nios2eds/bin/gnu/h-x86_64-mingw32/bin/../lib/gcc/nios2-elf/10.3.1/../../../../../H-x86_64-mingw32/nios2-elf/lib/mno-hw-mul\libc.a(lib_a-memcmp.o)
                0x0000000000017848                memcmp
 .text          0x00000000000178c0        0x0 c:/intelfpga_lite/21.1/nios2eds/bin/gnu/h-x86_64-mingw32/bin/../lib/gcc/nios2-elf/10.3.1/../../../../../H-x86_64-mingw32/nios2-elf/lib/mno-hw-mul\libc.a(lib_a-__atexit.o)
 .text.__register_exitproc
                0x00000000000178c0       0x90 c:/intelfpga_lite/21.1/nios2eds/bin/gnu/h-x86_64-mingw32/bin/../lib/gcc/nios2-elf/10.3.1/../../../../../H-x86_64-mingw32/nios2-elf/lib/mno-hw-mul\libc.a(lib_a-__atexit.o)
                0x00000000000178c0                __register_exitproc
 .text          0x0000000000017950        0x0 c:/intelfpga_lite/21.1/nios2eds/bin/gnu/h-x86_64-mingw32/bin/../lib/gcc/nios2-elf/10.3.1/../../../../../H-x86_64-mingw32/nios2-elf/lib/mno-hw-mul\libc.a(lib_a-__call_atexit.o)
 .text.__call_exitprocs
                0x0000000000017950      0x120 c:/intelfpga_lite/21.1/nios2eds/bin/gnu/h-x86_64-mingw32/bin/../lib/gcc/nios2-elf/10.3.1/../../../../../H-x86_64-mingw32/nios2-elf/lib/mno-hw-mul\libc.a(lib_a-__call_atexit.o)
                0x0000000000017950                __call_exitprocs
 *(.gnu.warning.*)
 *(.fini)
                [!provide]                        PROVIDE (__etext = ABSOLUTE (.))
                [!provide]                        PROVIDE (_etext = ABSOLUTE (.))
                [!provide]                        PROVIDE (etext = ABSOLUTE (.))
 *(.eh_frame_hdr)
                0x0000000000017a70                . = ALIGN (0x4)
                [!provide]                        PROVIDE (__preinit_array_start = ABSOLUTE (.))
 *(.preinit_array)
                [!provide]                        PROVIDE (__preinit_array_end = ABSOLUTE (.))
                [!provide]                        PROVIDE (__init_array_start = ABSOLUTE (.))
 *(.init_array)
                [!provide]                        PROVIDE (__init_array_end = ABSOLUTE (.))
                [!provide]                        PROVIDE (__fini_array_start = ABSOLUTE (.))
 *(.fini_array)
                [!provide]                        PROVIDE (__fini_array_end = ABSOLUTE (.))
 *(.eh_frame)
 *(.gcc_except_table .gcc_except_table.*)
 *(.dynamic)
                0x0000000000017a70                PROVIDE (__CTOR_LIST__ = ABSOLUTE (.))
 *(.ctors)
 *(SORT_BY_NAME(.ctors.*))
                0x0000000000017a70                PROVIDE (__CTOR_END__ = ABSOLUTE (.))
                0x0000000000017a70                PROVIDE (__DTOR_LIST__ = ABSOLUTE (.))
 *(.dtors)
 *(SORT_BY_NAME(.dtors.*))
                0x0000000000017a70                PROVIDE (__DTOR_END__ = ABSOLUTE (.))
 *(.jcr)
                0x0000000000017a70                . = ALIGN (0x4)

.rodata         0x0000000000017a70      0x8c8
                0x0000000000017a70                PROVIDE (__ram_rodata_start = ABSOLUTE (.))
                0x0000000000017a70                . = ALIGN (0x4)
 *(.rodata .rodata.* .gnu.linkonce.r.*)
 .rodata        0x0000000000017a70       0x4a obj/default/main.o
 *fill*         0x0000000000017aba        0x2 
 .rodata.npio2_hw
                0x0000000000017abc       0x80 c:/intelfpga_lite/21.1/nios2eds/bin/gnu/h-x86_64-mingw32/bin/../lib/gcc/nios2-elf/10.3.1/../../../../../H-x86_64-mingw32/nios2-elf/lib/mno-hw-mul\libm.a(lib_a-e_rem_pio2.o)
 .rodata.two_over_pi
                0x0000000000017b3c      0x108 c:/intelfpga_lite/21.1/nios2eds/bin/gnu/h-x86_64-mingw32/bin/../lib/gcc/nios2-elf/10.3.1/../../../../../H-x86_64-mingw32/nios2-elf/lib/mno-hw-mul\libm.a(lib_a-e_rem_pio2.o)
 .rodata.PIo2   0x0000000000017c44       0x40 c:/intelfpga_lite/21.1/nios2eds/bin/gnu/h-x86_64-mingw32/bin/../lib/gcc/nios2-elf/10.3.1/../../../../../H-x86_64-mingw32/nios2-elf/lib/mno-hw-mul\libm.a(lib_a-k_rem_pio2.o)
 .rodata.init_jk
                0x0000000000017c84       0x10 c:/intelfpga_lite/21.1/nios2eds/bin/gnu/h-x86_64-mingw32/bin/../lib/gcc/nios2-elf/10.3.1/../../../../../H-x86_64-mingw32/nios2-elf/lib/mno-hw-mul\libm.a(lib_a-k_rem_pio2.o)
 .rodata        0x0000000000017c94      0x100 c:/intelfpga_lite/21.1/nios2eds/bin/gnu/h-x86_64-mingw32/bin/../lib/gcc/nios2-elf/10.3.1/mno-hw-mul\libgcc.a(_clz.o)
                0x0000000000017c94                __clz_tab
 .rodata._puts_r.str1.4
                0x0000000000017d94        0x2 c:/intelfpga_lite/21.1/nios2eds/bin/gnu/h-x86_64-mingw32/bin/../lib/gcc/nios2-elf/10.3.1/../../../../../H-x86_64-mingw32/nios2-elf/lib/mno-hw-mul\libc.a(lib_a-puts.o)
 *fill*         0x0000000000017d96        0x2 
 .rodata.___vfprintf_internal_r.str1.4
                0x0000000000017d98       0x42 c:/intelfpga_lite/21.1/nios2eds/bin/gnu/h-x86_64-mingw32/bin/../lib/gcc/nios2-elf/10.3.1/../../../../../H-x86_64-mingw32/nios2-elf/lib/mno-hw-mul\libc.a(lib_a-vfprintf.o)
 *fill*         0x0000000000017dda        0x2 
 .rodata.zeroes.0
                0x0000000000017ddc       0x10 c:/intelfpga_lite/21.1/nios2eds/bin/gnu/h-x86_64-mingw32/bin/../lib/gcc/nios2-elf/10.3.1/../../../../../H-x86_64-mingw32/nios2-elf/lib/mno-hw-mul\libc.a(lib_a-vfprintf.o)
 .rodata.blanks.1
                0x0000000000017dec       0x10 c:/intelfpga_lite/21.1/nios2eds/bin/gnu/h-x86_64-mingw32/bin/../lib/gcc/nios2-elf/10.3.1/../../../../../H-x86_64-mingw32/nios2-elf/lib/mno-hw-mul\libc.a(lib_a-vfprintf.o)
 .rodata._dtoa_r.str1.4
                0x0000000000017dfc       0x61 c:/intelfpga_lite/21.1/nios2eds/bin/gnu/h-x86_64-mingw32/bin/../lib/gcc/nios2-elf/10.3.1/../../../../../H-x86_64-mingw32/nios2-elf/lib/mno-hw-mul\libc.a(lib_a-dtoa.o)
                                         0x65 (size before relaxing)
 *fill*         0x0000000000017e5d        0x3 
 .rodata.__multadd.str1.4
                0x0000000000017e60       0x3e c:/intelfpga_lite/21.1/nios2eds/bin/gnu/h-x86_64-mingw32/bin/../lib/gcc/nios2-elf/10.3.1/../../../../../H-x86_64-mingw32/nios2-elf/lib/mno-hw-mul\libc.a(lib_a-mprec.o)
                                         0x52 (size before relaxing)
 *fill*         0x0000000000017e9e        0x2 
 .rodata.p05.0  0x0000000000017ea0        0xc c:/intelfpga_lite/21.1/nios2eds/bin/gnu/h-x86_64-mingw32/bin/../lib/gcc/nios2-elf/10.3.1/../../../../../H-x86_64-mingw32/nios2-elf/lib/mno-hw-mul\libc.a(lib_a-mprec.o)
 .rodata.__mprec_tinytens
                0x0000000000017eac       0x28 c:/intelfpga_lite/21.1/nios2eds/bin/gnu/h-x86_64-mingw32/bin/../lib/gcc/nios2-elf/10.3.1/../../../../../H-x86_64-mingw32/nios2-elf/lib/mno-hw-mul\libc.a(lib_a-mprec.o)
                0x0000000000017eac                __mprec_tinytens
 .rodata.__mprec_bigtens
                0x0000000000017ed4       0x28 c:/intelfpga_lite/21.1/nios2eds/bin/gnu/h-x86_64-mingw32/bin/../lib/gcc/nios2-elf/10.3.1/../../../../../H-x86_64-mingw32/nios2-elf/lib/mno-hw-mul\libc.a(lib_a-mprec.o)
                0x0000000000017ed4                __mprec_bigtens
 .rodata.__mprec_tens
                0x0000000000017efc       0xc8 c:/intelfpga_lite/21.1/nios2eds/bin/gnu/h-x86_64-mingw32/bin/../lib/gcc/nios2-elf/10.3.1/../../../../../H-x86_64-mingw32/nios2-elf/lib/mno-hw-mul\libc.a(lib_a-mprec.o)
                0x0000000000017efc                __mprec_tens
 .rodata.___vfiprintf_internal_r.str1.4
                0x0000000000017fc4       0x2f c:/intelfpga_lite/21.1/nios2eds/bin/gnu/h-x86_64-mingw32/bin/../lib/gcc/nios2-elf/10.3.1/../../../../../H-x86_64-mingw32/nios2-elf/lib/mno-hw-mul\libc.a(lib_a-vfiprintf.o)
 .rodata.zeroes.0
                0x0000000000017fc4       0x10 c:/intelfpga_lite/21.1/nios2eds/bin/gnu/h-x86_64-mingw32/bin/../lib/gcc/nios2-elf/10.3.1/../../../../../H-x86_64-mingw32/nios2-elf/lib/mno-hw-mul\libc.a(lib_a-vfiprintf.o)
 .rodata.blanks.1
                0x0000000000017fd4       0x10 c:/intelfpga_lite/21.1/nios2eds/bin/gnu/h-x86_64-mingw32/bin/../lib/gcc/nios2-elf/10.3.1/../../../../../H-x86_64-mingw32/nios2-elf/lib/mno-hw-mul\libc.a(lib_a-vfiprintf.o)
 .rodata.__assert_func.str1.4
                0x0000000000017fe4       0x3f c:/intelfpga_lite/21.1/nios2eds/bin/gnu/h-x86_64-mingw32/bin/../lib/gcc/nios2-elf/10.3.1/../../../../../H-x86_64-mingw32/nios2-elf/lib/mno-hw-mul\libc.a(lib_a-assert.o)
                                         0x43 (size before relaxing)
 *fill*         0x0000000000018023        0x1 
 .rodata._setlocale_r.str1.4
                0x0000000000018024        0xa c:/intelfpga_lite/21.1/nios2eds/bin/gnu/h-x86_64-mingw32/bin/../lib/gcc/nios2-elf/10.3.1/../../../../../H-x86_64-mingw32/nios2-elf/lib/mno-hw-mul\libc.a(lib_a-locale.o)
 *fill*         0x000000000001802e        0x2 
 .rodata.str1.4
                0x0000000000018030        0x2 c:/intelfpga_lite/21.1/nios2eds/bin/gnu/h-x86_64-mingw32/bin/../lib/gcc/nios2-elf/10.3.1/../../../../../H-x86_64-mingw32/nios2-elf/lib/mno-hw-mul\libc.a(lib_a-locale.o)
                                          0x5 (size before relaxing)
 *fill*         0x0000000000018032        0x2 
 .rodata._ctype_
                0x0000000000018034      0x101 c:/intelfpga_lite/21.1/nios2eds/bin/gnu/h-x86_64-mingw32/bin/../lib/gcc/nios2-elf/10.3.1/../../../../../H-x86_64-mingw32/nios2-elf/lib/mno-hw-mul\libc.a(lib_a-ctype_.o)
                0x0000000000018034                _ctype_
 *fill*         0x0000000000018135        0x3 
 .rodata._ctype_b
                0x0000000000018138      0x180 c:/intelfpga_lite/21.1/nios2eds/bin/gnu/h-x86_64-mingw32/bin/../lib/gcc/nios2-elf/10.3.1/../../../../../H-x86_64-mingw32/nios2-elf/lib/mno-hw-mul\libc.a(lib_a-ctype_.o)
                0x0000000000018138                _ctype_b
 .rodata        0x00000000000182b8        0xa c:/school/Jaar-3/Periode-4/FPGA/FPGA-project/software/rps_bsp/\libhal_bsp.a(alt_dev.o)
 *fill*         0x00000000000182c2        0x2 
 .rodata        0x00000000000182c4        0xf c:/school/Jaar-3/Periode-4/FPGA/FPGA-project/software/rps_bsp/\libhal_bsp.a(alt_main.o)
 *fill*         0x00000000000182d3        0x1 
 .rodata        0x00000000000182d4       0x61 c:/school/Jaar-3/Periode-4/FPGA/FPGA-project/software/rps_bsp/\libhal_bsp.a(alt_sys_init.o)
 *(.rodata1)
                0x0000000000018338                . = ALIGN (0x4)
 *fill*         0x0000000000018335        0x3 
                0x0000000000018338                PROVIDE (__ram_rodata_end = ABSOLUTE (.))
                0x0000000000017a70                PROVIDE (__flash_rodata_start = LOADADDR (.rodata))

.rwdata         0x0000000000018338     0x1c90 load address 0x0000000000019fc8
                0x0000000000018338                PROVIDE (__ram_rwdata_start = ABSOLUTE (.))
                0x0000000000018338                . = ALIGN (0x4)
 *(.got.plt)
 *(.got)
 *(.data1)
 *(.data .data.* .gnu.linkonce.d.*)
 .data          0x0000000000018338        0x0 c:/school/Jaar-3/Periode-4/FPGA/FPGA-project/software/rps_bsp//obj/HAL/src/crt0.o
 .data          0x0000000000018338        0x0 obj/default/fft/kiss_fft.o
 .data          0x0000000000018338        0x0 obj/default/main.o
 .data          0x0000000000018338        0x0 obj/default/mfcc/libmfcc.o
 .data          0x0000000000018338        0x0 c:/intelfpga_lite/21.1/nios2eds/bin/gnu/h-x86_64-mingw32/bin/../lib/gcc/nios2-elf/10.3.1/../../../../../H-x86_64-mingw32/nios2-elf/lib/mno-hw-mul\libm.a(lib_a-s_cos.o)
 .data          0x0000000000018338        0x0 c:/intelfpga_lite/21.1/nios2eds/bin/gnu/h-x86_64-mingw32/bin/../lib/gcc/nios2-elf/10.3.1/../../../../../H-x86_64-mingw32/nios2-elf/lib/mno-hw-mul\libm.a(lib_a-s_floor.o)
 .data          0x0000000000018338        0x0 c:/intelfpga_lite/21.1/nios2eds/bin/gnu/h-x86_64-mingw32/bin/../lib/gcc/nios2-elf/10.3.1/../../../../../H-x86_64-mingw32/nios2-elf/lib/mno-hw-mul\libm.a(lib_a-s_sin.o)
 .data          0x0000000000018338        0x0 c:/intelfpga_lite/21.1/nios2eds/bin/gnu/h-x86_64-mingw32/bin/../lib/gcc/nios2-elf/10.3.1/../../../../../H-x86_64-mingw32/nios2-elf/lib/mno-hw-mul\libm.a(lib_a-w_log.o)
 .data          0x0000000000018338        0x0 c:/intelfpga_lite/21.1/nios2eds/bin/gnu/h-x86_64-mingw32/bin/../lib/gcc/nios2-elf/10.3.1/../../../../../H-x86_64-mingw32/nios2-elf/lib/mno-hw-mul\libm.a(lib_a-w_pow.o)
 .data          0x0000000000018338        0x0 c:/intelfpga_lite/21.1/nios2eds/bin/gnu/h-x86_64-mingw32/bin/../lib/gcc/nios2-elf/10.3.1/../../../../../H-x86_64-mingw32/nios2-elf/lib/mno-hw-mul\libm.a(lib_a-w_sqrt.o)
 .data          0x0000000000018338        0x0 c:/intelfpga_lite/21.1/nios2eds/bin/gnu/h-x86_64-mingw32/bin/../lib/gcc/nios2-elf/10.3.1/../../../../../H-x86_64-mingw32/nios2-elf/lib/mno-hw-mul\libm.a(lib_a-e_log.o)
 .data          0x0000000000018338        0x0 c:/intelfpga_lite/21.1/nios2eds/bin/gnu/h-x86_64-mingw32/bin/../lib/gcc/nios2-elf/10.3.1/../../../../../H-x86_64-mingw32/nios2-elf/lib/mno-hw-mul\libm.a(lib_a-e_pow.o)
 .data          0x0000000000018338        0x0 c:/intelfpga_lite/21.1/nios2eds/bin/gnu/h-x86_64-mingw32/bin/../lib/gcc/nios2-elf/10.3.1/../../../../../H-x86_64-mingw32/nios2-elf/lib/mno-hw-mul\libm.a(lib_a-e_rem_pio2.o)