Archive member included to satisfy reference by file (symbol)

c:/intelfpga_lite/21.1/nios2eds/bin/gnu/h-x86_64-mingw32/bin/../lib/gcc/nios2-elf/10.3.1/../../../../../H-x86_64-mingw32/nios2-elf/lib/mhw-mulx\libm.a(lib_a-s_cos.o)
                              obj/default/fft/kiss_fft.o (cos)
c:/intelfpga_lite/21.1/nios2eds/bin/gnu/h-x86_64-mingw32/bin/../lib/gcc/nios2-elf/10.3.1/../../../../../H-x86_64-mingw32/nios2-elf/lib/mhw-mulx\libm.a(lib_a-s_floor.o)
                              obj/default/fft/kiss_fft.o (floor)
c:/intelfpga_lite/21.1/nios2eds/bin/gnu/h-x86_64-mingw32/bin/../lib/gcc/nios2-elf/10.3.1/../../../../../H-x86_64-mingw32/nios2-elf/lib/mhw-mulx\libm.a(lib_a-s_sin.o)
                              obj/default/fft/kiss_fft.o (sin)
c:/intelfpga_lite/21.1/nios2eds/bin/gnu/h-x86_64-mingw32/bin/../lib/gcc/nios2-elf/10.3.1/../../../../../H-x86_64-mingw32/nios2-elf/lib/mhw-mulx\libm.a(lib_a-sf_cos.o)
                              obj/default/main.o (cosf)
c:/intelfpga_lite/21.1/nios2eds/bin/gnu/h-x86_64-mingw32/bin/../lib/gcc/nios2-elf/10.3.1/../../../../../H-x86_64-mingw32/nios2-elf/lib/mhw-mulx\libm.a(lib_a-w_log.o)
                              obj/default/mfcc/libmfcc.o (log)
c:/intelfpga_lite/21.1/nios2eds/bin/gnu/h-x86_64-mingw32/bin/../lib/gcc/nios2-elf/10.3.1/../../../../../H-x86_64-mingw32/nios2-elf/lib/mhw-mulx\libm.a(lib_a-w_pow.o)
                              obj/default/main.o (pow)
c:/intelfpga_lite/21.1/nios2eds/bin/gnu/h-x86_64-mingw32/bin/../lib/gcc/nios2-elf/10.3.1/../../../../../H-x86_64-mingw32/nios2-elf/lib/mhw-mulx\libm.a(lib_a-w_sqrt.o)
                              obj/default/fft/kiss_fft.o (sqrt)
c:/intelfpga_lite/21.1/nios2eds/bin/gnu/h-x86_64-mingw32/bin/../lib/gcc/nios2-elf/10.3.1/../../../../../H-x86_64-mingw32/nios2-elf/lib/mhw-mulx\libm.a(lib_a-e_log.o)
                              c:/intelfpga_lite/21.1/nios2eds/bin/gnu/h-x86_64-mingw32/bin/../lib/gcc/nios2-elf/10.3.1/../../../../../H-x86_64-mingw32/nios2-elf/lib/mhw-mulx\libm.a(lib_a-w_log.o) (__ieee754_log)
c:/intelfpga_lite/21.1/nios2eds/bin/gnu/h-x86_64-mingw32/bin/../lib/gcc/nios2-elf/10.3.1/../../../../../H-x86_64-mingw32/nios2-elf/lib/mhw-mulx\libm.a(lib_a-e_pow.o)
                              c:/intelfpga_lite/21.1/nios2eds/bin/gnu/h-x86_64-mingw32/bin/../lib/gcc/nios2-elf/10.3.1/../../../../../H-x86_64-mingw32/nios2-elf/lib/mhw-mulx\libm.a(lib_a-w_pow.o) (__ieee754_pow)
c:/intelfpga_lite/21.1/nios2eds/bin/gnu/h-x86_64-mingw32/bin/../lib/gcc/nios2-elf/10.3.1/../../../../../H-x86_64-mingw32/nios2-elf/lib/mhw-mulx\libm.a(lib_a-e_rem_pio2.o)
                              c:/intelfpga_lite/21.1/nios2eds/bin/gnu/h-x86_64-mingw32/bin/../lib/gcc/nios2-elf/10.3.1/../../../../../H-x86_64-mingw32/nios2-elf/lib/mhw-mulx\libm.a(lib_a-s_cos.o) (__ieee754_rem_pio2)
c:/intelfpga_lite/21.1/nios2eds/bin/gnu/h-x86_64-mingw32/bin/../lib/gcc/nios2-elf/10.3.1/../../../../../H-x86_64-mingw32/nios2-elf/lib/mhw-mulx\libm.a(lib_a-e_sqrt.o)
                              c:/intelfpga_lite/21.1/nios2eds/bin/gnu/h-x86_64-mingw32/bin/../lib/gcc/nios2-elf/10.3.1/../../../../../H-x86_64-mingw32/nios2-elf/lib/mhw-mulx\libm.a(lib_a-w_sqrt.o) (__ieee754_sqrt)
c:/intelfpga_lite/21.1/nios2eds/bin/gnu/h-x86_64-mingw32/bin/../lib/gcc/nios2-elf/10.3.1/../../../../../H-x86_64-mingw32/nios2-elf/lib/mhw-mulx\libm.a(lib_a-ef_rem_pio2.o)
                              c:/intelfpga_lite/21.1/nios2eds/bin/gnu/h-x86_64-mingw32/bin/../lib/gcc/nios2-elf/10.3.1/../../../../../H-x86_64-mingw32/nios2-elf/lib/mhw-mulx\libm.a(lib_a-sf_cos.o) (__ieee754_rem_pio2f)
c:/intelfpga_lite/21.1/nios2eds/bin/gnu/h-x86_64-mingw32/bin/../lib/gcc/nios2-elf/10.3.1/../../../../../H-x86_64-mingw32/nios2-elf/lib/mhw-mulx\libm.a(lib_a-k_cos.o)
                              c:/intelfpga_lite/21.1/nios2eds/bin/gnu/h-x86_64-mingw32/bin/../lib/gcc/nios2-elf/10.3.1/../../../../../H-x86_64-mingw32/nios2-elf/lib/mhw-mulx\libm.a(lib_a-s_cos.o) (__kernel_cos)
c:/intelfpga_lite/21.1/nios2eds/bin/gnu/h-x86_64-mingw32/bin/../lib/gcc/nios2-elf/10.3.1/../../../../../H-x86_64-mingw32/nios2-elf/lib/mhw-mulx\libm.a(lib_a-k_rem_pio2.o)
                              c:/intelfpga_lite/21.1/nios2eds/bin/gnu/h-x86_64-mingw32/bin/../lib/gcc/nios2-elf/10.3.1/../../../../../H-x86_64-mingw32/nios2-elf/lib/mhw-mulx\libm.a(lib_a-e_rem_pio2.o) (__kernel_rem_pio2)
c:/intelfpga_lite/21.1/nios2eds/bin/gnu/h-x86_64-mingw32/bin/../lib/gcc/nios2-elf/10.3.1/../../../../../H-x86_64-mingw32/nios2-elf/lib/mhw-mulx\libm.a(lib_a-k_sin.o)
                              c:/intelfpga_lite/21.1/nios2eds/bin/gnu/h-x86_64-mingw32/bin/../lib/gcc/nios2-elf/10.3.1/../../../../../H-x86_64-mingw32/nios2-elf/lib/mhw-mulx\libm.a(lib_a-s_cos.o) (__kernel_sin)
c:/intelfpga_lite/21.1/nios2eds/bin/gnu/h-x86_64-mingw32/bin/../lib/gcc/nios2-elf/10.3.1/../../../../../H-x86_64-mingw32/nios2-elf/lib/mhw-mulx\libm.a(lib_a-kf_cos.o)
[...]
Memory Configuration

Name             Origin             Length             Attributes
reset            0x0000000000000000 0x0000000000000020
SDRAM            0x0000000000000020 0x0000000003ffffe0
*default*        0x0000000000000000 0xffffffffffffffff

Linker script and memory map

LOAD c:/school/Jaar-3/Periode-4/FPGA/FPGA-project/software/rps_bsp//obj/HAL/src/crt0.o
LOAD obj/default/fft/kiss_fft.o
LOAD obj/default/main.o
LOAD obj/default/mfcc/libmfcc.o
LOAD c:/intelfpga_lite/21.1/nios2eds/bin/gnu/h-x86_64-mingw32/bin/../lib/gcc/nios2-elf/10.3.1/../../../../../H-x86_64-mingw32/nios2-elf/lib/mhw-mulx\libstdc++.a
LOAD c:/intelfpga_lite/21.1/nios2eds/bin/gnu/h-x86_64-mingw32/bin/../lib/gcc/nios2-elf/10.3.1/../../../../../H-x86_64-mingw32/nios2-elf/lib/mhw-mulx\libm.a
LOAD c:/intelfpga_lite/21.1/nios2eds/bin/gnu/h-x86_64-mingw32/bin/../lib/gcc/nios2-elf/10.3.1/mhw-mulx\libgcc.a
START GROUP
LOAD c:/intelfpga_lite/21.1/nios2eds/bin/gnu/h-x86_64-mingw32/bin/../lib/gcc/nios2-elf/10.3.1/../../../../../H-x86_64-mingw32/nios2-elf/lib/mhw-mulx\libc.a
LOAD c:/intelfpga_lite/21.1/nios2eds/bin/gnu/h-x86_64-mingw32/bin/../lib/gcc/nios2-elf/10.3.1/mhw-mulx\libgcc.a
LOAD c:/school/Jaar-3/Periode-4/FPGA/FPGA-project/software/rps_bsp/\libhal_bsp.a
LOAD c:/intelfpga_lite/21.1/nios2eds/bin/gnu/h-x86_64-mingw32/bin/../lib/gcc/nios2-elf/10.3.1/../../../../../H-x86_64-mingw32/nios2-elf/lib/mhw-mulx\libm.a
END GROUP
LOAD c:/intelfpga_lite/21.1/nios2eds/bin/gnu/h-x86_64-mingw32/bin/../lib/gcc/nios2-elf/10.3.1/mhw-mulx\libgcc.a
                0x0000000000000000                __alt_mem_SDRAM = 0x0

.entry          0x0000000000000000       0x20
 *(.entry)
 .entry         0x0000000000000000       0x20 c:/school/Jaar-3/Periode-4/FPGA/FPGA-project/software/rps_bsp//obj/HAL/src/crt0.o
                0x0000000000000000                __reset

.exceptions     0x0000000000000020      0x21c
                0x0000000000000020                PROVIDE (__ram_exceptions_start = ABSOLUTE (.))
                0x0000000000000020                . = ALIGN (0x20)
 *(.irq)
 *(.exceptions.entry.label)
 .exceptions.entry.label
                0x0000000000000020        0x0 c:/school/Jaar-3/Periode-4/FPGA/FPGA-project/software/rps_bsp/\libhal_bsp.a(alt_irq_entry.o)
                0x0000000000000020                alt_irq_entry
 .exceptions.entry.label
                0x0000000000000020        0x0 c:/school/Jaar-3/Periode-4/FPGA/FPGA-project/software/rps_bsp/\libhal_bsp.a(alt_exception_entry.o)
                0x0000000000000020                alt_exception
 *(.exceptions.entry.user)
 *(.exceptions.entry.ecc_fatal)
 *(.exceptions.entry)
 .exceptions.entry
                0x0000000000000020       0x54 c:/school/Jaar-3/Periode-4/FPGA/FPGA-project/software/rps_bsp/\libhal_bsp.a(alt_exception_entry.o)
 *(.exceptions.irqtest.user)
 *(.exceptions.irqtest)
 .exceptions.irqtest
                0x0000000000000074       0x10 c:/school/Jaar-3/Periode-4/FPGA/FPGA-project/software/rps_bsp/\libhal_bsp.a(alt_irq_entry.o)
 *(.exceptions.irqhandler.user)
 *(.exceptions.irqhandler)
 .exceptions.irqhandler
                0x0000000000000084        0x4 c:/school/Jaar-3/Periode-4/FPGA/FPGA-project/software/rps_bsp/\libhal_bsp.a(alt_irq_entry.o)
 *(.exceptions.irqreturn.user)
 *(.exceptions.irqreturn)
 .exceptions.irqreturn
                0x0000000000000088        0x4 c:/school/Jaar-3/Periode-4/FPGA/FPGA-project/software/rps_bsp/\libhal_bsp.a(alt_irq_entry.o)
 *(.exceptions.notirq.label)
 .exceptions.notirq.label
                0x000000000000008c        0x0 c:/school/Jaar-3/Periode-4/FPGA/FPGA-project/software/rps_bsp/\libhal_bsp.a(alt_irq_entry.o)
 *(.exceptions.notirq.user)
 *(.exceptions.notirq)
 .exceptions.notirq
                0x000000000000008c        0x8 c:/school/Jaar-3/Periode-4/FPGA/FPGA-project/software/rps_bsp/\libhal_bsp.a(alt_exception_entry.o)
 *(.exceptions.soft.user)
 *(.exceptions.soft)
 *(.exceptions.unknown.user)
 *(.exceptions.unknown)
 .exceptions.unknown
                0x0000000000000094       0x14 c:/school/Jaar-3/Periode-4/FPGA/FPGA-project/software/rps_bsp/\libhal_bsp.a(alt_exception_entry.o)
 *(.exceptions.exit.label)
 .exceptions.exit.label
                0x00000000000000a8        0x0 c:/school/Jaar-3/Periode-4/FPGA/FPGA-project/software/rps_bsp/\libhal_bsp.a(alt_irq_entry.o)
 .exceptions.exit.label
                0x00000000000000a8        0x0 c:/school/Jaar-3/Periode-4/FPGA/FPGA-project/software/rps_bsp/\libhal_bsp.a(alt_exception_entry.o)
 *(.exceptions.exit.user)
 *(.exceptions.exit)
 .exceptions.exit
                0x00000000000000a8       0x54 c:/school/Jaar-3/Periode-4/FPGA/FPGA-project/software/rps_bsp/\libhal_bsp.a(alt_exception_entry.o)
 *(.exceptions)
 .exceptions    0x00000000000000fc       0xcc c:/school/Jaar-3/Periode-4/FPGA/FPGA-project/software/rps_bsp/\libhal_bsp.a(alt_irq_handler.o)
                0x00000000000000fc                alt_irq_handler
 .exceptions    0x00000000000001c8       0x74 c:/school/Jaar-3/Periode-4/FPGA/FPGA-project/software/rps_bsp/\libhal_bsp.a(alt_instruction_exception_entry.o)
                0x00000000000001c8                alt_instruction_exception_entry
                0x000000000000023c                PROVIDE (__ram_exceptions_end = ABSOLUTE (.))
                0x0000000000000020                PROVIDE (__flash_exceptions_start = LOADADDR (.exceptions))

.text           0x000000000000023c    0x20ad8
                [!provide]                        PROVIDE (stext = ABSOLUTE (.))
 *(.interp)
 *(.hash)
 *(.dynsym)
 *(.dynstr)
 *(.gnu.version)
 *(.gnu.version_d)
 *(.gnu.version_r)
 *(.rel.init)
 *(.rela.init)
 *(.rel.text .rel.text.* .rel.gnu.linkonce.t.*)
 *(.rela.text .rela.text.* .rela.gnu.linkonce.t.*)
 *(.rel.fini)
 *(.rela.fini)
 *(.rel.rodata .rel.rodata.* .rel.gnu.linkonce.r.*)
 *(.rela.rodata .rela.rodata.* .rela.gnu.linkonce.r.*)
 *(.rel.data .rel.data.* .rel.gnu.linkonce.d.*)
 *(.rela.data .rela.data.* .rela.gnu.linkonce.d.*)
 *(.rel.tdata .rel.tdata.* .rel.gnu.linkonce.td.*)
 *(.rela.tdata .rela.tdata.* .rela.gnu.linkonce.td.*)
 *(.rel.tbss .rel.tbss.* .rel.gnu.linkonce.tb.*)
 *(.rela.tbss .rela.tbss.* .rela.gnu.linkonce.tb.*)
 *(.rel.ctors)
 *(.rela.ctors)
 *(.rel.dtors)
 *(.rela.dtors)
 *(.rel.got)
 *(.rela.got)
 *(.rel.sdata .rel.sdata.* .rel.gnu.linkonce.s.*)
 *(.rela.sdata .rela.sdata.* .rela.gnu.linkonce.s.*)
 *(.rel.sbss .rel.sbss.* .rel.gnu.linkonce.sb.*)
 *(.rela.sbss .rela.sbss.* .rela.gnu.linkonce.sb.*)
 *(.rel.sdata2 .rel.sdata2.* .rel.gnu.linkonce.s2.*)
 *(.rela.sdata2 .rela.sdata2.* .rela.gnu.linkonce.s2.*)
 *(.rel.sbss2 .rel.sbss2.* .rel.gnu.linkonce.sb2.*)
 *(.rela.sbss2 .rela.sbss2.* .rela.gnu.linkonce.sb2.*)
 *(.rel.bss .rel.bss.* .rel.gnu.linkonce.b.*)
 *(.rela.bss .rela.bss.* .rela.gnu.linkonce.b.*)
 *(.rel.plt)
 *(.rela.plt)
 *(.rel.dyn)
 *(.init)
 *(.plt)
 *(.text .stub .text.* .gnu.linkonce.t.*)
 .text          0x000000000000023c       0x3c c:/school/Jaar-3/Periode-4/FPGA/FPGA-project/software/rps_bsp//obj/HAL/src/crt0.o
                0x000000000000023c                _start
 .text          0x0000000000000278     0x1aac obj/default/fft/kiss_fft.o
                0x00000000000018e8                kiss_fft_alloc
                0x0000000000001b24                kiss_fft_stride
                0x0000000000001bf8                kiss_fft
                0x0000000000001c40                kiss_fft_cleanup
                0x0000000000001c60                kiss_fft_next_fast_size
 .text          0x0000000000001d24     0x13dc obj/default/main.o
                0x0000000000001d24                main
                0x0000000000002104                check_KEYs
                0x00000000000021d0                normalize_audio
                0x00000000000022e8                hamming_window
                0x00000000000023e0                fft
                0x0000000000002498                calculate_mfcc
                0x00000000000026e0                compare_mfcc_buffers
                0x0000000000002d60                clearLCD
                0x0000000000002ddc                writeToLCD
                0x0000000000002e58                checkIfSDCardIsPresent
                0x0000000000002f08                get_values_from_sd_card_file
                0x0000000000003070                list_files_on_sd_card
 .text          0x0000000000003100      0x884 obj/default/mfcc/libmfcc.o
                0x0000000000003100                GetCoefficient
                0x0000000000003390                NormalizationFactor
                0x0000000000003458                GetFilterParameter
                0x0000000000003754                GetMagnitudeFactor
                0x0000000000003868                GetCenterFrequency
 .text          0x0000000000003984        0x0 c:/intelfpga_lite/21.1/nios2eds/bin/gnu/h-x86_64-mingw32/bin/../lib/gcc/nios2-elf/10.3.1/../../../../../H-x86_64-mingw32/nios2-elf/lib/mhw-mulx\libm.a(lib_a-s_cos.o)
 .text.cos      0x0000000000003984       0xb0 c:/intelfpga_lite/21.1/nios2eds/bin/gnu/h-x86_64-mingw32/bin/../lib/gcc/nios2-elf/10.3.1/../../../../../H-x86_64-mingw32/nios2-elf/lib/mhw-mulx\libm.a(lib_a-s_cos.o)
                0x0000000000003984                cos
 .text          0x0000000000003a34        0x0 c:/intelfpga_lite/21.1/nios2eds/bin/gnu/h-x86_64-mingw32/bin/../lib/gcc/nios2-elf/10.3.1/../../../../../H-x86_64-mingw32/nios2-elf/lib/mhw-mulx\libm.a(lib_a-s_floor.o)
 .text.floor    0x0000000000003a34      0x1e4 c:/intelfpga_lite/21.1/nios2eds/bin/gnu/h-x86_64-mingw32/bin/../lib/gcc/nios2-elf/10.3.1/../../../../../H-x86_64-mingw32/nios2-elf/lib/mhw-mulx\libm.a(lib_a-s_floor.o)
                0x0000000000003a34                floor
 .text          0x0000000000003c18        0x0 c:/intelfpga_lite/21.1/nios2eds/bin/gnu/h-x86_64-mingw32/bin/../lib/gcc/nios2-elf/10.3.1/../../../../../H-x86_64-mingw32/nios2-elf/lib/mhw-mulx\libm.a(lib_a-s_sin.o)
 .text.sin      0x0000000000003c18       0xc4 c:/intelfpga_lite/21.1/nios2eds/bin/gnu/h-x86_64-mingw32/bin/../lib/gcc/nios2-elf/10.3.1/../../../../../H-x86_64-mingw32/nios2-elf/lib/mhw-mulx\libm.a(lib_a-s_sin.o)
                0x0000000000003c18                sin
 .text          0x0000000000003cdc        0x0 c:/intelfpga_lite/21.1/nios2eds/bin/gnu/h-x86_64-mingw32/bin/../lib/gcc/nios2-elf/10.3.1/../../../../../H-x86_64-mingw32/nios2-elf/lib/mhw-mulx\libm.a(lib_a-sf_cos.o)
 .text.cosf     0x0000000000003cdc       0x9c c:/intelfpga_lite/21.1/nios2eds/bin/gnu/h-x86_64-mingw32/bin/../lib/gcc/nios2-elf/10.3.1/../../../../../H-x86_64-mingw32/nios2-elf/lib/mhw-mulx\libm.a(lib_a-sf_cos.o)
                0x0000000000003cdc                cosf
 .text          0x0000000000003d78        0x0 c:/intelfpga_lite/21.1/nios2eds/bin/gnu/h-x86_64-mingw32/bin/../lib/gcc/nios2-elf/10.3.1/../../../../../H-x86_64-mingw32/nios2-elf/lib/mhw-mulx\libm.a(lib_a-w_log.o)
 .text.log      0x0000000000003d78       0xc4 c:/intelfpga_lite/21.1/nios2eds/bin/gnu/h-x86_64-mingw32/bin/../lib/gcc/nios2-elf/10.3.1/../../../../../H-x86_64-mingw32/nios2-elf/lib/mhw-mulx\libm.a(lib_a-w_log.o)
                0x0000000000003d78                log
 .text          0x0000000000003e3c        0x0 c:/intelfpga_lite/21.1/nios2eds/bin/gnu/h-x86_64-mingw32/bin/../lib/gcc/nios2-elf/10.3.1/../../../../../H-x86_64-mingw32/nios2-elf/lib/mhw-mulx\libm.a(lib_a-w_pow.o)
 .text.pow      0x0000000000003e3c      0x2bc c:/intelfpga_lite/21.1/nios2eds/bin/gnu/h-x86_64-mingw32/bin/../lib/gcc/nios2-elf/10.3.1/../../../../../H-x86_64-mingw32/nios2-elf/lib/mhw-mulx\libm.a(lib_a-w_pow.o)
                0x0000000000003e3c                pow
 .text          0x00000000000040f8        0x0 c:/intelfpga_lite/21.1/nios2eds/bin/gnu/h-x86_64-mingw32/bin/../lib/gcc/nios2-elf/10.3.1/../../../../../H-x86_64-mingw32/nios2-elf/lib/mhw-mulx\libm.a(lib_a-w_sqrt.o)
 .text.sqrt     0x00000000000040f8       0xac c:/intelfpga_lite/21.1/nios2eds/bin/gnu/h-x86_64-mingw32/bin/../lib/gcc/nios2-elf/10.3.1/../../../../../H-x86_64-mingw32/nios2-elf/lib/mhw-mulx\libm.a(lib_a-w_sqrt.o)
                0x00000000000040f8                sqrt
 .text          0x00000000000041a4        0x0 c:/intelfpga_lite/21.1/nios2eds/bin/gnu/h-x86_64-mingw32/bin/../lib/gcc/nios2-elf/10.3.1/../../../../../H-x86_64-mingw32/nios2-elf/lib/mhw-mulx\libm.a(lib_a-e_log.o)
 .text.__ieee754_log
                0x00000000000041a4      0x68c c:/intelfpga_lite/21.1/nios2eds/bin/gnu/h-x86_64-mingw32/bin/../lib/gcc/nios2-elf/10.3.1/../../../../../H-x86_64-mingw32/nios2-elf/lib/mhw-mulx\libm.a(lib_a-e_log.o)
                0x00000000000041a4                __ieee754_log
 .text          0x0000000000004830        0x0 c:/intelfpga_lite/21.1/nios2eds/bin/gnu/h-x86_64-mingw32/bin/../lib/gcc/nios2-elf/10.3.1/../../../../../H-x86_64-mingw32/nios2-elf/lib/mhw-mulx\libm.a(lib_a-e_pow.o)
 .text.__ieee754_pow
                0x0000000000004830     0x1108 c:/intelfpga_lite/21.1/nios2eds/bin/gnu/h-x86_64-mingw32/bin/../lib/gcc/nios2-elf/10.3.1/../../../../../H-x86_64-mingw32/nios2-elf/lib/mhw-mulx\libm.a(lib_a-e_pow.o)
                0x0000000000004830                __ieee754_pow
 .text          0x0000000000005938        0x0 c:/intelfpga_lite/21.1/nios2eds/bin/gnu/h-x86_64-mingw32/bin/../lib/gcc/nios2-elf/10.3.1/../../../../../H-x86_64-mingw32/nios2-elf/lib/mhw-mulx\libm.a(lib_a-e_rem_pio2.o)
 .text.__ieee754_rem_pio2
                0x0000000000005938      0x74c c:/intelfpga_lite/21.1/nios2eds/bin/gnu/h-x86_64-mingw32/bin/../lib/gcc/nios2-elf/10.3.1/../../../../../H-x86_64-mingw32/nios2-elf/lib/mhw-mulx\libm.a(lib_a-e_rem_pio2.o)
                0x0000000000005938                __ieee754_rem_pio2
 .text          0x0000000000006084        0x0 c:/intelfpga_lite/21.1/nios2eds/bin/gnu/h-x86_64-mingw32/bin/../lib/gcc/nios2-elf/10.3.1/../../../../../H-x86_64-mingw32/nios2-elf/lib/mhw-mulx\libm.a(lib_a-e_sqrt.o)
 .text.__ieee754_sqrt
                0x0000000000006084      0x26c c:/intelfpga_lite/21.1/nios2eds/bin/gnu/h-x86_64-mingw32/bin/../lib/gcc/nios2-elf/10.3.1/../../../../../H-x86_64-mingw32/nios2-elf/lib/mhw-mulx\libm.a(lib_a-e_sqrt.o)
                0x0000000000006084                __ieee754_sqrt
 .text          0x00000000000062f0        0x0 c:/intelfpga_lite/21.1/nios2eds/bin/gnu/h-x86_64-mingw32/bin/../lib/gcc/nios2-elf/10.3.1/../../../../../H-x86_64-mingw32/nios2-elf/lib/mhw-mulx\libm.a(lib_a-ef_rem_pio2.o)
 .text.__ieee754_rem_pio2f
                0x00000000000062f0      0x4fc c:/intelfpga_lite/21.1/nios2eds/bin/gnu/h-x86_64-mingw32/bin/../lib/gcc/nios2-elf/10.3.1/../../../../../H-x86_64-mingw32/nios2-elf/lib/mhw-mulx\libm.a(lib_a-ef_rem_pio2.o)
                0x00000000000062f0                __ieee754_rem_pio2f
 .text          0x00000000000067ec        0x0 c:/intelfpga_lite/21.1/nios2eds/bin/gnu/h-x86_64-mingw32/bin/../lib/gcc/nios2-elf/10.3.1/../../../../../H-x86_64-mingw32/nios2-elf/lib/mhw-mulx\libm.a(lib_a-k_cos.o)
 .text.__kernel_cos
                0x00000000000067ec      0x4ac c:/intelfpga_lite/21.1/nios2eds/bin/gnu/h-x86_64-mingw32/bin/../lib/gcc/nios2-elf/10.3.1/../../../../../H-x86_64-mingw32/nios2-elf/lib/mhw-mulx\libm.a(lib_a-k_cos.o)
                0x00000000000067ec                __kernel_cos
 .text          0x0000000000006c98        0x0 c:/intelfpga_lite/21.1/nios2eds/bin/gnu/h-x86_64-mingw32/bin/../lib/gcc/nios2-elf/10.3.1/../../../../../H-x86_64-mingw32/nios2-elf/lib/mhw-mulx\libm.a(lib_a-k_rem_pio2.o)
 .text.__kernel_rem_pio2
                0x0000000000006c98      0xd0c c:/intelfpga_lite/21.1/nios2eds/bin/gnu/h-x86_64-mingw32/bin/../lib/gcc/nios2-elf/10.3.1/../../../../../H-x86_64-mingw32/nios2-elf/lib/mhw-mulx\libm.a(lib_a-k_rem_pio2.o)
                0x0000000000006c98                __kernel_rem_pio2
 .text          0x00000000000079a4        0x0 c:/intelfpga_lite/21.1/nios2eds/bin/gnu/h-x86_64-mingw32/bin/../lib/gcc/nios2-elf/10.3.1/../../../../../H-x86_64-mingw32/nios2-elf/lib/mhw-mulx\libm.a(lib_a-k_sin.o)
 .text.__kernel_sin
                0x00000000000079a4      0x2c8 c:/intelfpga_lite/21.1/nios2eds/bin/gnu/h-x86_64-mingw32/bin/../lib/gcc/nios2-elf/10.3.1/../../../../../H-x86_64-mingw32/nios2-elf/lib/mhw-mulx\libm.a(lib_a-k_sin.o)
                0x00000000000079a4                __kernel_sin
 .text          0x0000000000007c6c        0x0 c:/intelfpga_lite/21.1/nios2eds/bin/gnu/h-x86_64-mingw32/bin/../lib/gcc/nios2-elf/10.3.1/../../../../../H-x86_64-mingw32/nios2-elf/lib/mhw-mulx\libm.a(lib_a-kf_cos.o)
 .text.__kernel_cosf
                0x0000000000007c6c      0x2c4 c:/intelfpga_lite/21.1/nios2eds/bin/gnu/h-x86_64-mingw32/bin/../lib/gcc/nios2-elf/10.3.1/../../../../../H-x86_64-mingw32/nios2-elf/lib/mhw-mulx\libm.a(lib_a-kf_cos.o)
                0x0000000000007c6c                __kernel_cosf
 .text          0x0000000000007f30        0x0 c:/intelfpga_lite/21.1/nios2eds/bin/gnu/h-x86_64-mingw32/bin/../lib/gcc/nios2-elf/10.3.1/../../../../../H-x86_64-mingw32/nios2-elf/lib/mhw-mulx\libm.a(lib_a-kf_rem_pio2.o)
 .text.__kernel_rem_pio2f
                0x0000000000007f30      0xac4 c:/intelfpga_lite/21.1/nios2eds/bin/gnu/h-x86_64-mingw32/bin/../lib/gcc/nios2-elf/10.3.1/../../../../../H-x86_64-mingw32/nios2-elf/lib/mhw-mulx\libm.a(lib_a-kf_rem_pio2.o)
                0x0000000000007f30                __kernel_rem_pio2f
 .text          0x00000000000089f4        0x0 c:/intelfpga_lite/21.1/nios2eds/bin/gnu/h-x86_64-mingw32/bin/../lib/gcc/nios2-elf/10.3.1/../../../../../H-x86_64-mingw32/nios2-elf/lib/mhw-mulx\libm.a(lib_a-kf_sin.o)
 .text.__kernel_sinf
                0x00000000000089f4      0x1b4 c:/intelfpga_lite/21.1/nios2eds/bin/gnu/h-x86_64-mingw32/bin/../lib/gcc/nios2-elf/10.3.1/../../../../../H-x86_64-mingw32/nios2-elf/lib/mhw-mulx\libm.a(lib_a-kf_sin.o)
                0x00000000000089f4                __kernel_sinf
 .text          0x0000000000008ba8        0x0 c:/intelfpga_lite/21.1/nios2eds/bin/gnu/h-x86_64-mingw32/bin/../lib/gcc/nios2-elf/10.3.1/../../../../../H-x86_64-mingw32/nios2-elf/lib/mhw-mulx\libm.a(lib_a-math_err.o)
 .text.with_errno
                0x0000000000008ba8       0x48 c:/intelfpga_lite/21.1/nios2eds/bin/gnu/h-x86_64-mingw32/bin/../lib/gcc/nios2-elf/10.3.1/../../../../../H-x86_64-mingw32/nios2-elf/lib/mhw-mulx\libm.a(lib_a-math_err.o)
 .text.xflow    0x0000000000008bf0       0x50 c:/intelfpga_lite/21.1/nios2eds/bin/gnu/h-x86_64-mingw32/bin/../lib/gcc/nios2-elf/10.3.1/../../../../../H-x86_64-mingw32/nios2-elf/lib/mhw-mulx\libm.a(lib_a-math_err.o)
 .text.__math_uflow
                0x0000000000008c40        0xc c:/intelfpga_lite/21.1/nios2eds/bin/gnu/h-x86_64-mingw32/bin/../lib/gcc/nios2-elf/10.3.1/../../../../../H-x86_64-mingw32/nios2-elf/lib/mhw-mulx\libm.a(lib_a-math_err.o)
                0x0000000000008c40                __math_uflow
 .text.__math_may_uflow
                0x0000000000008c4c        0xc c:/intelfpga_lite/21.1/nios2eds/bin/gnu/h-x86_64-mingw32/bin/../lib/gcc/nios2-elf/10.3.1/../../../../../H-x86_64-mingw32/nios2-elf/lib/mhw-mulx\libm.a(lib_a-math_err.o)
                0x0000000000008c4c                __math_may_uflow
 .text.__math_oflow
                0x0000000000008c58        0xc c:/intelfpga_lite/21.1/nios2eds/bin/gnu/h-x86_64-mingw32/bin/../lib/gcc/nios2-elf/10.3.1/../../../../../H-x86_64-mingw32/nios2-elf/lib/mhw-mulx\libm.a(lib_a-math_err.o)
                0x0000000000008c58                __math_oflow
 .text.__math_divzero
                0x0000000000008c64       0x4c c:/intelfpga_lite/21.1/nios2eds/bin/gnu/h-x86_64-mingw32/bin/../lib/gcc/nios2-elf/10.3.1/../../../../../H-x86_64-mingw32/nios2-elf/lib/mhw-mulx\libm.a(lib_a-math_err.o)
                0x0000000000008c64                __math_divzero
 .text.__math_invalid
                0x0000000000008cb0       0x94 c:/intelfpga_lite/21.1/nios2eds/bin/gnu/h-x86_64-mingw32/bin/../lib/gcc/nios2-elf/10.3.1/../../../../../H-x86_64-mingw32/nios2-elf/lib/mhw-mulx\libm.a(lib_a-math_err.o)
                0x0000000000008cb0                __math_invalid
 .text.__math_check_uflow
                0x0000000000008d44       0x64 c:/intelfpga_lite/21.1/nios2eds/bin/gnu/h-x86_64-mingw32/bin/../lib/gcc/nios2-elf/10.3.1/../../../../../H-x86_64-mingw32/nios2-elf/lib/mhw-mulx\libm.a(lib_a-math_err.o)
                0x0000000000008d44                __math_check_uflow
 .text.__math_check_oflow
                0x0000000000008da8       0xa0 c:/intelfpga_lite/21.1/nios2eds/bin/gnu/h-x86_64-mingw32/bin/../lib/gcc/nios2-elf/10.3.1/../../../../../H-x86_64-mingw32/nios2-elf/lib/mhw-mulx\libm.a(lib_a-math_err.o)
                0x0000000000008da8                __math_check_oflow
 .text          0x0000000000008e48        0x0 c:/intelfpga_lite/21.1/nios2eds/bin/gnu/h-x86_64-mingw32/bin/../lib/gcc/nios2-elf/10.3.1/../../../../../H-x86_64-mingw32/nios2-elf/lib/mhw-mulx\libm.a(lib_a-s_scalbn.o)
 .text.scalbn   0x0000000000008e48      0x1c0 c:/intelfpga_lite/21.1/nios2eds/bin/gnu/h-x86_64-mingw32/bin/../lib/gcc/nios2-elf/10.3.1/../../../../../H-x86_64-mingw32/nios2-elf/lib/mhw-mulx\libm.a(lib_a-s_scalbn.o)
                0x0000000000008e48                scalbn
 .text          0x0000000000009008        0x0 c:/intelfpga_lite/21.1/nios2eds/bin/gnu/h-x86_64-mingw32/bin/../lib/gcc/nios2-elf/10.3.1/../../../../../H-x86_64-mingw32/nios2-elf/lib/mhw-mulx\libm.a(lib_a-sf_floor.o)
 .text.floorf   0x0000000000009008       0xf4 c:/intelfpga_lite/21.1/nios2eds/bin/gnu/h-x86_64-mingw32/bin/../lib/gcc/nios2-elf/10.3.1/../../../../../H-x86_64-mingw32/nios2-elf/lib/mhw-mulx\libm.a(lib_a-sf_floor.o)
                0x0000000000009008                floorf
 .text          0x00000000000090fc        0x0 c:/intelfpga_lite/21.1/nios2eds/bin/gnu/h-x86_64-mingw32/bin/../lib/gcc/nios2-elf/10.3.1/../../../../../H-x86_64-mingw32/nios2-elf/lib/mhw-mulx\libm.a(lib_a-sf_scalbn.o)
 .text.scalbnf  0x00000000000090fc      0x14c c:/intelfpga_lite/21.1/nios2eds/bin/gnu/h-x86_64-mingw32/bin/../lib/gcc/nios2-elf/10.3.1/../../../../../H-x86_64-mingw32/nios2-elf/lib/mhw-mulx\libm.a(lib_a-sf_scalbn.o)
                0x00000000000090fc                scalbnf
 .text          0x0000000000009248      0x1b4 c:/intelfpga_lite/21.1/nios2eds/bin/gnu/h-x86_64-mingw32/bin/../lib/gcc/nios2-elf/10.3.1/mhw-mulx\libgcc.a(lib2-divmod.o)
                0x0000000000009248                __divsi3
                0x00000000000092c8                __modsi3
                0x000000000000933c                __udivsi3
                0x00000000000093a0                __umodsi3
 .text          0x00000000000093fc      0x46c c:/intelfpga_lite/21.1/nios2eds/bin/gnu/h-x86_64-mingw32/bin/../lib/gcc/nios2-elf/10.3.1/mhw-mulx\libgcc.a(addsf3.o)
                0x00000000000093fc                __addsf3
 .text          0x0000000000009868       0x70 c:/intelfpga_lite/21.1/nios2eds/bin/gnu/h-x86_64-mingw32/bin/../lib/gcc/nios2-elf/10.3.1/mhw-mulx\libgcc.a(eqsf2.o)
                0x0000000000009868                __eqsf2
                0x0000000000009868                __nesf2
 .text          0x00000000000098d8       0xb8 c:/intelfpga_lite/21.1/nios2eds/bin/gnu/h-x86_64-mingw32/bin/../lib/gcc/nios2-elf/10.3.1/mhw-mulx\libgcc.a(gesf2.o)
                0x00000000000098d8                __gesf2
                0x00000000000098d8                __gtsf2
 .text          0x0000000000009990      0x3b4 c:/intelfpga_lite/21.1/nios2eds/bin/gnu/h-x86_64-mingw32/bin/../lib/gcc/nios2-elf/10.3.1/mhw-mulx\libgcc.a(mulsf3.o)
                0x0000000000009990                __mulsf3
 .text          0x0000000000009d44      0x494 c:/intelfpga_lite/21.1/nios2eds/bin/gnu/h-x86_64-mingw32/bin/../lib/gcc/nios2-elf/10.3.1/mhw-mulx\libgcc.a(subsf3.o)
                0x0000000000009d44                __subsf3
 .text          0x000000000000a1d8       0x70 c:/intelfpga_lite/21.1/nios2eds/bin/gnu/h-x86_64-mingw32/bin/../lib/gcc/nios2-elf/10.3.1/mhw-mulx\libgcc.a(fixsfsi.o)
                0x000000000000a1d8                __fixsfsi
 .text          0x000000000000a248      0x124 c:/intelfpga_lite/21.1/nios2eds/bin/gnu/h-x86_64-mingw32/bin/../lib/gcc/nios2-elf/10.3.1/mhw-mulx\libgcc.a(floatsisf.o)
                0x000000000000a248                __floatsisf
 .text          0x000000000000a36c       0xfc c:/intelfpga_lite/21.1/nios2eds/bin/gnu/h-x86_64-mingw32/bin/../lib/gcc/nios2-elf/10.3.1/mhw-mulx\libgcc.a(floatunsisf.o)
                0x000000000000a36c                __floatunsisf
 .text          0x000000000000a468      0x8f0 c:/intelfpga_lite/21.1/nios2eds/bin/gnu/h-x86_64-mingw32/bin/../lib/gcc/nios2-elf/10.3.1/mhw-mulx\libgcc.a(adddf3.o)
                0x000000000000a468                __adddf3
 .text          0x000000000000ad58      0x850 c:/intelfpga_lite/21.1/nios2eds/bin/gnu/h-x86_64-mingw32/bin/../lib/gcc/nios2-elf/10.3.1/mhw-mulx\libgcc.a(divdf3.o)
                0x000000000000ad58                __divdf3
 .text          0x000000000000b5a8       0x80 c:/intelfpga_lite/21.1/nios2eds/bin/gnu/h-x86_64-mingw32/bin/../lib/gcc/nios2-elf/10.3.1/mhw-mulx\libgcc.a(eqdf2.o)
                0x000000000000b5a8                __nedf2
                0x000000000000b5a8                __eqdf2
 .text          0x000000000000b628       0xe8 c:/intelfpga_lite/21.1/nios2eds/bin/gnu/h-x86_64-mingw32/bin/../lib/gcc/nios2-elf/10.3.1/mhw-mulx\libgcc.a(gedf2.o)
                0x000000000000b628                __gedf2
                0x000000000000b628                __gtdf2
 .text          0x000000000000b710       0xe8 c:/intelfpga_lite/21.1/nios2eds/bin/gnu/h-x86_64-mingw32/bin/../lib/gcc/nios2-elf/10.3.1/mhw-mulx\libgcc.a(ledf2.o)
                0x000000000000b710                __ledf2
                0x000000000000b710                __ltdf2
 .text          0x000000000000b7f8      0x674 c:/intelfpga_lite/21.1/nios2eds/bin/gnu/h-x86_64-mingw32/bin/../lib/gcc/nios2-elf/10.3.1/mhw-mulx\libgcc.a(muldf3.o)
                0x000000000000b7f8                __muldf3
 .text          0x000000000000be6c      0x90c c:/intelfpga_lite/21.1/nios2eds/bin/gnu/h-x86_64-mingw32/bin/../lib/gcc/nios2-elf/10.3.1/mhw-mulx\libgcc.a(subdf3.o)
                0x000000000000be6c                __subdf3
 .text          0x000000000000c778       0x54 c:/intelfpga_lite/21.1/nios2eds/bin/gnu/h-x86_64-mingw32/bin/../lib/gcc/nios2-elf/10.3.1/mhw-mulx\libgcc.a(unorddf2.o)
                0x000000000000c778                __unorddf2
 .text          0x000000000000c7cc       0x80 c:/intelfpga_lite/21.1/nios2eds/bin/gnu/h-x86_64-mingw32/bin/../lib/gcc/nios2-elf/10.3.1/mhw-mulx\libgcc.a(fixdfsi.o)
                0x000000000000c7cc                __fixdfsi
 .text          0x000000000000c84c       0xb8 c:/intelfpga_lite/21.1/nios2eds/bin/gnu/h-x86_64-mingw32/bin/../lib/gcc/nios2-elf/10.3.1/mhw-mulx\libgcc.a(floatsidf.o)
                0x000000000000c84c                __floatsidf
 .text          0x000000000000c904       0x90 c:/intelfpga_lite/21.1/nios2eds/bin/gnu/h-x86_64-mingw32/bin/../lib/gcc/nios2-elf/10.3.1/mhw-mulx\libgcc.a(floatunsidf.o)
                0x000000000000c904                __floatunsidf
 .text          0x000000000000c994       0xfc c:/intelfpga_lite/21.1/nios2eds/bin/gnu/h-x86_64-mingw32/bin/../lib/gcc/nios2-elf/10.3.1/mhw-mulx\libgcc.a(extendsfdf2.o)
                0x000000000000c994                __extendsfdf2
 .text          0x000000000000ca90      0x170 c:/intelfpga_lite/21.1/nios2eds/bin/gnu/h-x86_64-mingw32/bin/../lib/gcc/nios2-elf/10.3.1/mhw-mulx\libgcc.a(truncdfsf2.o)
                0x000000000000ca90                __truncdfsf2
 .text          0x000000000000cc00       0x54 c:/intelfpga_lite/21.1/nios2eds/bin/gnu/h-x86_64-mingw32/bin/../lib/gcc/nios2-elf/10.3.1/mhw-mulx\libgcc.a(_clzsi2.o)
                0x000000000000cc00                __clzsi2
 .text          0x000000000000cc54        0x0 c:/intelfpga_lite/21.1/nios2eds/bin/gnu/h-x86_64-mingw32/bin/../lib/gcc/nios2-elf/10.3.1/mhw-mulx\libgcc.a(_clz.o)
 .text          0x000000000000cc54        0x0 c:/intelfpga_lite/21.1/nios2eds/bin/gnu/h-x86_64-mingw32/bin/../lib/gcc/nios2-elf/10.3.1/../../../../../H-x86_64-mingw32/nios2-elf/lib/mhw-mulx\libc.a(lib_a-errno.o)
 .text.__errno  0x000000000000cc54        0xc c:/intelfpga_lite/21.1/nios2eds/bin/gnu/h-x86_64-mingw32/bin/../lib/gcc/nios2-elf/10.3.1/../../../../../H-x86_64-mingw32/nios2-elf/lib/mhw-mulx\libc.a(lib_a-errno.o)
                0x000000000000cc54                __errno
 .text          0x000000000000cc60        0x0 c:/intelfpga_lite/21.1/nios2eds/bin/gnu/h-x86_64-mingw32/bin/../lib/gcc/nios2-elf/10.3.1/../../../../../H-x86_64-mingw32/nios2-elf/lib/mhw-mulx\libc.a(lib_a-impure.o)
 .text          0x000000000000cc60        0x0 c:/intelfpga_lite/21.1/nios2eds/bin/gnu/h-x86_64-mingw32/bin/../lib/gcc/nios2-elf/10.3.1/../../../../../H-x86_64-mingw32/nios2-elf/lib/mhw-mulx\libc.a(lib_a-malloc.o)
 .text.malloc   0x000000000000cc60       0x10 c:/intelfpga_lite/21.1/nios2eds/bin/gnu/h-x86_64-mingw32/bin/../lib/gcc/nios2-elf/10.3.1/../../../../../H-x86_64-mingw32/nios2-elf/lib/mhw-mulx\libc.a(lib_a-malloc.o)
                0x000000000000cc60                malloc
 .text.free     0x000000000000cc70       0x10 c:/intelfpga_lite/21.1/nios2eds/bin/gnu/h-x86_64-mingw32/bin/../lib/gcc/nios2-elf/10.3.1/../../../../../H-x86_64-mingw32/nios2-elf/lib/mhw-mulx\libc.a(lib_a-malloc.o)
                0x000000000000cc70                free
 .text          0x000000000000cc80        0x0 c:/intelfpga_lite/21.1/nios2eds/bin/gnu/h-x86_64-mingw32/bin/../lib/gcc/nios2-elf/10.3.1/../../../../../H-x86_64-mingw32/nios2-elf/lib/mhw-mulx\libc.a(lib_a-mallocr.o)
 .text._malloc_r
                0x000000000000cc80      0x7e0 c:/intelfpga_lite/21.1/nios2eds/bin/gnu/h-x86_64-mingw32/bin/../lib/gcc/nios2-elf/10.3.1/../../../../../H-x86_64-mingw32/nios2-elf/lib/mhw-mulx\libc.a(lib_a-mallocr.o)
                0x000000000000cc80                _malloc_r
 .text          0x000000000000d460        0x0 c:/intelfpga_lite/21.1/nios2eds/bin/gnu/h-x86_64-mingw32/bin/../lib/gcc/nios2-elf/10.3.1/../../../../../H-x86_64-mingw32/nios2-elf/lib/mhw-mulx\libc.a(lib_a-memcpy.o)
 .text.memcpy   0x000000000000d460      0x100 c:/intelfpga_lite/21.1/nios2eds/bin/gnu/h-x86_64-mingw32/bin/../lib/gcc/nios2-elf/10.3.1/../../../../../H-x86_64-mingw32/nios2-elf/lib/mhw-mulx\libc.a(lib_a-memcpy.o)
                0x000000000000d460                memcpy
 .text          0x000000000000d560        0x0 c:/intelfpga_lite/21.1/nios2eds/bin/gnu/h-x86_64-mingw32/bin/../lib/gcc/nios2-elf/10.3.1/../../../../../H-x86_64-mingw32/nios2-elf/lib/mhw-mulx\libc.a(lib_a-printf.o)
 .text._printf_r
                0x000000000000d560       0x30 c:/intelfpga_lite/21.1/nios2eds/bin/gnu/h-x86_64-mingw32/bin/../lib/gcc/nios2-elf/10.3.1/../../../../../H-x86_64-mingw32/nios2-elf/lib/mhw-mulx\libc.a(lib_a-printf.o)
                0x000000000000d560                _printf_r
 .text.printf   0x000000000000d590       0x38 c:/intelfpga_lite/21.1/nios2eds/bin/gnu/h-x86_64-mingw32/bin/../lib/gcc/nios2-elf/10.3.1/../../../../../H-x86_64-mingw32/nios2-elf/lib/mhw-mulx\libc.a(lib_a-printf.o)
                0x000000000000d590                printf
 .text          0x000000000000d5c8        0x0 c:/intelfpga_lite/21.1/nios2eds/bin/gnu/h-x86_64-mingw32/bin/../lib/gcc/nios2-elf/10.3.1/../../../../../H-x86_64-mingw32/nios2-elf/lib/mhw-mulx\libc.a(lib_a-puts.o)
 .text._puts_r  0x000000000000d5c8       0xcc c:/intelfpga_lite/21.1/nios2eds/bin/gnu/h-x86_64-mingw32/bin/../lib/gcc/nios2-elf/10.3.1/../../../../../H-x86_64-mingw32/nios2-elf/lib/mhw-mulx\libc.a(lib_a-puts.o)
                0x000000000000d5c8                _puts_r
 .text.puts     0x000000000000d694       0x10 c:/intelfpga_lite/21.1/nios2eds/bin/gnu/h-x86_64-mingw32/bin/../lib/gcc/nios2-elf/10.3.1/../../../../../H-x86_64-mingw32/nios2-elf/lib/mhw-mulx\libc.a(lib_a-puts.o)
                0x000000000000d694                puts
 .text          0x000000000000d6a4        0x0 c:/intelfpga_lite/21.1/nios2eds/bin/gnu/h-x86_64-mingw32/bin/../lib/gcc/nios2-elf/10.3.1/../../../../../H-x86_64-mingw32/nios2-elf/lib/mhw-mulx\libc.a(lib_a-sbrkr.o)
 .text._sbrk_r  0x000000000000d6a4       0x58 c:/intelfpga_lite/21.1/nios2eds/bin/gnu/h-x86_64-mingw32/bin/../lib/gcc/nios2-elf/10.3.1/../../../../../H-x86_64-mingw32/nios2-elf/lib/mhw-mulx\libc.a(lib_a-sbrkr.o)
                0x000000000000d6a4                _sbrk_r
 .text          0x000000000000d6fc        0x0 c:/intelfpga_lite/21.1/nios2eds/bin/gnu/h-x86_64-mingw32/bin/../lib/gcc/nios2-elf/10.3.1/../../../../../H-x86_64-mingw32/nios2-elf/lib/mhw-mulx\libc.a(lib_a-strlen.o)
 .text.strlen   0x000000000000d6fc       0x98 c:/intelfpga_lite/21.1/nios2eds/bin/gnu/h-x86_64-mingw32/bin/../lib/gcc/nios2-elf/10.3.1/../../../../../H-x86_64-mingw32/nios2-elf/lib/mhw-mulx\libc.a(lib_a-strlen.o)
                0x000000000000d6fc                strlen
 .text          0x000000000000d794        0x0 c:/intelfpga_lite/21.1/nios2eds/bin/gnu/h-x86_64-mingw32/bin/../lib/gcc/nios2-elf/10.3.1/../../../../../H-x86_64-mingw32/nios2-elf/lib/mhw-mulx\libc.a(lib_a-strtod.o)
 .text._strtod_l
                0x000000000000d794     0x15dc c:/intelfpga_lite/21.1/nios2eds/bin/gnu/h-x86_64-mingw32/bin/../lib/gcc/nios2-elf/10.3.1/../../../../../H-x86_64-mingw32/nios2-elf/lib/mhw-mulx\libc.a(lib_a-strtod.o)
                0x000000000000d794                _strtod_l
 .text._strtod_r
                0x000000000000ed70        0xc c:/intelfpga_lite/21.1/nios2eds/bin/gnu/h-x86_64-mingw32/bin/../lib/gcc/nios2-elf/10.3.1/../../../../../H-x86_64-mingw32/nios2-elf/lib/mhw-mulx\libc.a(lib_a-strtod.o)
                0x000000000000ed70                _strtod_r
 .text.strtod_l
                0x000000000000ed7c       0x1c c:/intelfpga_lite/21.1/nios2eds/bin/gnu/h-x86_64-mingw32/bin/../lib/gcc/nios2-elf/10.3.1/../../../../../H-x86_64-mingw32/nios2-elf/lib/mhw-mulx\libc.a(lib_a-strtod.o)
                0x000000000000ed7c                strtod_l
 .text.strtod   0x000000000000ed98       0x20 c:/intelfpga_lite/21.1/nios2eds/bin/gnu/h-x86_64-mingw32/bin/../lib/gcc/nios2-elf/10.3.1/../../../../../H-x86_64-mingw32/nios2-elf/lib/mhw-mulx\libc.a(lib_a-strtod.o)
                0x000000000000ed98                strtod
 .text.strtof_l
                0x000000000000edb8      0x120 c:/intelfpga_lite/21.1/nios2eds/bin/gnu/h-x86_64-mingw32/bin/../lib/gcc/nios2-elf/10.3.1/../../../../../H-x86_64-mingw32/nios2-elf/lib/mhw-mulx\libc.a(lib_a-strtod.o)
                0x000000000000edb8                strtof_l
 .text.strtof   0x000000000000eed8      0x124 c:/intelfpga_lite/21.1/nios2eds/bin/gnu/h-x86_64-mingw32/bin/../lib/gcc/nios2-elf/10.3.1/../../../../../H-x86_64-mingw32/nios2-elf/lib/mhw-mulx\libc.a(lib_a-strtod.o)
                0x000000000000eed8                strtof
 .text          0x000000000000effc        0x0 c:/intelfpga_lite/21.1/nios2eds/bin/gnu/h-x86_64-mingw32/bin/../lib/gcc/nios2-elf/10.3.1/../../../../../H-x86_64-mingw32/nios2-elf/lib/mhw-mulx\libc.a(lib_a-strtok.o)
 .text.strtok   0x000000000000effc       0x14 c:/intelfpga_lite/21.1/nios2eds/bin/gnu/h-x86_64-mingw32/bin/../lib/gcc/nios2-elf/10.3.1/../../../../../H-x86_64-mingw32/nios2-elf/lib/mhw-mulx\libc.a(lib_a-strtok.o)
                0x000000000000effc                strtok
 .text          0x000000000000f010        0x0 c:/intelfpga_lite/21.1/nios2eds/bin/gnu/h-x86_64-mingw32/bin/../lib/gcc/nios2-elf/10.3.1/../../../../../H-x86_64-mingw32/nios2-elf/lib/mhw-mulx\libc.a(lib_a-strtok_r.o)
 .text.__strtok_r
                0x000000000000f010       0xa4 c:/intelfpga_lite/21.1/nios2eds/bin/gnu/h-x86_64-mingw32/bin/../lib/gcc/nios2-elf/10.3.1/../../../../../H-x86_64-mingw32/nios2-elf/lib/mhw-mulx\libc.a(lib_a-strtok_r.o)
                0x000000000000f010                __strtok_r
 .text.strtok_r
                0x000000000000f0b4        0x8 c:/intelfpga_lite/21.1/nios2eds/bin/gnu/h-x86_64-mingw32/bin/../lib/gcc/nios2-elf/10.3.1/../../../../../H-x86_64-mingw32/nios2-elf/lib/mhw-mulx\libc.a(lib_a-strtok_r.o)
                0x000000000000f0b4                strtok_r
 .text          0x000000000000f0bc        0x0 c:/intelfpga_lite/21.1/nios2eds/bin/gnu/h-x86_64-mingw32/bin/../lib/gcc/nios2-elf/10.3.1/../../../../../H-x86_64-mingw32/nios2-elf/lib/mhw-mulx\libc.a(lib_a-vfprintf.o)
 .text.___vfprintf_internal_r
                0x000000000000f0bc     0x2008 c:/intelfpga_lite/21.1/nios2eds/bin/gnu/h-x86_64-mingw32/bin/../lib/gcc/nios2-elf/10.3.1/../../../../../H-x86_64-mingw32/nios2-elf/lib/mhw-mulx\libc.a(lib_a-vfprintf.o)
                0x000000000000f0bc                ___vfprintf_internal_r
 .text.__vfprintf_internal
                0x00000000000110c4       0x1c c:/intelfpga_lite/21.1/nios2eds/bin/gnu/h-x86_64-mingw32/bin/../lib/gcc/nios2-elf/10.3.1/../../../../../H-x86_64-mingw32/nios2-elf/lib/mhw-mulx\libc.a(lib_a-vfprintf.o)
                0x00000000000110c4                __vfprintf_internal
 .text.__sbprintf
                0x00000000000110e0       0xc0 c:/intelfpga_lite/21.1/nios2eds/bin/gnu/h-x86_64-mingw32/bin/../lib/gcc/nios2-elf/10.3.1/../../../../../H-x86_64-mingw32/nios2-elf/lib/mhw-mulx\libc.a(lib_a-vfprintf.o)
 .text          0x00000000000111a0        0x0 c:/intelfpga_lite/21.1/nios2eds/bin/gnu/h-x86_64-mingw32/bin/../lib/gcc/nios2-elf/10.3.1/../../../../../H-x86_64-mingw32/nios2-elf/lib/mhw-mulx\libc.a(lib_a-wsetup.o)
 .text.__swsetup_r
                0x00000000000111a0      0x164 c:/intelfpga_lite/21.1/nios2eds/bin/gnu/h-x86_64-mingw32/bin/../lib/gcc/nios2-elf/10.3.1/../../../../../H-x86_64-mingw32/nios2-elf/lib/mhw-mulx\libc.a(lib_a-wsetup.o)
                0x00000000000111a0                __swsetup_r
 .text          0x0000000000011304        0x0 c:/intelfpga_lite/21.1/nios2eds/bin/gnu/h-x86_64-mingw32/bin/../lib/gcc/nios2-elf/10.3.1/../../../../../H-x86_64-mingw32/nios2-elf/lib/mhw-mulx\libc.a(lib_a-dtoa.o)
 .text.quorem   0x0000000000011304      0x1fc c:/intelfpga_lite/21.1/nios2eds/bin/gnu/h-x86_64-mingw32/bin/../lib/gcc/nios2-elf/10.3.1/../../../../../H-x86_64-mingw32/nios2-elf/lib/mhw-mulx\libc.a(lib_a-dtoa.o)
 .text._dtoa_r  0x0000000000011500     0x1748 c:/intelfpga_lite/21.1/nios2eds/bin/gnu/h-x86_64-mingw32/bin/../lib/gcc/nios2-elf/10.3.1/../../../../../H-x86_64-mingw32/nios2-elf/lib/mhw-mulx\libc.a(lib_a-dtoa.o)
                0x0000000000011500                _dtoa_r
 .text          0x0000000000012c48        0x0 c:/intelfpga_lite/21.1/nios2eds/bin/gnu/h-x86_64-mingw32/bin/../lib/gcc/nios2-elf/10.3.1/../../../../../H-x86_64-mingw32/nios2-elf/lib/mhw-mulx\libc.a(lib_a-fflush.o)
 .text.__sflush_r
                0x0000000000012c48      0x228 c:/intelfpga_lite/21.1/nios2eds/bin/gnu/h-x86_64-mingw32/bin/../lib/gcc/nios2-elf/10.3.1/../../../../../H-x86_64-mingw32/nios2-elf/lib/mhw-mulx\libc.a(lib_a-fflush.o)
                0x0000000000012c48                __sflush_r
 .text._fflush_r
                0x0000000000012e70       0x60 c:/intelfpga_lite/21.1/nios2eds/bin/gnu/h-x86_64-mingw32/bin/../lib/gcc/nios2-elf/10.3.1/../../../../../H-x86_64-mingw32/nios2-elf/lib/mhw-mulx\libc.a(lib_a-fflush.o)
                0x0000000000012e70                _fflush_r
 .text.fflush   0x0000000000012ed0       0x84 c:/intelfpga_lite/21.1/nios2eds/bin/gnu/h-x86_64-mingw32/bin/../lib/gcc/nios2-elf/10.3.1/../../../../../H-x86_64-mingw32/nios2-elf/lib/mhw-mulx\libc.a(lib_a-fflush.o)
                0x0000000000012ed0                fflush
 .text          0x0000000000012f54        0x0 c:/intelfpga_lite/21.1/nios2eds/bin/gnu/h-x86_64-mingw32/bin/../lib/gcc/nios2-elf/10.3.1/../../../../../H-x86_64-mingw32/nios2-elf/lib/mhw-mulx\libc.a(lib_a-findfp.o)
 .text.__fp_lock
                0x0000000000012f54        0x8 c:/intelfpga_lite/21.1/nios2eds/bin/gnu/h-x86_64-mingw32/bin/../lib/gcc/nios2-elf/10.3.1/../../../../../H-x86_64-mingw32/nios2-elf/lib/mhw-mulx\libc.a(lib_a-findfp.o)
 .text._cleanup_r
                0x0000000000012f5c        0xc c:/intelfpga_lite/21.1/nios2eds/bin/gnu/h-x86_64-mingw32/bin/../lib/gcc/nios2-elf/10.3.1/../../../../../H-x86_64-mingw32/nios2-elf/lib/mhw-mulx\libc.a(lib_a-findfp.o)
                0x0000000000012f5c                _cleanup_r
 .text.__fp_unlock
                0x0000000000012f68        0x8 c:/intelfpga_lite/21.1/nios2eds/bin/gnu/h-x86_64-mingw32/bin/../lib/gcc/nios2-elf/10.3.1/../../../../../H-x86_64-mingw32/nios2-elf/lib/mhw-mulx\libc.a(lib_a-findfp.o)
 .text.__sinit.part.0
                0x0000000000012f70      0x168 c:/intelfpga_lite/21.1/nios2eds/bin/gnu/h-x86_64-mingw32/bin/../lib/gcc/nios2-elf/10.3.1/../../../../../H-x86_64-mingw32/nios2-elf/lib/mhw-mulx\libc.a(lib_a-findfp.o)
 .text.__sfmoreglue
                0x00000000000130d8       0x68 c:/intelfpga_lite/21.1/nios2eds/bin/gnu/h-x86_64-mingw32/bin/../lib/gcc/nios2-elf/10.3.1/../../../../../H-x86_64-mingw32/nios2-elf/lib/mhw-mulx\libc.a(lib_a-findfp.o)
                0x00000000000130d8                __sfmoreglue
 .text.__sfp    0x0000000000013140      0x154 c:/intelfpga_lite/21.1/nios2eds/bin/gnu/h-x86_64-mingw32/bin/../lib/gcc/nios2-elf/10.3.1/../../../../../H-x86_64-mingw32/nios2-elf/lib/mhw-mulx\libc.a(lib_a-findfp.o)
                0x0000000000013140                __sfp
 .text._cleanup
                0x0000000000013294       0x14 c:/intelfpga_lite/21.1/nios2eds/bin/gnu/h-x86_64-mingw32/bin/../lib/gcc/nios2-elf/10.3.1/../../../../../H-x86_64-mingw32/nios2-elf/lib/mhw-mulx\libc.a(lib_a-findfp.o)
                0x0000000000013294                _cleanup
 .text.__sinit  0x00000000000132a8       0x10 c:/intelfpga_lite/21.1/nios2eds/bin/gnu/h-x86_64-mingw32/bin/../lib/gcc/nios2-elf/10.3.1/../../../../../H-x86_64-mingw32/nios2-elf/lib/mhw-mulx\libc.a(lib_a-findfp.o)
                0x00000000000132a8                __sinit
 .text.__sfp_lock_acquire
                0x00000000000132b8        0x4 c:/intelfpga_lite/21.1/nios2eds/bin/gnu/h-x86_64-mingw32/bin/../lib/gcc/nios2-elf/10.3.1/../../../../../H-x86_64-mingw32/nios2-elf/lib/mhw-mulx\libc.a(lib_a-findfp.o)
                0x00000000000132b8                __sfp_lock_acquire
 .text.__sfp_lock_release
                0x00000000000132bc        0x4 c:/intelfpga_lite/21.1/nios2eds/bin/gnu/h-x86_64-mingw32/bin/../lib/gcc/nios2-elf/10.3.1/../../../../../H-x86_64-mingw32/nios2-elf/lib/mhw-mulx\libc.a(lib_a-findfp.o)
                0x00000000000132bc                __sfp_lock_release
 .text.__sinit_lock_acquire
                0x00000000000132c0        0x4 c:/intelfpga_lite/21.1/nios2eds/bin/gnu/h-x86_64-mingw32/bin/../lib/gcc/nios2-elf/10.3.1/../../../../../H-x86_64-mingw32/nios2-elf/lib/mhw-mulx\libc.a(lib_a-findfp.o)
                0x00000000000132c0                __sinit_lock_acquire
 .text.__sinit_lock_release
                0x00000000000132c4        0x4 c:/intelfpga_lite/21.1/nios2eds/bin/gnu/h-x86_64-mingw32/bin/../lib/gcc/nios2-elf/10.3.1/../../../../../H-x86_64-mingw32/nios2-elf/lib/mhw-mulx\libc.a(lib_a-findfp.o)
                0x00000000000132c4                __sinit_lock_release
 .text.__fp_lock_all
                0x00000000000132c8       0x14 c:/intelfpga_lite/21.1/nios2eds/bin/gnu/h-x86_64-mingw32/bin/../lib/gcc/nios2-elf/10.3.1/../../../../../H-x86_64-mingw32/nios2-elf/lib/mhw-mulx\libc.a(lib_a-findfp.o)
                0x00000000000132c8                __fp_lock_all
 .text.__fp_unlock_all
                0x00000000000132dc       0x14 c:/intelfpga_lite/21.1/nios2eds/bin/gnu/h-x86_64-mingw32/bin/../lib/gcc/nios2-elf/10.3.1/../../../../../H-x86_64-mingw32/nios2-elf/lib/mhw-mulx\libc.a(lib_a-findfp.o)
                0x00000000000132dc                __fp_unlock_all
 .text          0x00000000000132f0        0x0 c:/intelfpga_lite/21.1/nios2eds/bin/gnu/h-x86_64-mingw32/bin/../lib/gcc/nios2-elf/10.3.1/../../../../../H-x86_64-mingw32/nios2-elf/lib/mhw-mulx\libc.a(lib_a-freer.o)
 .text._malloc_trim_r
                0x00000000000132f0      0x11c c:/intelfpga_lite/21.1/nios2eds/bin/gnu/h-x86_64-mingw32/bin/../lib/gcc/nios2-elf/10.3.1/../../../../../H-x86_64-mingw32/nios2-elf/lib/mhw-mulx\libc.a(lib_a-freer.o)
                0x00000000000132f0                _malloc_trim_r
 .text._free_r  0x000000000001340c      0x2fc c:/intelfpga_lite/21.1/nios2eds/bin/gnu/h-x86_64-mingw32/bin/../lib/gcc/nios2-elf/10.3.1/../../../../../H-x86_64-mingw32/nios2-elf/lib/mhw-mulx\libc.a(lib_a-freer.o)
                0x000000000001340c                _free_r
 .text          0x0000000000013708        0x0 c:/intelfpga_lite/21.1/nios2eds/bin/gnu/h-x86_64-mingw32/bin/../lib/gcc/nios2-elf/10.3.1/../../../../../H-x86_64-mingw32/nios2-elf/lib/mhw-mulx\libc.a(lib_a-fvwrite.o)
 .text.__sfvwrite_r
                0x0000000000013708      0x484 c:/intelfpga_lite/21.1/nios2eds/bin/gnu/h-x86_64-mingw32/bin/../lib/gcc/nios2-elf/10.3.1/../../../../../H-x86_64-mingw32/nios2-elf/lib/mhw-mulx\libc.a(lib_a-fvwrite.o)
                0x0000000000013708                __sfvwrite_r
 .text          0x0000000000013b8c        0x0 c:/intelfpga_lite/21.1/nios2eds/bin/gnu/h-x86_64-mingw32/bin/../lib/gcc/nios2-elf/10.3.1/../../../../../H-x86_64-mingw32/nios2-elf/lib/mhw-mulx\libc.a(lib_a-fwalk.o)
 .text._fwalk   0x0000000000013b8c       0x98 c:/intelfpga_lite/21.1/nios2eds/bin/gnu/h-x86_64-mingw32/bin/../lib/gcc/nios2-elf/10.3.1/../../../../../H-x86_64-mingw32/nios2-elf/lib/mhw-mulx\libc.a(lib_a-fwalk.o)
                0x0000000000013b8c                _fwalk
 .text._fwalk_reent
                0x0000000000013c24       0xa8 c:/intelfpga_lite/21.1/nios2eds/bin/gnu/h-x86_64-mingw32/bin/../lib/gcc/nios2-elf/10.3.1/../../../../../H-x86_64-mingw32/nios2-elf/lib/mhw-mulx\libc.a(lib_a-fwalk.o)
                0x0000000000013c24                _fwalk_reent
 .text          0x0000000000013ccc        0x0 c:/intelfpga_lite/21.1/nios2eds/bin/gnu/h-x86_64-mingw32/bin/../lib/gcc/nios2-elf/10.3.1/../../../../../H-x86_64-mingw32/nios2-elf/lib/mhw-mulx\libc.a(lib_a-gdtoa-gethex.o)
 .text.rshift   0x0000000000013ccc       0xdc c:/intelfpga_lite/21.1/nios2eds/bin/gnu/h-x86_64-mingw32/bin/../lib/gcc/nios2-elf/10.3.1/../../../../../H-x86_64-mingw32/nios2-elf/lib/mhw-mulx\libc.a(lib_a-gdtoa-gethex.o)
 .text.__gethex
                0x0000000000013da8      0x8c4 c:/intelfpga_lite/21.1/nios2eds/bin/gnu/h-x86_64-mingw32/bin/../lib/gcc/nios2-elf/10.3.1/../../../../../H-x86_64-mingw32/nios2-elf/lib/mhw-mulx\libc.a(lib_a-gdtoa-gethex.o)
                0x0000000000013da8                __gethex
 .text          0x000000000001466c        0x0 c:/intelfpga_lite/21.1/nios2eds/bin/gnu/h-x86_64-mingw32/bin/../lib/gcc/nios2-elf/10.3.1/../../../../../H-x86_64-mingw32/nios2-elf/lib/mhw-mulx\libc.a(lib_a-gdtoa-hexnan.o)
 .text.__match  0x000000000001466c       0x50 c:/intelfpga_lite/21.1/nios2eds/bin/gnu/h-x86_64-mingw32/bin/../lib/gcc/nios2-elf/10.3.1/../../../../../H-x86_64-mingw32/nios2-elf/lib/mhw-mulx\libc.a(lib_a-gdtoa-hexnan.o)
                0x000000000001466c                __match
 .text.__hexnan
                0x00000000000146bc      0x290 c:/intelfpga_lite/21.1/nios2eds/bin/gnu/h-x86_64-mingw32/bin/../lib/gcc/nios2-elf/10.3.1/../../../../../H-x86_64-mingw32/nios2-elf/lib/mhw-mulx\libc.a(lib_a-gdtoa-hexnan.o)
                0x00000000000146bc                __hexnan
 .text          0x000000000001494c        0x0 c:/intelfpga_lite/21.1/nios2eds/bin/gnu/h-x86_64-mingw32/bin/../lib/gcc/nios2-elf/10.3.1/../../../../../H-x86_64-mingw32/nios2-elf/lib/mhw-mulx\libc.a(lib_a-int_errno.o)
 .text          0x000000000001494c        0x0 c:/intelfpga_lite/21.1/nios2eds/bin/gnu/h-x86_64-mingw32/bin/../lib/gcc/nios2-elf/10.3.1/../../../../../H-x86_64-mingw32/nios2-elf/lib/mhw-mulx\libc.a(lib_a-lnumeric.o)
 .text.__numeric_load_locale
                0x000000000001494c        0x8 c:/intelfpga_lite/21.1/nios2eds/bin/gnu/h-x86_64-mingw32/bin/../lib/gcc/nios2-elf/10.3.1/../../../../../H-x86_64-mingw32/nios2-elf/lib/mhw-mulx\libc.a(lib_a-lnumeric.o)
                0x000000000001494c                __numeric_load_locale
 .text          0x0000000000014954        0x0 c:/intelfpga_lite/21.1/nios2eds/bin/gnu/h-x86_64-mingw32/bin/../lib/gcc/nios2-elf/10.3.1/../../../../../H-x86_64-mingw32/nios2-elf/lib/mhw-mulx\libc.a(lib_a-locale.o)
 .text._setlocale_r
                0x0000000000014954       0x74 c:/intelfpga_lite/21.1/nios2eds/bin/gnu/h-x86_64-mingw32/bin/../lib/gcc/nios2-elf/10.3.1/../../../../../H-x86_64-mingw32/nios2-elf/lib/mhw-mulx\libc.a(lib_a-locale.o)
                0x0000000000014954                _setlocale_r
 .text.__locale_mb_cur_max
                0x00000000000149c8        0xc c:/intelfpga_lite/21.1/nios2eds/bin/gnu/h-x86_64-mingw32/bin/../lib/gcc/nios2-elf/10.3.1/../../../../../H-x86_64-mingw32/nios2-elf/lib/mhw-mulx\libc.a(lib_a-locale.o)
                0x00000000000149c8                __locale_mb_cur_max
 .text.setlocale
                0x00000000000149d4       0x74 c:/intelfpga_lite/21.1/nios2eds/bin/gnu/h-x86_64-mingw32/bin/../lib/gcc/nios2-elf/10.3.1/../../../../../H-x86_64-mingw32/nios2-elf/lib/mhw-mulx\libc.a(lib_a-locale.o)
                0x00000000000149d4                setlocale
 .text          0x0000000000014a48        0x0 c:/intelfpga_lite/21.1/nios2eds/bin/gnu/h-x86_64-mingw32/bin/../lib/gcc/nios2-elf/10.3.1/../../../../../H-x86_64-mingw32/nios2-elf/lib/mhw-mulx\libc.a(lib_a-localeconv.o)
 .text.__localeconv_l
                0x0000000000014a48        0x8 c:/intelfpga_lite/21.1/nios2eds/bin/gnu/h-x86_64-mingw32/bin/../lib/gcc/nios2-elf/10.3.1/../../../../../H-x86_64-mingw32/nios2-elf/lib/mhw-mulx\libc.a(lib_a-localeconv.o)
                0x0000000000014a48                __localeconv_l
 .text._localeconv_r
                0x0000000000014a50        0xc c:/intelfpga_lite/21.1/nios2eds/bin/gnu/h-x86_64-mingw32/bin/../lib/gcc/nios2-elf/10.3.1/../../../../../H-x86_64-mingw32/nios2-elf/lib/mhw-mulx\libc.a(lib_a-localeconv.o)
                0x0000000000014a50                _localeconv_r
 .text.localeconv
                0x0000000000014a5c        0xc c:/intelfpga_lite/21.1/nios2eds/bin/gnu/h-x86_64-mingw32/bin/../lib/gcc/nios2-elf/10.3.1/../../../../../H-x86_64-mingw32/nios2-elf/lib/mhw-mulx\libc.a(lib_a-localeconv.o)
                0x0000000000014a5c                localeconv
 .text          0x0000000000014a68        0x0 c:/intelfpga_lite/21.1/nios2eds/bin/gnu/h-x86_64-mingw32/bin/../lib/gcc/nios2-elf/10.3.1/../../../../../H-x86_64-mingw32/nios2-elf/lib/mhw-mulx\libc.a(lib_a-makebuf.o)
 .text.__smakebuf_r
                0x0000000000014a68      0x1b0 c:/intelfpga_lite/21.1/nios2eds/bin/gnu/h-x86_64-mingw32/bin/../lib/gcc/nios2-elf/10.3.1/../../../../../H-x86_64-mingw32/nios2-elf/lib/mhw-mulx\libc.a(lib_a-makebuf.o)
                0x0000000000014a68                __smakebuf_r
 .text.__swhatbuf_r
                0x0000000000014c18       0x98 c:/intelfpga_lite/21.1/nios2eds/bin/gnu/h-x86_64-mingw32/bin/../lib/gcc/nios2-elf/10.3.1/../../../../../H-x86_64-mingw32/nios2-elf/lib/mhw-mulx\libc.a(lib_a-makebuf.o)
                0x0000000000014c18                __swhatbuf_r
 .text          0x0000000000014cb0        0x0 c:/intelfpga_lite/21.1/nios2eds/bin/gnu/h-x86_64-mingw32/bin/../lib/gcc/nios2-elf/10.3.1/../../../../../H-x86_64-mingw32/nios2-elf/lib/mhw-mulx\libc.a(lib_a-mbtowc_r.o)
 .text._mbtowc_r
                0x0000000000014cb0        0xc c:/intelfpga_lite/21.1/nios2eds/bin/gnu/h-x86_64-mingw32/bin/../lib/gcc/nios2-elf/10.3.1/../../../../../H-x86_64-mingw32/nios2-elf/lib/mhw-mulx\libc.a(lib_a-mbtowc_r.o)
                0x0000000000014cb0                _mbtowc_r
 .text.__ascii_mbtowc
                0x0000000000014cbc       0x44 c:/intelfpga_lite/21.1/nios2eds/bin/gnu/h-x86_64-mingw32/bin/../lib/gcc/nios2-elf/10.3.1/../../../../../H-x86_64-mingw32/nios2-elf/lib/mhw-mulx\libc.a(lib_a-mbtowc_r.o)
                0x0000000000014cbc                __ascii_mbtowc
 .text          0x0000000000014d00        0x0 c:/intelfpga_lite/21.1/nios2eds/bin/gnu/h-x86_64-mingw32/bin/../lib/gcc/nios2-elf/10.3.1/../../../../../H-x86_64-mingw32/nios2-elf/lib/mhw-mulx\libc.a(lib_a-memchr.o)
 .text.memchr   0x0000000000014d00       0xd0 c:/intelfpga_lite/21.1/nios2eds/bin/gnu/h-x86_64-mingw32/bin/../lib/gcc/nios2-elf/10.3.1/../../../../../H-x86_64-mingw32/nios2-elf/lib/mhw-mulx\libc.a(lib_a-memchr.o)
                0x0000000000014d00                memchr
 .text          0x0000000000014dd0        0x0 c:/intelfpga_lite/21.1/nios2eds/bin/gnu/h-x86_64-mingw32/bin/../lib/gcc/nios2-elf/10.3.1/../../../../../H-x86_64-mingw32/nios2-elf/lib/mhw-mulx\libc.a(lib_a-memmove.o)
 .text.memmove  0x0000000000014dd0      0x12c c:/intelfpga_lite/21.1/nios2eds/bin/gnu/h-x86_64-mingw32/bin/../lib/gcc/nios2-elf/10.3.1/../../../../../H-x86_64-mingw32/nios2-elf/lib/mhw-mulx\libc.a(lib_a-memmove.o)
                0x0000000000014dd0                memmove
 .text          0x0000000000014efc        0x0 c:/intelfpga_lite/21.1/nios2eds/bin/gnu/h-x86_64-mingw32/bin/../lib/gcc/nios2-elf/10.3.1/../../../../../H-x86_64-mingw32/nios2-elf/lib/mhw-mulx\libc.a(lib_a-memset.o)
 .text.memset   0x0000000000014efc       0xf0 c:/intelfpga_lite/21.1/nios2eds/bin/gnu/h-x86_64-mingw32/bin/../lib/gcc/nios2-elf/10.3.1/../../../../../H-x86_64-mingw32/nios2-elf/lib/mhw-mulx\libc.a(lib_a-memset.o)
                0x0000000000014efc                memset
 .text          0x0000000000014fec        0x0 c:/intelfpga_lite/21.1/nios2eds/bin/gnu/h-x86_64-mingw32/bin/../lib/gcc/nios2-elf/10.3.1/../../../../../H-x86_64-mingw32/nios2-elf/lib/mhw-mulx\libc.a(lib_a-mprec.o)
 .text._Balloc  0x0000000000014fec       0xa4 c:/intelfpga_lite/21.1/nios2eds/bin/gnu/h-x86_64-mingw32/bin/../lib/gcc/nios2-elf/10.3.1/../../../../../H-x86_64-mingw32/nios2-elf/lib/mhw-mulx\libc.a(lib_a-mprec.o)
                0x0000000000014fec                _Balloc
 .text._Bfree   0x0000000000015090       0x24 c:/intelfpga_lite/21.1/nios2eds/bin/gnu/h-x86_64-mingw32/bin/../lib/gcc/nios2-elf/10.3.1/../../../../../H-x86_64-mingw32/nios2-elf/lib/mhw-mulx\libc.a(lib_a-mprec.o)
                0x0000000000015090                _Bfree
 .text.__multadd
                0x00000000000150b4      0x138 c:/intelfpga_lite/21.1/nios2eds/bin/gnu/h-x86_64-mingw32/bin/../lib/gcc/nios2-elf/10.3.1/../../../../../H-x86_64-mingw32/nios2-elf/lib/mhw-mulx\libc.a(lib_a-mprec.o)
                0x00000000000150b4                __multadd
 .text.__s2b    0x00000000000151ec      0x138 c:/intelfpga_lite/21.1/nios2eds/bin/gnu/h-x86_64-mingw32/bin/../lib/gcc/nios2-elf/10.3.1/../../../../../H-x86_64-mingw32/nios2-elf/lib/mhw-mulx\libc.a(lib_a-mprec.o)
                0x00000000000151ec                __s2b
 .text.__hi0bits
                0x0000000000015324       0x64 c:/intelfpga_lite/21.1/nios2eds/bin/gnu/h-x86_64-mingw32/bin/../lib/gcc/nios2-elf/10.3.1/../../../../../H-x86_64-mingw32/nios2-elf/lib/mhw-mulx\libc.a(lib_a-mprec.o)
                0x0000000000015324                __hi0bits
 .text.__lo0bits
                0x0000000000015388       0xb0 c:/intelfpga_lite/21.1/nios2eds/bin/gnu/h-x86_64-mingw32/bin/../lib/gcc/nios2-elf/10.3.1/../../../../../H-x86_64-mingw32/nios2-elf/lib/mhw-mulx\libc.a(lib_a-mprec.o)
                0x0000000000015388                __lo0bits
 .text.__i2b    0x0000000000015438       0xb0 c:/intelfpga_lite/21.1/nios2eds/bin/gnu/h-x86_64-mingw32/bin/../lib/gcc/nios2-elf/10.3.1/../../../../../H-x86_64-mingw32/nios2-elf/lib/mhw-mulx\libc.a(lib_a-mprec.o)
                0x0000000000015438                __i2b
 .text.__multiply
                0x00000000000154e8      0x254 c:/intelfpga_lite/21.1/nios2eds/bin/gnu/h-x86_64-mingw32/bin/../lib/gcc/nios2-elf/10.3.1/../../../../../H-x86_64-mingw32/nios2-elf/lib/mhw-mulx\libc.a(lib_a-mprec.o)
                0x00000000000154e8                __multiply
 .text.__pow5mult
                0x000000000001573c      0x148 c:/intelfpga_lite/21.1/nios2eds/bin/gnu/h-x86_64-mingw32/bin/../lib/gcc/nios2-elf/10.3.1/../../../../../H-x86_64-mingw32/nios2-elf/lib/mhw-mulx\libc.a(lib_a-mprec.o)
                0x000000000001573c                __pow5mult
 .text.__lshift
                0x0000000000015884      0x188 c:/intelfpga_lite/21.1/nios2eds/bin/gnu/h-x86_64-mingw32/bin/../lib/gcc/nios2-elf/10.3.1/../../../../../H-x86_64-mingw32/nios2-elf/lib/mhw-mulx\libc.a(lib_a-mprec.o)
                0x0000000000015884                __lshift
 .text.__mcmp   0x0000000000015a0c       0x58 c:/intelfpga_lite/21.1/nios2eds/bin/gnu/h-x86_64-mingw32/bin/../lib/gcc/nios2-elf/10.3.1/../../../../../H-x86_64-mingw32/nios2-elf/lib/mhw-mulx\libc.a(lib_a-mprec.o)
                0x0000000000015a0c                __mcmp
 .text.__mdiff  0x0000000000015a64      0x22c c:/intelfpga_lite/21.1/nios2eds/bin/gnu/h-x86_64-mingw32/bin/../lib/gcc/nios2-elf/10.3.1/../../../../../H-x86_64-mingw32/nios2-elf/lib/mhw-mulx\libc.a(lib_a-mprec.o)
                0x0000000000015a64                __mdiff
 .text.__ulp    0x0000000000015c90       0x5c c:/intelfpga_lite/21.1/nios2eds/bin/gnu/h-x86_64-mingw32/bin/../lib/gcc/nios2-elf/10.3.1/../../../../../H-x86_64-mingw32/nios2-elf/lib/mhw-mulx\libc.a(lib_a-mprec.o)
                0x0000000000015c90                __ulp
 .text.__b2d    0x0000000000015cec      0x108 c:/intelfpga_lite/21.1/nios2eds/bin/gnu/h-x86_64-mingw32/bin/../lib/gcc/nios2-elf/10.3.1/../../../../../H-x86_64-mingw32/nios2-elf/lib/mhw-mulx\libc.a(lib_a-mprec.o)
                0x0000000000015cec                __b2d
 .text.__d2b    0x0000000000015df4      0x164 c:/intelfpga_lite/21.1/nios2eds/bin/gnu/h-x86_64-mingw32/bin/../lib/gcc/nios2-elf/10.3.1/../../../../../H-x86_64-mingw32/nios2-elf/lib/mhw-mulx\libc.a(lib_a-mprec.o)
                0x0000000000015df4                __d2b
 .text.__ratio  0x0000000000015f58       0xa8 c:/intelfpga_lite/21.1/nios2eds/bin/gnu/h-x86_64-mingw32/bin/../lib/gcc/nios2-elf/10.3.1/../../../../../H-x86_64-mingw32/nios2-elf/lib/mhw-mulx\libc.a(lib_a-mprec.o)
                0x0000000000015f58                __ratio
 .text._mprec_log10
                0x0000000000016000       0x70 c:/intelfpga_lite/21.1/nios2eds/bin/gnu/h-x86_64-mingw32/bin/../lib/gcc/nios2-elf/10.3.1/../../../../../H-x86_64-mingw32/nios2-elf/lib/mhw-mulx\libc.a(lib_a-mprec.o)
                0x0000000000016000                _mprec_log10
 .text.__copybits
                0x0000000000016070       0x7c c:/intelfpga_lite/21.1/nios2eds/bin/gnu/h-x86_64-mingw32/bin/../lib/gcc/nios2-elf/10.3.1/../../../../../H-x86_64-mingw32/nios2-elf/lib/mhw-mulx\libc.a(lib_a-mprec.o)
                0x0000000000016070                __copybits
 .text.__any_on
                0x00000000000160ec       0x60 c:/intelfpga_lite/21.1/nios2eds/bin/gnu/h-x86_64-mingw32/bin/../lib/gcc/nios2-elf/10.3.1/../../../../../H-x86_64-mingw32/nios2-elf/lib/mhw-mulx\libc.a(lib_a-mprec.o)
                0x00000000000160ec                __any_on
 .text          0x000000000001614c        0x0 c:/intelfpga_lite/21.1/nios2eds/bin/gnu/h-x86_64-mingw32/bin/../lib/gcc/nios2-elf/10.3.1/../../../../../H-x86_64-mingw32/nios2-elf/lib/mhw-mulx\libc.a(lib_a-reallocr.o)
 .text._realloc_r
                0x000000000001614c      0x53c c:/intelfpga_lite/21.1/nios2eds/bin/gnu/h-x86_64-mingw32/bin/../lib/gcc/nios2-elf/10.3.1/../../../../../H-x86_64-mingw32/nios2-elf/lib/mhw-mulx\libc.a(lib_a-reallocr.o)
                0x000000000001614c                _realloc_r
 .text          0x0000000000016688        0x0 c:/intelfpga_lite/21.1/nios2eds/bin/gnu/h-x86_64-mingw32/bin/../lib/gcc/nios2-elf/10.3.1/../../../../../H-x86_64-mingw32/nios2-elf/lib/mhw-mulx\libc.a(lib_a-stdio.o)
 .text.__sread  0x0000000000016688       0x54 c:/intelfpga_lite/21.1/nios2eds/bin/gnu/h-x86_64-mingw32/bin/../lib/gcc/nios2-elf/10.3.1/../../../../../H-x86_64-mingw32/nios2-elf/lib/mhw-mulx\libc.a(lib_a-stdio.o)
                0x0000000000016688                __sread
 .text.__seofread
                0x00000000000166dc        0x8 c:/intelfpga_lite/21.1/nios2eds/bin/gnu/h-x86_64-mingw32/bin/../lib/gcc/nios2-elf/10.3.1/../../../../../H-x86_64-mingw32/nios2-elf/lib/mhw-mulx\libc.a(lib_a-stdio.o)
                0x00000000000166dc                __seofread
 .text.__swrite
                0x00000000000166e4       0x80 c:/intelfpga_lite/21.1/nios2eds/bin/gnu/h-x86_64-mingw32/bin/../lib/gcc/nios2-elf/10.3.1/../../../../../H-x86_64-mingw32/nios2-elf/lib/mhw-mulx\libc.a(lib_a-stdio.o)
                0x00000000000166e4                __swrite
 .text.__sseek  0x0000000000016764       0x5c c:/intelfpga_lite/21.1/nios2eds/bin/gnu/h-x86_64-mingw32/bin/../lib/gcc/nios2-elf/10.3.1/../../../../../H-x86_64-mingw32/nios2-elf/lib/mhw-mulx\libc.a(lib_a-stdio.o)
                0x0000000000016764                __sseek
 .text.__sclose
                0x00000000000167c0        0x8 c:/intelfpga_lite/21.1/nios2eds/bin/gnu/h-x86_64-mingw32/bin/../lib/gcc/nios2-elf/10.3.1/../../../../../H-x86_64-mingw32/nios2-elf/lib/mhw-mulx\libc.a(lib_a-stdio.o)
                0x00000000000167c0                __sclose
 .text          0x00000000000167c8        0x0 c:/intelfpga_lite/21.1/nios2eds/bin/gnu/h-x86_64-mingw32/bin/../lib/gcc/nios2-elf/10.3.1/../../../../../H-x86_64-mingw32/nios2-elf/lib/mhw-mulx\libc.a(lib_a-strcmp.o)
 .text.strcmp   0x00000000000167c8       0xb8 c:/intelfpga_lite/21.1/nios2eds/bin/gnu/h-x86_64-mingw32/bin/../lib/gcc/nios2-elf/10.3.1/../../../../../H-x86_64-mingw32/nios2-elf/lib/mhw-mulx\libc.a(lib_a-strcmp.o)
                0x00000000000167c8                strcmp
 .text          0x0000000000016880        0x0 c:/intelfpga_lite/21.1/nios2eds/bin/gnu/h-x86_64-mingw32/bin/../lib/gcc/nios2-elf/10.3.1/../../../../../H-x86_64-mingw32/nios2-elf/lib/mhw-mulx\libc.a(lib_a-strncmp.o)
 .text.strncmp  0x0000000000016880       0xd0 c:/intelfpga_lite/21.1/nios2eds/bin/gnu/h-x86_64-mingw32/bin/../lib/gcc/nios2-elf/10.3.1/../../../../../H-x86_64-mingw32/nios2-elf/lib/mhw-mulx\libc.a(lib_a-strncmp.o)
                0x0000000000016880                strncmp
 .text          0x0000000000016950        0x0 c:/intelfpga_lite/21.1/nios2eds/bin/gnu/h-x86_64-mingw32/bin/../lib/gcc/nios2-elf/10.3.1/../../../../../H-x86_64-mingw32/nios2-elf/lib/mhw-mulx\libc.a(lib_a-vfiprintf.o)
 .text.__sprint_r.part.0
                0x0000000000016950       0xf4 c:/intelfpga_lite/21.1/nios2eds/bin/gnu/h-x86_64-mingw32/bin/../lib/gcc/nios2-elf/10.3.1/../../../../../H-x86_64-mingw32/nios2-elf/lib/mhw-mulx\libc.a(lib_a-vfiprintf.o)
 .text.__sprint_r
                0x0000000000016a44       0x18 c:/intelfpga_lite/21.1/nios2eds/bin/gnu/h-x86_64-mingw32/bin/../lib/gcc/nios2-elf/10.3.1/../../../../../H-x86_64-mingw32/nios2-elf/lib/mhw-mulx\libc.a(lib_a-vfiprintf.o)
                0x0000000000016a44                __sprint_r
 .text.___vfiprintf_internal_r
                0x0000000000016a5c     0x1250 c:/intelfpga_lite/21.1/nios2eds/bin/gnu/h-x86_64-mingw32/bin/../lib/gcc/nios2-elf/10.3.1/../../../../../H-x86_64-mingw32/nios2-elf/lib/mhw-mulx\libc.a(lib_a-vfiprintf.o)
                0x0000000000016a5c                ___vfiprintf_internal_r
 .text.__vfiprintf_internal
                0x0000000000017cac       0x1c c:/intelfpga_lite/21.1/nios2eds/bin/gnu/h-x86_64-mingw32/bin/../lib/gcc/nios2-elf/10.3.1/../../../../../H-x86_64-mingw32/nios2-elf/lib/mhw-mulx\libc.a(lib_a-vfiprintf.o)
                0x0000000000017cac                __vfiprintf_internal
 .text.__sbprintf
                0x0000000000017cc8       0xc0 c:/intelfpga_lite/21.1/nios2eds/bin/gnu/h-x86_64-mingw32/bin/../lib/gcc/nios2-elf/10.3.1/../../../../../H-x86_64-mingw32/nios2-elf/lib/mhw-mulx\libc.a(lib_a-vfiprintf.o)
 .text          0x0000000000017d88        0x0 c:/intelfpga_lite/21.1/nios2eds/bin/gnu/h-x86_64-mingw32/bin/../lib/gcc/nios2-elf/10.3.1/../../../../../H-x86_64-mingw32/nios2-elf/lib/mhw-mulx\libc.a(lib_a-wctomb_r.o)
 .text._wctomb_r
                0x0000000000017d88        0xc c:/intelfpga_lite/21.1/nios2eds/bin/gnu/h-x86_64-mingw32/bin/../lib/gcc/nios2-elf/10.3.1/../../../../../H-x86_64-mingw32/nios2-elf/lib/mhw-mulx\libc.a(lib_a-wctomb_r.o)
                0x0000000000017d88                _wctomb_r
 .text.__ascii_wctomb
                0x0000000000017d94       0x30 c:/intelfpga_lite/21.1/nios2eds/bin/gnu/h-x86_64-mingw32/bin/../lib/gcc/nios2-elf/10.3.1/../../../../../H-x86_64-mingw32/nios2-elf/lib/mhw-mulx\libc.a(lib_a-wctomb_r.o)
                0x0000000000017d94                __ascii_wctomb
 .text          0x0000000000017dc4        0x0 c:/intelfpga_lite/21.1/nios2eds/bin/gnu/h-x86_64-mingw32/bin/../lib/gcc/nios2-elf/10.3.1/../../../../../H-x86_64-mingw32/nios2-elf/lib/mhw-mulx\libc.a(lib_a-writer.o)
 .text._write_r
                0x0000000000017dc4       0x64 c:/intelfpga_lite/21.1/nios2eds/bin/gnu/h-x86_64-mingw32/bin/../lib/gcc/nios2-elf/10.3.1/../../../../../H-x86_64-mingw32/nios2-elf/lib/mhw-mulx\libc.a(lib_a-writer.o)
                0x0000000000017dc4                _write_r
 .text          0x0000000000017e28        0x0 c:/intelfpga_lite/21.1/nios2eds/bin/gnu/h-x86_64-mingw32/bin/../lib/gcc/nios2-elf/10.3.1/../../../../../H-x86_64-mingw32/nios2-elf/lib/mhw-mulx\libc.a(closer.o)
 .text._close_r
                0x0000000000017e28       0x58 c:/intelfpga_lite/21.1/nios2eds/bin/gnu/h-x86_64-mingw32/bin/../lib/gcc/nios2-elf/10.3.1/../../../../../H-x86_64-mingw32/nios2-elf/lib/mhw-mulx\libc.a(closer.o)
                0x0000000000017e28                _close_r
 .text          0x0000000000017e80        0x0 c:/intelfpga_lite/21.1/nios2eds/bin/gnu/h-x86_64-mingw32/bin/../lib/gcc/nios2-elf/10.3.1/../../../../../H-x86_64-mingw32/nios2-elf/lib/mhw-mulx\libc.a(lib_a-assert.o)
 .text.__assert_func
                0x0000000000017e80       0x64 c:/intelfpga_lite/21.1/nios2eds/bin/gnu/h-x86_64-mingw32/bin/../lib/gcc/nios2-elf/10.3.1/../../../../../H-x86_64-mingw32/nios2-elf/lib/mhw-mulx\libc.a(lib_a-assert.o)
                0x0000000000017e80                __assert_func
 .text.__assert
                0x0000000000017ee4       0x14 c:/intelfpga_lite/21.1/nios2eds/bin/gnu/h-x86_64-mingw32/bin/../lib/gcc/nios2-elf/10.3.1/../../../../../H-x86_64-mingw32/nios2-elf/lib/mhw-mulx\libc.a(lib_a-assert.o)
                0x0000000000017ee4                __assert
 .text          0x0000000000017ef8        0x0 c:/intelfpga_lite/21.1/nios2eds/bin/gnu/h-x86_64-mingw32/bin/../lib/gcc/nios2-elf/10.3.1/../../../../../H-x86_64-mingw32/nios2-elf/lib/mhw-mulx\libc.a(lib_a-callocr.o)
 .text._calloc_r
                0x0000000000017ef8       0xdc c:/intelfpga_lite/21.1/nios2eds/bin/gnu/h-x86_64-mingw32/bin/../lib/gcc/nios2-elf/10.3.1/../../../../../H-x86_64-mingw32/nios2-elf/lib/mhw-mulx\libc.a(lib_a-callocr.o)
                0x0000000000017ef8                _calloc_r
 .text          0x0000000000017fd4        0x0 c:/intelfpga_lite/21.1/nios2eds/bin/gnu/h-x86_64-mingw32/bin/../lib/gcc/nios2-elf/10.3.1/../../../../../H-x86_64-mingw32/nios2-elf/lib/mhw-mulx\libc.a(lib_a-ctype_.o)
 .text          0x0000000000017fd4        0x0 c:/intelfpga_lite/21.1/nios2eds/bin/gnu/h-x86_64-mingw32/bin/../lib/gcc/nios2-elf/10.3.1/../../../../../H-x86_64-mingw32/nios2-elf/lib/mhw-mulx\libc.a(lib_a-fclose.o)
 .text._fclose_r.part.0
                0x0000000000017fd4       0xc0 c:/intelfpga_lite/21.1/nios2eds/bin/gnu/h-x86_64-mingw32/bin/../lib/gcc/nios2-elf/10.3.1/../../../../../H-x86_64-mingw32/nios2-elf/lib/mhw-mulx\libc.a(lib_a-fclose.o)
 .text._fclose_r
                0x0000000000018094       0x70 c:/intelfpga_lite/21.1/nios2eds/bin/gnu/h-x86_64-mingw32/bin/../lib/gcc/nios2-elf/10.3.1/../../../../../H-x86_64-mingw32/nios2-elf/lib/mhw-mulx\libc.a(lib_a-fclose.o)
                0x0000000000018094                _fclose_r
 .text.fclose   0x0000000000018104       0x70 c:/intelfpga_lite/21.1/nios2eds/bin/gnu/h-x86_64-mingw32/bin/../lib/gcc/nios2-elf/10.3.1/../../../../../H-x86_64-mingw32/nios2-elf/lib/mhw-mulx\libc.a(lib_a-fclose.o)
                0x0000000000018104                fclose
 .text          0x0000000000018174        0x0 c:/intelfpga_lite/21.1/nios2eds/bin/gnu/h-x86_64-mingw32/bin/../lib/gcc/nios2-elf/10.3.1/../../../../../H-x86_64-mingw32/nios2-elf/lib/mhw-mulx\libc.a(lib_a-fiprintf.o)
 .text._fiprintf_r
                0x0000000000018174       0x20 c:/intelfpga_lite/21.1/nios2eds/bin/gnu/h-x86_64-mingw32/bin/../lib/gcc/nios2-elf/10.3.1/../../../../../H-x86_64-mingw32/nios2-elf/lib/mhw-mulx\libc.a(lib_a-fiprintf.o)
                0x0000000000018174                _fiprintf_r
 .text.fiprintf
                0x0000000000018194       0x38 c:/intelfpga_lite/21.1/nios2eds/bin/gnu/h-x86_64-mingw32/bin/../lib/gcc/nios2-elf/10.3.1/../../../../../H-x86_64-mingw32/nios2-elf/lib/mhw-mulx\libc.a(lib_a-fiprintf.o)
                0x0000000000018194                fiprintf
 .text          0x00000000000181cc        0x0 c:/intelfpga_lite/21.1/nios2eds/bin/gnu/h-x86_64-mingw32/bin/../lib/gcc/nios2-elf/10.3.1/../../../../../H-x86_64-mingw32/nios2-elf/lib/mhw-mulx\libc.a(lib_a-fputwc.o)
 .text.__fputwc
                0x00000000000181cc      0x164 c:/intelfpga_lite/21.1/nios2eds/bin/gnu/h-x86_64-mingw32/bin/../lib/gcc/nios2-elf/10.3.1/../../../../../H-x86_64-mingw32/nios2-elf/lib/mhw-mulx\libc.a(lib_a-fputwc.o)
                0x00000000000181cc                __fputwc
 .text._fputwc_r
                0x0000000000018330       0x24 c:/intelfpga_lite/21.1/nios2eds/bin/gnu/h-x86_64-mingw32/bin/../lib/gcc/nios2-elf/10.3.1/../../../../../H-x86_64-mingw32/nios2-elf/lib/mhw-mulx\libc.a(lib_a-fputwc.o)
                0x0000000000018330                _fputwc_r
 .text.fputwc   0x0000000000018354       0x78 c:/intelfpga_lite/21.1/nios2eds/bin/gnu/h-x86_64-mingw32/bin/../lib/gcc/nios2-elf/10.3.1/../../../../../H-x86_64-mingw32/nios2-elf/lib/mhw-mulx\libc.a(lib_a-fputwc.o)
                0x0000000000018354                fputwc
 .text          0x00000000000183cc        0x0 c:/intelfpga_lite/21.1/nios2eds/bin/gnu/h-x86_64-mingw32/bin/../lib/gcc/nios2-elf/10.3.1/../../../../../H-x86_64-mingw32/nios2-elf/lib/mhw-mulx\libc.a(lib_a-fstatr.o)
 .text._fstat_r
                0x00000000000183cc       0x60 c:/intelfpga_lite/21.1/nios2eds/bin/gnu/h-x86_64-mingw32/bin/../lib/gcc/nios2-elf/10.3.1/../../../../../H-x86_64-mingw32/nios2-elf/lib/mhw-mulx\libc.a(lib_a-fstatr.o)
                0x00000000000183cc                _fstat_r
 .text          0x000000000001842c        0x0 c:/intelfpga_lite/21.1/nios2eds/bin/gnu/h-x86_64-mingw32/bin/../lib/gcc/nios2-elf/10.3.1/../../../../../H-x86_64-mingw32/nios2-elf/lib/mhw-mulx\libc.a(lib_a-isattyr.o)
 .text._isatty_r
                0x000000000001842c       0x58 c:/intelfpga_lite/21.1/nios2eds/bin/gnu/h-x86_64-mingw32/bin/../lib/gcc/nios2-elf/10.3.1/../../../../../H-x86_64-mingw32/nios2-elf/lib/mhw-mulx\libc.a(lib_a-isattyr.o)
                0x000000000001842c                _isatty_r
 .text          0x0000000000018484        0x0 c:/intelfpga_lite/21.1/nios2eds/bin/gnu/h-x86_64-mingw32/bin/../lib/gcc/nios2-elf/10.3.1/../../../../../H-x86_64-mingw32/nios2-elf/lib/mhw-mulx\libc.a(lib_a-lseekr.o)
 .text._lseek_r
                0x0000000000018484       0x64 c:/intelfpga_lite/21.1/nios2eds/bin/gnu/h-x86_64-mingw32/bin/../lib/gcc/nios2-elf/10.3.1/../../../../../H-x86_64-mingw32/nios2-elf/lib/mhw-mulx\libc.a(lib_a-lseekr.o)
                0x0000000000018484                _lseek_r
 .text          0x00000000000184e8        0x0 c:/intelfpga_lite/21.1/nios2eds/bin/gnu/h-x86_64-mingw32/bin/../lib/gcc/nios2-elf/10.3.1/../../../../../H-x86_64-mingw32/nios2-elf/lib/mhw-mulx\libc.a(lib_a-readr.o)
 .text._read_r  0x00000000000184e8       0x64 c:/intelfpga_lite/21.1/nios2eds/bin/gnu/h-x86_64-mingw32/bin/../lib/gcc/nios2-elf/10.3.1/../../../../../H-x86_64-mingw32/nios2-elf/lib/mhw-mulx\libc.a(lib_a-readr.o)
                0x00000000000184e8                _read_r
 .text          0x000000000001854c        0x0 c:/intelfpga_lite/21.1/nios2eds/bin/gnu/h-x86_64-mingw32/bin/../lib/gcc/nios2-elf/10.3.1/../../../../../H-x86_64-mingw32/nios2-elf/lib/mhw-mulx\libc.a(lib_a-vfiprintfr_1.o)
 .text._vfiprintf_r
                0x000000000001854c        0x4 c:/intelfpga_lite/21.1/nios2eds/bin/gnu/h-x86_64-mingw32/bin/../lib/gcc/nios2-elf/10.3.1/../../../../../H-x86_64-mingw32/nios2-elf/lib/mhw-mulx\libc.a(lib_a-vfiprintfr_1.o)
                0x000000000001854c                _vfiprintf_r
 .text          0x0000000000018550        0x0 c:/intelfpga_lite/21.1/nios2eds/bin/gnu/h-x86_64-mingw32/bin/../lib/gcc/nios2-elf/10.3.1/../../../../../H-x86_64-mingw32/nios2-elf/lib/mhw-mulx\libc.a(lib_a-wbuf.o)
 .text.__swbuf_r
                0x0000000000018550      0x148 c:/intelfpga_lite/21.1/nios2eds/bin/gnu/h-x86_64-mingw32/bin/../lib/gcc/nios2-elf/10.3.1/../../../../../H-x86_64-mingw32/nios2-elf/lib/mhw-mulx\libc.a(lib_a-wbuf.o)
                0x0000000000018550                __swbuf_r
 .text.__swbuf  0x0000000000018698       0x18 c:/intelfpga_lite/21.1/nios2eds/bin/gnu/h-x86_64-mingw32/bin/../lib/gcc/nios2-elf/10.3.1/../../../../../H-x86_64-mingw32/nios2-elf/lib/mhw-mulx\libc.a(lib_a-wbuf.o)
                0x0000000000018698                __swbuf
 .text          0x00000000000186b0        0x0 c:/intelfpga_lite/21.1/nios2eds/bin/gnu/h-x86_64-mingw32/bin/../lib/gcc/nios2-elf/10.3.1/../../../../../H-x86_64-mingw32/nios2-elf/lib/mhw-mulx\libc.a(lib_a-wcrtomb.o)
 .text._wcrtomb_r
                0x00000000000186b0       0x6c c:/intelfpga_lite/21.1/nios2eds/bin/gnu/h-x86_64-mingw32/bin/../lib/gcc/nios2-elf/10.3.1/../../../../../H-x86_64-mingw32/nios2-elf/lib/mhw-mulx\libc.a(lib_a-wcrtomb.o)
                0x00000000000186b0                _wcrtomb_r
 .text.wcrtomb  0x000000000001871c       0x88 c:/intelfpga_lite/21.1/nios2eds/bin/gnu/h-x86_64-mingw32/bin/../lib/gcc/nios2-elf/10.3.1/../../../../../H-x86_64-mingw32/nios2-elf/lib/mhw-mulx\libc.a(lib_a-wcrtomb.o)
                0x000000000001871c                wcrtomb
 .text          0x00000000000187a4        0x0 c:/intelfpga_lite/21.1/nios2eds/bin/gnu/h-x86_64-mingw32/bin/../lib/gcc/nios2-elf/10.3.1/../../../../../H-x86_64-mingw32/nios2-elf/lib/mhw-mulx\libc.a(lib_a-abort.o)
 .text.unlikely.abort
                0x00000000000187a4       0x18 c:/intelfpga_lite/21.1/nios2eds/bin/gnu/h-x86_64-mingw32/bin/../lib/gcc/nios2-elf/10.3.1/../../../../../H-x86_64-mingw32/nios2-elf/lib/mhw-mulx\libc.a(lib_a-abort.o)
                0x00000000000187a4                abort
 .text          0x00000000000187bc        0x0 c:/intelfpga_lite/21.1/nios2eds/bin/gnu/h-x86_64-mingw32/bin/../lib/gcc/nios2-elf/10.3.1/../../../../../H-x86_64-mingw32/nios2-elf/lib/mhw-mulx\libc.a(lib_a-signal.o)
 .text._init_signal_r
                0x00000000000187bc       0x5c c:/intelfpga_lite/21.1/nios2eds/bin/gnu/h-x86_64-mingw32/bin/../lib/gcc/nios2-elf/10.3.1/../../../../../H-x86_64-mingw32/nios2-elf/lib/mhw-mulx\libc.a(lib_a-signal.o)
                0x00000000000187bc                _init_signal_r
 .text._signal_r
                0x0000000000018818       0x98 c:/intelfpga_lite/21.1/nios2eds/bin/gnu/h-x86_64-mingw32/bin/../lib/gcc/nios2-elf/10.3.1/../../../../../H-x86_64-mingw32/nios2-elf/lib/mhw-mulx\libc.a(lib_a-signal.o)
                0x0000000000018818                _signal_r
 .text._raise_r
                0x00000000000188b0       0xc4 c:/intelfpga_lite/21.1/nios2eds/bin/gnu/h-x86_64-mingw32/bin/../lib/gcc/nios2-elf/10.3.1/../../../../../H-x86_64-mingw32/nios2-elf/lib/mhw-mulx\libc.a(lib_a-signal.o)
                0x00000000000188b0                _raise_r
 .text.__sigtramp_r
                0x0000000000018974       0xbc c:/intelfpga_lite/21.1/nios2eds/bin/gnu/h-x86_64-mingw32/bin/../lib/gcc/nios2-elf/10.3.1/../../../../../H-x86_64-mingw32/nios2-elf/lib/mhw-mulx\libc.a(lib_a-signal.o)
                0x0000000000018974                __sigtramp_r
 .text.raise    0x0000000000018a30       0xbc c:/intelfpga_lite/21.1/nios2eds/bin/gnu/h-x86_64-mingw32/bin/../lib/gcc/nios2-elf/10.3.1/../../../../../H-x86_64-mingw32/nios2-elf/lib/mhw-mulx\libc.a(lib_a-signal.o)
                0x0000000000018a30                raise
 .text.signal   0x0000000000018aec       0xa0 c:/intelfpga_lite/21.1/nios2eds/bin/gnu/h-x86_64-mingw32/bin/../lib/gcc/nios2-elf/10.3.1/../../../../../H-x86_64-mingw32/nios2-elf/lib/mhw-mulx\libc.a(lib_a-signal.o)
                0x0000000000018aec                signal
 .text._init_signal
                0x0000000000018b8c       0x60 c:/intelfpga_lite/21.1/nios2eds/bin/gnu/h-x86_64-mingw32/bin/../lib/gcc/nios2-elf/10.3.1/../../../../../H-x86_64-mingw32/nios2-elf/lib/mhw-mulx\libc.a(lib_a-signal.o)
                0x0000000000018b8c                _init_signal
 .text.__sigtramp
                0x0000000000018bec       0xbc c:/intelfpga_lite/21.1/nios2eds/bin/gnu/h-x86_64-mingw32/bin/../lib/gcc/nios2-elf/10.3.1/../../../../../H-x86_64-mingw32/nios2-elf/lib/mhw-mulx\libc.a(lib_a-signal.o)
                0x0000000000018bec                __sigtramp
 .text          0x0000000000018ca8        0x0 c:/intelfpga_lite/21.1/nios2eds/bin/gnu/h-x86_64-mingw32/bin/../lib/gcc/nios2-elf/10.3.1/../../../../../H-x86_64-mingw32/nios2-elf/lib/mhw-mulx\libc.a(lib_a-signalr.o)
 .text._kill_r  0x0000000000018ca8       0x60 c:/intelfpga_lite/21.1/nios2eds/bin/gnu/h-x86_64-mingw32/bin/../lib/gcc/nios2-elf/10.3.1/../../../../../H-x86_64-mingw32/nios2-elf/lib/mhw-mulx\libc.a(lib_a-signalr.o)
                0x0000000000018ca8                _kill_r
 .text._getpid_r
                0x0000000000018d08        0x4 c:/intelfpga_lite/21.1/nios2eds/bin/gnu/h-x86_64-mingw32/bin/../lib/gcc/nios2-elf/10.3.1/../../../../../H-x86_64-mingw32/nios2-elf/lib/mhw-mulx\libc.a(lib_a-signalr.o)
                0x0000000000018d08                _getpid_r
 .text          0x0000000000018d0c       0x74 c:/intelfpga_lite/21.1/nios2eds/bin/gnu/h-x86_64-mingw32/bin/../lib/gcc/nios2-elf/10.3.1/mhw-mulx\libgcc.a(_fixunsdfsi.o)
                0x0000000000018d0c                __fixunsdfsi
 .text          0x0000000000018d80       0x74 c:/intelfpga_lite/21.1/nios2eds/bin/gnu/h-x86_64-mingw32/bin/../lib/gcc/nios2-elf/10.3.1/mhw-mulx\libgcc.a(_fixdfdi.o)
                0x0000000000018d80                __fixdfdi
 .text          0x0000000000018df4       0x90 c:/intelfpga_lite/21.1/nios2eds/bin/gnu/h-x86_64-mingw32/bin/../lib/gcc/nios2-elf/10.3.1/mhw-mulx\libgcc.a(_fixunsdfdi.o)
                0x0000000000018df4                __fixunsdfdi
 .text          0x0000000000018e84       0x70 c:/intelfpga_lite/21.1/nios2eds/bin/gnu/h-x86_64-mingw32/bin/../lib/gcc/nios2-elf/10.3.1/mhw-mulx\libgcc.a(_floatdidf.o)
                0x0000000000018e84                __floatdidf
 .text          0x0000000000018ef4      0x590 c:/intelfpga_lite/21.1/nios2eds/bin/gnu/h-x86_64-mingw32/bin/../lib/gcc/nios2-elf/10.3.1/mhw-mulx\libgcc.a(_udivdi3.o)
                0x0000000000018ef4                __udivdi3
 .text          0x0000000000019484      0x534 c:/intelfpga_lite/21.1/nios2eds/bin/gnu/h-x86_64-mingw32/bin/../lib/gcc/nios2-elf/10.3.1/mhw-mulx\libgcc.a(_umoddi3.o)
                0x0000000000019484                __umoddi3
 .text          0x00000000000199b8       0xb4 c:/intelfpga_lite/21.1/nios2eds/bin/gnu/h-x86_64-mingw32/bin/../lib/gcc/nios2-elf/10.3.1/mhw-mulx\libgcc.a(lesf2.o)
                0x00000000000199b8                __ltsf2
                0x00000000000199b8                __lesf2
 .text          0x0000000000019a6c       0x4c c:/intelfpga_lite/21.1/nios2eds/bin/gnu/h-x86_64-mingw32/bin/../lib/gcc/nios2-elf/10.3.1/mhw-mulx\libgcc.a(unordsf2.o)
                0x0000000000019a6c                __unordsf2
 .text          0x0000000000019ab8      0x10c c:/school/Jaar-3/Periode-4/FPGA/FPGA-project/software/rps_bsp/\libhal_bsp.a(alt_close.o)
                0x0000000000019af4                close
 .text          0x0000000000019bc4       0x2c c:/school/Jaar-3/Periode-4/FPGA/FPGA-project/software/rps_bsp/\libhal_bsp.a(alt_dev.o)
 .text          0x0000000000019bf0        0x0 c:/school/Jaar-3/Periode-4/FPGA/FPGA-project/software/rps_bsp/\libhal_bsp.a(alt_errno.o)
 .text          0x0000000000019bf0       0x38 c:/school/Jaar-3/Periode-4/FPGA/FPGA-project/software/rps_bsp/\libhal_bsp.a(alt_exit.o)
                0x0000000000019bf0                _exit
 .text          0x0000000000019c28       0xec c:/school/Jaar-3/Periode-4/FPGA/FPGA-project/software/rps_bsp/\libhal_bsp.a(alt_fstat.o)
                0x0000000000019c64                fstat
 .text          0x0000000000019d14       0x20 c:/school/Jaar-3/Periode-4/FPGA/FPGA-project/software/rps_bsp/\libhal_bsp.a(alt_getpid.o)
                0x0000000000019d14                getpid
 .text          0x0000000000019d34       0xe0 c:/school/Jaar-3/Periode-4/FPGA/FPGA-project/software/rps_bsp/\libhal_bsp.a(alt_isatty.o)
                0x0000000000019d70                isatty
 .text          0x0000000000019e14      0x168 c:/school/Jaar-3/Periode-4/FPGA/FPGA-project/software/rps_bsp/\libhal_bsp.a(alt_kill.o)
                0x0000000000019e50                kill
 .text          0x0000000000019f7c       0xec c:/school/Jaar-3/Periode-4/FPGA/FPGA-project/software/rps_bsp/\libhal_bsp.a(alt_load.o)
                0x0000000000019fe4                alt_load
 .text          0x000000000001a068      0x110 c:/school/Jaar-3/Periode-4/FPGA/FPGA-project/software/rps_bsp/\libhal_bsp.a(alt_lseek.o)
                0x000000000001a0a4                lseek
 .text          0x000000000001a178       0x7c c:/school/Jaar-3/Periode-4/FPGA/FPGA-project/software/rps_bsp/\libhal_bsp.a(alt_main.o)
                0x000000000001a178                alt_main
 .text          0x000000000001a1f4       0x48 c:/school/Jaar-3/Periode-4/FPGA/FPGA-project/software/rps_bsp/\libhal_bsp.a(alt_malloc_lock.o)
                0x000000000001a1f4                __malloc_lock
                0x000000000001a218                __malloc_unlock
 .text          0x000000000001a23c      0x22c c:/school/Jaar-3/Periode-4/FPGA/FPGA-project/software/rps_bsp/\libhal_bsp.a(alt_printf.o)
                0x000000000001a23c                alt_printf
 .text          0x000000000001a468       0x30 c:/school/Jaar-3/Periode-4/FPGA/FPGA-project/software/rps_bsp/\libhal_bsp.a(alt_putchar.o)
                0x000000000001a468                alt_putchar
 .text          0x000000000001a498      0x138 c:/school/Jaar-3/Periode-4/FPGA/FPGA-project/software/rps_bsp/\libhal_bsp.a(alt_read.o)
                0x000000000001a4d4                read
 .text          0x000000000001a5d0       0x58 c:/school/Jaar-3/Periode-4/FPGA/FPGA-project/software/rps_bsp/\libhal_bsp.a(alt_release_fd.o)
                0x000000000001a5d0                alt_release_fd
 .text          0x000000000001a628       0xb8 c:/school/Jaar-3/Periode-4/FPGA/FPGA-project/software/rps_bsp/\libhal_bsp.a(alt_sbrk.o)
                0x000000000001a628                sbrk
 .text          0x000000000001a6e0      0x134 c:/school/Jaar-3/Periode-4/FPGA/FPGA-project/software/rps_bsp/\libhal_bsp.a(alt_write.o)
                0x000000000001a71c                write
 .text          0x000000000001a814      0x11c c:/school/Jaar-3/Periode-4/FPGA/FPGA-project/software/rps_bsp/\libhal_bsp.a(alt_sys_init.o)
                0x000000000001a848                alt_irq_init
                0x000000000001a884                alt_sys_init
 .text          0x000000000001a930     0x3e0c c:/school/Jaar-3/Periode-4/FPGA/FPGA-project/software/rps_bsp/\libhal_bsp.a(Altera_UP_SD_Card_Avalon_Interface.o)
                0x000000000001a930                Write_Sector_Data
                0x000000000001a9e4                Save_Modified_Sector
                0x000000000001aa30                Read_Sector_Data
                0x000000000001ab08                get_cluster_flag
                0x000000000001abb8                mark_cluster
                0x000000000001ac90                Check_for_Master_Boot_Record
                0x000000000001ae3c                Read_File_Record_At_Offset
                0x000000000001b0b4                Write_File_Record_At_Offset
                0x000000000001b33c                Check_for_DOS_FAT
                0x000000000001b908                Look_for_FAT16
                0x000000000001b9ec                filename_to_upper_case
                0x000000000001babc                check_file_name_for_FAT16_compliance
                0x000000000001bd28                get_dir_divider_location
                0x000000000001bde0                match_file_record_to_name_ext
                0x000000000001c06c                get_home_directory_cluster_for_file
                0x000000000001c55c                find_file_in_directory
                0x000000000001c988                find_first_empty_cluster
                0x000000000001cb18                find_first_empty_record_in_a_subdirectory
                0x000000000001cd58                find_first_empty_record_in_root_directory
                0x000000000001ce78                convert_filename_to_name_extension
                0x000000000001d008                create_file
                0x000000000001d2c4                copy_file_record_name_to_string
                0x000000000001d40c                alt_up_sd_card_open_dev
                0x000000000001d4c4                alt_up_sd_card_is_Present
                0x000000000001d574                alt_up_sd_card_is_FAT16
                0x000000000001d5dc                alt_up_sd_card_find_first
                0x000000000001d698                alt_up_sd_card_find_next
                0x000000000001da04                alt_up_sd_card_fopen
                0x000000000001dd00                alt_up_sd_card_set_attributes
                0x000000000001dd7c                alt_up_sd_card_get_attributes
                0x000000000001ddf4                alt_up_sd_card_read
                0x000000000001e0c8                alt_up_sd_card_write
                0x000000000001e5c4                alt_up_sd_card_fclose
 .text          0x000000000001e73c      0x164 c:/school/Jaar-3/Periode-4/FPGA/FPGA-project/software/rps_bsp/\libhal_bsp.a(altera_avalon_jtag_uart_fd.o)
                0x000000000001e73c                altera_avalon_jtag_uart_read_fd
                0x000000000001e79c                altera_avalon_jtag_uart_write_fd
                0x000000000001e7fc                altera_avalon_jtag_uart_close_fd
                0x000000000001e84c                altera_avalon_jtag_uart_ioctl_fd
 .text          0x000000000001e8a0      0x3cc c:/school/Jaar-3/Periode-4/FPGA/FPGA-project/software/rps_bsp/\libhal_bsp.a(altera_avalon_jtag_uart_init.o)
                0x000000000001e8a0                altera_avalon_jtag_uart_init
                0x000000000001ec04                altera_avalon_jtag_uart_close
 .text          0x000000000001ec6c       0xf4 c:/school/Jaar-3/Periode-4/FPGA/FPGA-project/software/rps_bsp/\libhal_bsp.a(altera_avalon_jtag_uart_ioctl.o)
                0x000000000001ec6c                altera_avalon_jtag_uart_ioctl
 .text          0x000000000001ed60      0x220 c:/school/Jaar-3/Periode-4/FPGA/FPGA-project/software/rps_bsp/\libhal_bsp.a(altera_avalon_jtag_uart_read.o)
                0x000000000001ed60                altera_avalon_jtag_uart_read
 .text          0x000000000001ef80      0x228 c:/school/Jaar-3/Periode-4/FPGA/FPGA-project/software/rps_bsp/\libhal_bsp.a(altera_avalon_jtag_uart_write.o)
                0x000000000001ef80                altera_avalon_jtag_uart_write
 .text          0x000000000001f1a8       0xfc c:/school/Jaar-3/Periode-4/FPGA/FPGA-project/software/rps_bsp/\libhal_bsp.a(altera_avalon_timer_sc.o)
                0x000000000001f228                alt_avalon_timer_sc_init
 .text          0x000000000001f2a4      0x4fc c:/school/Jaar-3/Periode-4/FPGA/FPGA-project/software/rps_bsp/\libhal_bsp.a(altera_up_avalon_character_lcd.o)
                0x000000000001f2a4                get_DDRAM_addr
                0x000000000001f318                alt_up_character_lcd_send_cmd
                0x000000000001f358                alt_up_character_lcd_init
                0x000000000001f390                alt_up_character_lcd_open_dev
                0x000000000001f3cc                alt_up_character_lcd_write
                0x000000000001f44c                alt_up_character_lcd_string
                0x000000000001f4c8                alt_up_character_lcd_write_fd
                0x000000000001f518                alt_up_character_lcd_set_cursor_pos
                0x000000000001f58c                alt_up_character_lcd_shift_cursor
                0x000000000001f618                alt_up_character_lcd_shift_display
                0x000000000001f6a4                alt_up_character_lcd_erase_pos
                0x000000000001f730                alt_up_character_lcd_cursor_off
                0x000000000001f768                alt_up_character_lcd_cursor_blink_on
 .text          0x000000000001f7a0      0x390 c:/school/Jaar-3/Periode-4/FPGA/FPGA-project/software/rps_bsp/\libhal_bsp.a(altera_up_avalon_rs232.o)
                0x000000000001f7a0                alt_up_rs232_enable_read_interrupt
                0x000000000001f7fc                alt_up_rs232_disable_read_interrupt
                0x000000000001f85c                alt_up_rs232_get_used_space_in_read_FIFO
                0x000000000001f89c                alt_up_rs232_get_available_space_in_write_FIFO
                0x000000000001f8d8                alt_up_rs232_check_parity
                0x000000000001f91c                alt_up_rs232_write_data
                0x000000000001f95c                alt_up_rs232_read_data
                0x000000000001f9d0                alt_up_rs232_read_fd
                0x000000000001fa60                alt_up_rs232_write_fd
                0x000000000001faf4                alt_up_rs232_open_dev
 .text          0x000000000001fb30      0x160 c:/school/Jaar-3/Periode-4/FPGA/FPGA-project/software/rps_bsp/\libhal_bsp.a(alt_alarm_start.o)
                0x000000000001fb30                alt_alarm_start
 .text          0x000000000001fc90       0x20 c:/school/Jaar-3/Periode-4/FPGA/FPGA-project/software/rps_bsp/\libhal_bsp.a(alt_dcache_flush_all.o)
                0x000000000001fc90                alt_dcache_flush_all
 .text          0x000000000001fcb0       0xe4 c:/school/Jaar-3/Periode-4/FPGA/FPGA-project/software/rps_bsp/\libhal_bsp.a(alt_dev_llist_insert.o)
                0x000000000001fcec                alt_dev_llist_insert
 .text          0x000000000001fd94       0x64 c:/school/Jaar-3/Periode-4/FPGA/FPGA-project/software/rps_bsp/\libhal_bsp.a(alt_do_ctors.o)
                0x000000000001fd94                _do_ctors
 .text          0x000000000001fdf8       0x64 c:/school/Jaar-3/Periode-4/FPGA/FPGA-project/software/rps_bsp/\libhal_bsp.a(alt_do_dtors.o)
                0x000000000001fdf8                _do_dtors
 .text          0x000000000001fe5c       0x90 c:/school/Jaar-3/Periode-4/FPGA/FPGA-project/software/rps_bsp/\libhal_bsp.a(alt_find_dev.o)
                0x000000000001fe5c                alt_find_dev
 .text          0x000000000001feec       0x34 c:/school/Jaar-3/Periode-4/FPGA/FPGA-project/software/rps_bsp/\libhal_bsp.a(alt_icache_flush_all.o)
                0x000000000001feec                alt_icache_flush_all
 .text          0x000000000001ff20      0x12c c:/school/Jaar-3/Periode-4/FPGA/FPGA-project/software/rps_bsp/\libhal_bsp.a(alt_io_redirect.o)
                0x000000000001ffd0                alt_io_redirect
 .text          0x000000000002004c      0x180 c:/school/Jaar-3/Periode-4/FPGA/FPGA-project/software/rps_bsp/\libhal_bsp.a(alt_irq_register.o)
                0x000000000002004c                alt_irq_register
 .text          0x00000000000201cc        0x0 c:/school/Jaar-3/Periode-4/FPGA/FPGA-project/software/rps_bsp/\libhal_bsp.a(alt_irq_vars.o)
 .text          0x00000000000201cc      0x248 c:/school/Jaar-3/Periode-4/FPGA/FPGA-project/software/rps_bsp/\libhal_bsp.a(alt_open.o)
                0x00000000000202c0                open
 .text          0x0000000000020414      0x1d0 c:/school/Jaar-3/Periode-4/FPGA/FPGA-project/software/rps_bsp/\libhal_bsp.a(alt_tick.o)
                0x0000000000020414                alt_alarm_stop
                0x00000000000204b8                alt_tick
 .text          0x00000000000205e4       0x24 c:/school/Jaar-3/Periode-4/FPGA/FPGA-project/software/rps_bsp/\libhal_bsp.a(altera_nios2_gen2_irq.o)
                0x00000000000205e4                altera_nios2_gen2_irq_init
 .text          0x0000000000020608      0x108 c:/school/Jaar-3/Periode-4/FPGA/FPGA-project/software/rps_bsp/\libhal_bsp.a(alt_find_file.o)
                0x0000000000020608                alt_find_file
 .text          0x0000000000020710       0xa0 c:/school/Jaar-3/Periode-4/FPGA/FPGA-project/software/rps_bsp/\libhal_bsp.a(alt_get_fd.o)
                0x0000000000020710                alt_get_fd
 .text          0x00000000000207b0       0x90 c:/school/Jaar-3/Periode-4/FPGA/FPGA-project/software/rps_bsp/\libhal_bsp.a(alt_icache_flush.o)
                0x00000000000207b0                alt_icache_flush
 .text          0x0000000000020840        0x0 c:/school/Jaar-3/Periode-4/FPGA/FPGA-project/software/rps_bsp/\libhal_bsp.a(alt_irq_entry.o)
 .text          0x0000000000020840        0x0 c:/school/Jaar-3/Periode-4/FPGA/FPGA-project/software/rps_bsp/\libhal_bsp.a(alt_irq_handler.o)
 .text          0x0000000000020840        0x0 c:/school/Jaar-3/Periode-4/FPGA/FPGA-project/software/rps_bsp/\libhal_bsp.a(alt_exception_entry.o)
 .text          0x0000000000020840       0x98 c:/school/Jaar-3/Periode-4/FPGA/FPGA-project/software/rps_bsp/\libhal_bsp.a(alt_instruction_exception_entry.o)
                0x0000000000020840                alt_exception_cause_generated_bad_addr
 .text          0x00000000000208d8        0x0 c:/intelfpga_lite/21.1/nios2eds/bin/gnu/h-x86_64-mingw32/bin/../lib/gcc/nios2-elf/10.3.1/../../../../../H-x86_64-mingw32/nios2-elf/lib/mhw-mulx\libc.a(lib_a-atexit.o)
 .text.atexit   0x00000000000208d8       0x14 c:/intelfpga_lite/21.1/nios2eds/bin/gnu/h-x86_64-mingw32/bin/../lib/gcc/nios2-elf/10.3.1/../../../../../H-x86_64-mingw32/nios2-elf/lib/mhw-mulx\libc.a(lib_a-atexit.o)
                0x00000000000208d8                atexit
 .text          0x00000000000208ec        0x0 c:/intelfpga_lite/21.1/nios2eds/bin/gnu/h-x86_64-mingw32/bin/../lib/gcc/nios2-elf/10.3.1/../../../../../H-x86_64-mingw32/nios2-elf/lib/mhw-mulx\libc.a(lib_a-exit.o)
 .text.exit     0x00000000000208ec       0x34 c:/intelfpga_lite/21.1/nios2eds/bin/gnu/h-x86_64-mingw32/bin/../lib/gcc/nios2-elf/10.3.1/../../../../../H-x86_64-mingw32/nios2-elf/lib/mhw-mulx\libc.a(lib_a-exit.o)
                0x00000000000208ec                exit
 .text          0x0000000000020920        0x0 c:/intelfpga_lite/21.1/nios2eds/bin/gnu/h-x86_64-mingw32/bin/../lib/gcc/nios2-elf/10.3.1/../../../../../H-x86_64-mingw32/nios2-elf/lib/mhw-mulx\libc.a(lib_a-memcmp.o)
 .text.memcmp   0x0000000000020920       0x78 c:/intelfpga_lite/21.1/nios2eds/bin/gnu/h-x86_64-mingw32/bin/../lib/gcc/nios2-elf/10.3.1/../../../../../H-x86_64-mingw32/nios2-elf/lib/mhw-mulx\libc.a(lib_a-memcmp.o)
                0x0000000000020920                memcmp