Archive member included to satisfy reference by file (symbol)

c:/intelfpga_lite/21.1/nios2eds/bin/gnu/h-x86_64-mingw32/bin/../lib/gcc/nios2-elf/10.3.1/../../../../../H-x86_64-mingw32/nios2-elf/lib/mhw-mulx\libm.a(lib_a-s_cos.o)
                              obj/default/fft/kiss_fft.o (cos)
c:/intelfpga_lite/21.1/nios2eds/bin/gnu/h-x86_64-mingw32/bin/../lib/gcc/nios2-elf/10.3.1/../../../../../H-x86_64-mingw32/nios2-elf/lib/mhw-mulx\libm.a(lib_a-s_floor.o)
                              obj/default/fft/kiss_fft.o (floor)
c:/intelfpga_lite/21.1/nios2eds/bin/gnu/h-x86_64-mingw32/bin/../lib/gcc/nios2-elf/10.3.1/../../../../../H-x86_64-mingw32/nios2-elf/lib/mhw-mulx\libm.a(lib_a-s_sin.o)
                              obj/default/fft/kiss_fft.o (sin)
c:/intelfpga_lite/21.1/nios2eds/bin/gnu/h-x86_64-mingw32/bin/../lib/gcc/nios2-elf/10.3.1/../../../../../H-x86_64-mingw32/nios2-elf/lib/mhw-mulx\libm.a(lib_a-sf_cos.o)
                              obj/default/main.o (cosf)
c:/intelfpga_lite/21.1/nios2eds/bin/gnu/h-x86_64-mingw32/bin/../lib/gcc/nios2-elf/10.3.1/../../../../../H-x86_64-mingw32/nios2-elf/lib/mhw-mulx\libm.a(lib_a-w_log.o)
                              obj/default/mfcc/libmfcc.o (log)
c:/intelfpga_lite/21.1/nios2eds/bin/gnu/h-x86_64-mingw32/bin/../lib/gcc/nios2-elf/10.3.1/../../../../../H-x86_64-mingw32/nios2-elf/lib/mhw-mulx\libm.a(lib_a-w_pow.o)
                              obj/default/main.o (pow)
c:/intelfpga_lite/21.1/nios2eds/bin/gnu/h-x86_64-mingw32/bin/../lib/gcc/nios2-elf/10.3.1/../../../../../H-x86_64-mingw32/nios2-elf/lib/mhw-mulx\libm.a(lib_a-w_sqrt.o)
                              obj/default/fft/kiss_fft.o (sqrt)
c:/intelfpga_lite/21.1/nios2eds/bin/gnu/h-x86_64-mingw32/bin/../lib/gcc/nios2-elf/10.3.1/../../../../../H-x86_64-mingw32/nios2-elf/lib/mhw-mulx\libm.a(lib_a-e_log.o)
                              c:/intelfpga_lite/21.1/nios2eds/bin/gnu/h-x86_64-mingw32/bin/../lib/gcc/nios2-elf/10.3.1/../../../../../H-x86_64-mingw32/nios2-elf/lib/mhw-mulx\libm.a(lib_a-w_log.o) (__ieee754_log)
c:/intelfpga_lite/21.1/nios2eds/bin/gnu/h-x86_64-mingw32/bin/../lib/gcc/nios2-elf/10.3.1/../../../../../H-x86_64-mingw32/nios2-elf/lib/mhw-mulx\libm.a(lib_a-e_pow.o)
                              c:/intelfpga_lite/21.1/nios2eds/bin/gnu/h-x86_64-mingw32/bin/../lib/gcc/nios2-elf/10.3.1/../../../../../H-x86_64-mingw32/nios2-elf/lib/mhw-mulx\libm.a(lib_a-w_pow.o) (__ieee754_pow)
c:/intelfpga_lite/21.1/nios2eds/bin/gnu/h-x86_64-mingw32/bin/../lib/gcc/nios2-elf/10.3.1/../../../../../H-x86_64-mingw32/nios2-elf/lib/mhw-mulx\libm.a(lib_a-e_rem_pio2.o)
                              c:/intelfpga_lite/21.1/nios2eds/bin/gnu/h-x86_64-mingw32/bin/../lib/gcc/nios2-elf/10.3.1/../../../../../H-x86_64-mingw32/nios2-elf/lib/mhw-mulx\libm.a(lib_a-s_cos.o) (__ieee754_rem_pio2)
c:/intelfpga_lite/21.1/nios2eds/bin/gnu/h-x86_64-mingw32/bin/../lib/gcc/nios2-elf/10.3.1/../../../../../H-x86_64-mingw32/nios2-elf/lib/mhw-mulx\libm.a(lib_a-e_sqrt.o)
                              c:/intelfpga_lite/21.1/nios2eds/bin/gnu/h-x86_64-mingw32/bin/../lib/gcc/nios2-elf/10.3.1/../../../../../H-x86_64-mingw32/nios2-elf/lib/mhw-mulx\libm.a(lib_a-w_sqrt.o) (__ieee754_sqrt)
c:/intelfpga_lite/21.1/nios2eds/bin/gnu/h-x86_64-mingw32/bin/../lib/gcc/nios2-elf/10.3.1/../../../../../H-x86_64-mingw32/nios2-elf/lib/mhw-mulx\libm.a(lib_a-ef_rem_pio2.o)
                              c:/intelfpga_lite/21.1/nios2eds/bin/gnu/h-x86_64-mingw32/bin/../lib/gcc/nios2-elf/10.3.1/../../../../../H-x86_64-mingw32/nios2-elf/lib/mhw-mulx\libm.a(lib_a-sf_cos.o) (__ieee754_rem_pio2f)
c:/intelfpga_lite/21.1/nios2eds/bin/gnu/h-x86_64-mingw32/bin/../lib/gcc/nios2-elf/10.3.1/../../../../../H-x86_64-mingw32/nios2-elf/lib/mhw-mulx\libm.a(lib_a-k_cos.o)
                              c:/intelfpga_lite/21.1/nios2eds/bin/gnu/h-x86_64-mingw32/bin/../lib/gcc/nios2-elf/10.3.1/../../../../../H-x86_64-mingw32/nios2-elf/lib/mhw-mulx\libm.a(lib_a-s_cos.o) (__kernel_cos)
c:/intelfpga_lite/21.1/nios2eds/bin/gnu/h-x86_64-mingw32/bin/../lib/gcc/nios2-elf/10.3.1/../../../../../H-x86_64-mingw32/nios2-elf/lib/mhw-mulx\libm.a(lib_a-k_rem_pio2.o)
                              c:/intelfpga_lite/21.1/nios2eds/bin/gnu/h-x86_64-mingw32/bin/../lib/gcc/nios2-elf/10.3.1/../../../../../H-x86_64-mingw32/nios2-elf/lib/mhw-mulx\libm.a(lib_a-e_rem_pio2.o) (__kernel_rem_pio2)
c:/intelfpga_lite/21.1/nios2eds/bin/gnu/h-x86_64-mingw32/bin/../lib/gcc/nios2-elf/10.3.1/../../../../../H-x86_64-mingw32/nios2-elf/lib/mhw-mulx\libm.a(lib_a-k_sin.o)
                              c:/intelfpga_lite/21.1/nios2eds/bin/gnu/h-x86_64-mingw32/bin/../lib/gcc/nios2-elf/10.3.1/../../../../../H-x86_64-mingw32/nios2-elf/lib/mhw-mulx\libm.a(lib_a-s_cos.o) (__kernel_sin)
c:/intelfpga_lite/21.1/nios2eds/bin/gnu/h-x86_64-mingw32/bin/../lib/gcc/nios2-elf/10.3.1/../../../../../H-x86_64-mingw32/nios2-elf/lib/mhw-mulx\libm.a(lib_a-kf_cos.o)
[...]
Memory Configuration

Name             Origin             Length             Attributes
reset            0x0000000000000000 0x0000000000000020
SDRAM            0x0000000000000020 0x0000000003ffffe0
*default*        0x0000000000000000 0xffffffffffffffff

Linker script and memory map

LOAD c:/school/Jaar-3/Periode-4/FPGA/FPGA-project/software/rps_bsp//obj/HAL/src/crt0.o
LOAD obj/default/fft/kiss_fft.o
LOAD obj/default/main.o
LOAD obj/default/mfcc/libmfcc.o
LOAD c:/intelfpga_lite/21.1/nios2eds/bin/gnu/h-x86_64-mingw32/bin/../lib/gcc/nios2-elf/10.3.1/../../../../../H-x86_64-mingw32/nios2-elf/lib/mhw-mulx\libstdc++.a
LOAD c:/intelfpga_lite/21.1/nios2eds/bin/gnu/h-x86_64-mingw32/bin/../lib/gcc/nios2-elf/10.3.1/../../../../../H-x86_64-mingw32/nios2-elf/lib/mhw-mulx\libm.a
LOAD c:/intelfpga_lite/21.1/nios2eds/bin/gnu/h-x86_64-mingw32/bin/../lib/gcc/nios2-elf/10.3.1/mhw-mulx\libgcc.a
START GROUP
LOAD c:/intelfpga_lite/21.1/nios2eds/bin/gnu/h-x86_64-mingw32/bin/../lib/gcc/nios2-elf/10.3.1/../../../../../H-x86_64-mingw32/nios2-elf/lib/mhw-mulx\libc.a
LOAD c:/intelfpga_lite/21.1/nios2eds/bin/gnu/h-x86_64-mingw32/bin/../lib/gcc/nios2-elf/10.3.1/mhw-mulx\libgcc.a
LOAD c:/school/Jaar-3/Periode-4/FPGA/FPGA-project/software/rps_bsp/\libhal_bsp.a
LOAD c:/intelfpga_lite/21.1/nios2eds/bin/gnu/h-x86_64-mingw32/bin/../lib/gcc/nios2-elf/10.3.1/../../../../../H-x86_64-mingw32/nios2-elf/lib/mhw-mulx\libm.a
END GROUP
LOAD c:/intelfpga_lite/21.1/nios2eds/bin/gnu/h-x86_64-mingw32/bin/../lib/gcc/nios2-elf/10.3.1/mhw-mulx\libgcc.a
                0x0000000000000000                __alt_mem_SDRAM = 0x0

.entry          0x0000000000000000       0x20
 *(.entry)
 .entry         0x0000000000000000       0x20 c:/school/Jaar-3/Periode-4/FPGA/FPGA-project/software/rps_bsp//obj/HAL/src/crt0.o
                0x0000000000000000                __reset

.exceptions     0x0000000000000020      0x21c
                0x0000000000000020                PROVIDE (__ram_exceptions_start = ABSOLUTE (.))
                0x0000000000000020                . = ALIGN (0x20)
 *(.irq)
 *(.exceptions.entry.label)
 .exceptions.entry.label
                0x0000000000000020        0x0 c:/school/Jaar-3/Periode-4/FPGA/FPGA-project/software/rps_bsp/\libhal_bsp.a(alt_irq_entry.o)
                0x0000000000000020                alt_irq_entry
 .exceptions.entry.label
                0x0000000000000020        0x0 c:/school/Jaar-3/Periode-4/FPGA/FPGA-project/software/rps_bsp/\libhal_bsp.a(alt_exception_entry.o)
                0x0000000000000020                alt_exception
 *(.exceptions.entry.user)
 *(.exceptions.entry.ecc_fatal)
 *(.exceptions.entry)
 .exceptions.entry
                0x0000000000000020       0x54 c:/school/Jaar-3/Periode-4/FPGA/FPGA-project/software/rps_bsp/\libhal_bsp.a(alt_exception_entry.o)
 *(.exceptions.irqtest.user)
 *(.exceptions.irqtest)
 .exceptions.irqtest
                0x0000000000000074       0x10 c:/school/Jaar-3/Periode-4/FPGA/FPGA-project/software/rps_bsp/\libhal_bsp.a(alt_irq_entry.o)
 *(.exceptions.irqhandler.user)
 *(.exceptions.irqhandler)
 .exceptions.irqhandler
                0x0000000000000084        0x4 c:/school/Jaar-3/Periode-4/FPGA/FPGA-project/software/rps_bsp/\libhal_bsp.a(alt_irq_entry.o)
 *(.exceptions.irqreturn.user)
 *(.exceptions.irqreturn)
 .exceptions.irqreturn
                0x0000000000000088        0x4 c:/school/Jaar-3/Periode-4/FPGA/FPGA-project/software/rps_bsp/\libhal_bsp.a(alt_irq_entry.o)
 *(.exceptions.notirq.label)
 .exceptions.notirq.label
                0x000000000000008c        0x0 c:/school/Jaar-3/Periode-4/FPGA/FPGA-project/software/rps_bsp/\libhal_bsp.a(alt_irq_entry.o)
 *(.exceptions.notirq.user)
 *(.exceptions.notirq)
 .exceptions.notirq
                0x000000000000008c        0x8 c:/school/Jaar-3/Periode-4/FPGA/FPGA-project/software/rps_bsp/\libhal_bsp.a(alt_exception_entry.o)
 *(.exceptions.soft.user)
 *(.exceptions.soft)
 *(.exceptions.unknown.user)
 *(.exceptions.unknown)
 .exceptions.unknown
                0x0000000000000094       0x14 c:/school/Jaar-3/Periode-4/FPGA/FPGA-project/software/rps_bsp/\libhal_bsp.a(alt_exception_entry.o)
 *(.exceptions.exit.label)
 .exceptions.exit.label
                0x00000000000000a8        0x0 c:/school/Jaar-3/Periode-4/FPGA/FPGA-project/software/rps_bsp/\libhal_bsp.a(alt_irq_entry.o)
 .exceptions.exit.label
                0x00000000000000a8        0x0 c:/school/Jaar-3/Periode-4/FPGA/FPGA-project/software/rps_bsp/\libhal_bsp.a(alt_exception_entry.o)
 *(.exceptions.exit.user)
 *(.exceptions.exit)
 .exceptions.exit
                0x00000000000000a8       0x54 c:/school/Jaar-3/Periode-4/FPGA/FPGA-project/software/rps_bsp/\libhal_bsp.a(alt_exception_entry.o)
 *(.exceptions)
 .exceptions    0x00000000000000fc       0xcc c:/school/Jaar-3/Periode-4/FPGA/FPGA-project/software/rps_bsp/\libhal_bsp.a(alt_irq_handler.o)
                0x00000000000000fc                alt_irq_handler
 .exceptions    0x00000000000001c8       0x74 c:/school/Jaar-3/Periode-4/FPGA/FPGA-project/software/rps_bsp/\libhal_bsp.a(alt_instruction_exception_entry.o)
                0x00000000000001c8                alt_instruction_exception_entry
                0x000000000000023c                PROVIDE (__ram_exceptions_end = ABSOLUTE (.))
                0x0000000000000020                PROVIDE (__flash_exceptions_start = LOADADDR (.exceptions))

.text           0x000000000000023c    0x20c6c
                [!provide]                        PROVIDE (stext = ABSOLUTE (.))
 *(.interp)
 *(.hash)
 *(.dynsym)
 *(.dynstr)
 *(.gnu.version)
 *(.gnu.version_d)
 *(.gnu.version_r)
 *(.rel.init)
 *(.rela.init)
 *(.rel.text .rel.text.* .rel.gnu.linkonce.t.*)
 *(.rela.text .rela.text.* .rela.gnu.linkonce.t.*)
 *(.rel.fini)
 *(.rela.fini)
 *(.rel.rodata .rel.rodata.* .rel.gnu.linkonce.r.*)
 *(.rela.rodata .rela.rodata.* .rela.gnu.linkonce.r.*)
 *(.rel.data .rel.data.* .rel.gnu.linkonce.d.*)
 *(.rela.data .rela.data.* .rela.gnu.linkonce.d.*)
 *(.rel.tdata .rel.tdata.* .rel.gnu.linkonce.td.*)
 *(.rela.tdata .rela.tdata.* .rela.gnu.linkonce.td.*)
 *(.rel.tbss .rel.tbss.* .rel.gnu.linkonce.tb.*)
 *(.rela.tbss .rela.tbss.* .rela.gnu.linkonce.tb.*)
 *(.rel.ctors)
 *(.rela.ctors)
 *(.rel.dtors)
 *(.rela.dtors)
 *(.rel.got)
 *(.rela.got)
 *(.rel.sdata .rel.sdata.* .rel.gnu.linkonce.s.*)
 *(.rela.sdata .rela.sdata.* .rela.gnu.linkonce.s.*)
 *(.rel.sbss .rel.sbss.* .rel.gnu.linkonce.sb.*)
 *(.rela.sbss .rela.sbss.* .rela.gnu.linkonce.sb.*)
 *(.rel.sdata2 .rel.sdata2.* .rel.gnu.linkonce.s2.*)
 *(.rela.sdata2 .rela.sdata2.* .rela.gnu.linkonce.s2.*)
 *(.rel.sbss2 .rel.sbss2.* .rel.gnu.linkonce.sb2.*)
 *(.rela.sbss2 .rela.sbss2.* .rela.gnu.linkonce.sb2.*)
 *(.rel.bss .rel.bss.* .rel.gnu.linkonce.b.*)
 *(.rela.bss .rela.bss.* .rela.gnu.linkonce.b.*)
 *(.rel.plt)
 *(.rela.plt)
 *(.rel.dyn)
 *(.init)
 *(.plt)
 *(.text .stub .text.* .gnu.linkonce.t.*)
 .text          0x000000000000023c       0x3c c:/school/Jaar-3/Periode-4/FPGA/FPGA-project/software/rps_bsp//obj/HAL/src/crt0.o
                0x000000000000023c                _start
 .text          0x0000000000000278     0x1aac obj/default/fft/kiss_fft.o
                0x00000000000018e8                kiss_fft_alloc
                0x0000000000001b24                kiss_fft_stride
                0x0000000000001bf8                kiss_fft
                0x0000000000001c40                kiss_fft_cleanup
                0x0000000000001c60                kiss_fft_next_fast_size
 .text          0x0000000000001d24     0x1570 obj/default/main.o
                0x0000000000001d24                main
                0x0000000000002298                check_KEYs
                0x0000000000002364                normalize_audio
                0x000000000000247c                hamming_window
                0x0000000000002574                fft
                0x000000000000262c                calculate_mfcc
                0x0000000000002874                compare_mfcc_buffers
                0x0000000000002ef4                clearLCD
                0x0000000000002f70                writeToLCD
                0x0000000000002fec                checkIfSDCardIsPresent
                0x000000000000309c                get_values_from_sd_card_file
                0x0000000000003204                list_files_on_sd_card
 .text          0x0000000000003294      0x884 obj/default/mfcc/libmfcc.o
                0x0000000000003294                GetCoefficient
                0x0000000000003524                NormalizationFactor
                0x00000000000035ec                GetFilterParameter
                0x00000000000038e8                GetMagnitudeFactor
                0x00000000000039fc                GetCenterFrequency
 .text          0x0000000000003b18        0x0 c:/intelfpga_lite/21.1/nios2eds/bin/gnu/h-x86_64-mingw32/bin/../lib/gcc/nios2-elf/10.3.1/../../../../../H-x86_64-mingw32/nios2-elf/lib/mhw-mulx\libm.a(lib_a-s_cos.o)
 .text.cos      0x0000000000003b18       0xb0 c:/intelfpga_lite/21.1/nios2eds/bin/gnu/h-x86_64-mingw32/bin/../lib/gcc/nios2-elf/10.3.1/../../../../../H-x86_64-mingw32/nios2-elf/lib/mhw-mulx\libm.a(lib_a-s_cos.o)
                0x0000000000003b18                cos
 .text          0x0000000000003bc8        0x0 c:/intelfpga_lite/21.1/nios2eds/bin/gnu/h-x86_64-mingw32/bin/../lib/gcc/nios2-elf/10.3.1/../../../../../H-x86_64-mingw32/nios2-elf/lib/mhw-mulx\libm.a(lib_a-s_floor.o)
 .text.floor    0x0000000000003bc8      0x1e4 c:/intelfpga_lite/21.1/nios2eds/bin/gnu/h-x86_64-mingw32/bin/../lib/gcc/nios2-elf/10.3.1/../../../../../H-x86_64-mingw32/nios2-elf/lib/mhw-mulx\libm.a(lib_a-s_floor.o)
                0x0000000000003bc8                floor
 .text          0x0000000000003dac        0x0 c:/intelfpga_lite/21.1/nios2eds/bin/gnu/h-x86_64-mingw32/bin/../lib/gcc/nios2-elf/10.3.1/../../../../../H-x86_64-mingw32/nios2-elf/lib/mhw-mulx\libm.a(lib_a-s_sin.o)
 .text.sin      0x0000000000003dac       0xc4 c:/intelfpga_lite/21.1/nios2eds/bin/gnu/h-x86_64-mingw32/bin/../lib/gcc/nios2-elf/10.3.1/../../../../../H-x86_64-mingw32/nios2-elf/lib/mhw-mulx\libm.a(lib_a-s_sin.o)
                0x0000000000003dac                sin
 .text          0x0000000000003e70        0x0 c:/intelfpga_lite/21.1/nios2eds/bin/gnu/h-x86_64-mingw32/bin/../lib/gcc/nios2-elf/10.3.1/../../../../../H-x86_64-mingw32/nios2-elf/lib/mhw-mulx\libm.a(lib_a-sf_cos.o)
 .text.cosf     0x0000000000003e70       0x9c c:/intelfpga_lite/21.1/nios2eds/bin/gnu/h-x86_64-mingw32/bin/../lib/gcc/nios2-elf/10.3.1/../../../../../H-x86_64-mingw32/nios2-elf/lib/mhw-mulx\libm.a(lib_a-sf_cos.o)
                0x0000000000003e70                cosf
 .text          0x0000000000003f0c        0x0 c:/intelfpga_lite/21.1/nios2eds/bin/gnu/h-x86_64-mingw32/bin/../lib/gcc/nios2-elf/10.3.1/../../../../../H-x86_64-mingw32/nios2-elf/lib/mhw-mulx\libm.a(lib_a-w_log.o)
 .text.log      0x0000000000003f0c       0xc4 c:/intelfpga_lite/21.1/nios2eds/bin/gnu/h-x86_64-mingw32/bin/../lib/gcc/nios2-elf/10.3.1/../../../../../H-x86_64-mingw32/nios2-elf/lib/mhw-mulx\libm.a(lib_a-w_log.o)
                0x0000000000003f0c                log
 .text          0x0000000000003fd0        0x0 c:/intelfpga_lite/21.1/nios2eds/bin/gnu/h-x86_64-mingw32/bin/../lib/gcc/nios2-elf/10.3.1/../../../../../H-x86_64-mingw32/nios2-elf/lib/mhw-mulx\libm.a(lib_a-w_pow.o)
 .text.pow      0x0000000000003fd0      0x2bc c:/intelfpga_lite/21.1/nios2eds/bin/gnu/h-x86_64-mingw32/bin/../lib/gcc/nios2-elf/10.3.1/../../../../../H-x86_64-mingw32/nios2-elf/lib/mhw-mulx\libm.a(lib_a-w_pow.o)
                0x0000000000003fd0                pow
 .text          0x000000000000428c        0x0 c:/intelfpga_lite/21.1/nios2eds/bin/gnu/h-x86_64-mingw32/bin/../lib/gcc/nios2-elf/10.3.1/../../../../../H-x86_64-mingw32/nios2-elf/lib/mhw-mulx\libm.a(lib_a-w_sqrt.o)
 .text.sqrt     0x000000000000428c       0xac c:/intelfpga_lite/21.1/nios2eds/bin/gnu/h-x86_64-mingw32/bin/../lib/gcc/nios2-elf/10.3.1/../../../../../H-x86_64-mingw32/nios2-elf/lib/mhw-mulx\libm.a(lib_a-w_sqrt.o)
                0x000000000000428c                sqrt
 .text          0x0000000000004338        0x0 c:/intelfpga_lite/21.1/nios2eds/bin/gnu/h-x86_64-mingw32/bin/../lib/gcc/nios2-elf/10.3.1/../../../../../H-x86_64-mingw32/nios2-elf/lib/mhw-mulx\libm.a(lib_a-e_log.o)
 .text.__ieee754_log
                0x0000000000004338      0x68c c:/intelfpga_lite/21.1/nios2eds/bin/gnu/h-x86_64-mingw32/bin/../lib/gcc/nios2-elf/10.3.1/../../../../../H-x86_64-mingw32/nios2-elf/lib/mhw-mulx\libm.a(lib_a-e_log.o)
                0x0000000000004338                __ieee754_log
 .text          0x00000000000049c4        0x0 c:/intelfpga_lite/21.1/nios2eds/bin/gnu/h-x86_64-mingw32/bin/../lib/gcc/nios2-elf/10.3.1/../../../../../H-x86_64-mingw32/nios2-elf/lib/mhw-mulx\libm.a(lib_a-e_pow.o)
 .text.__ieee754_pow
                0x00000000000049c4     0x1108 c:/intelfpga_lite/21.1/nios2eds/bin/gnu/h-x86_64-mingw32/bin/../lib/gcc/nios2-elf/10.3.1/../../../../../H-x86_64-mingw32/nios2-elf/lib/mhw-mulx\libm.a(lib_a-e_pow.o)
                0x00000000000049c4                __ieee754_pow
 .text          0x0000000000005acc        0x0 c:/intelfpga_lite/21.1/nios2eds/bin/gnu/h-x86_64-mingw32/bin/../lib/gcc/nios2-elf/10.3.1/../../../../../H-x86_64-mingw32/nios2-elf/lib/mhw-mulx\libm.a(lib_a-e_rem_pio2.o)
 .text.__ieee754_rem_pio2
                0x0000000000005acc      0x74c c:/intelfpga_lite/21.1/nios2eds/bin/gnu/h-x86_64-mingw32/bin/../lib/gcc/nios2-elf/10.3.1/../../../../../H-x86_64-mingw32/nios2-elf/lib/mhw-mulx\libm.a(lib_a-e_rem_pio2.o)
                0x0000000000005acc                __ieee754_rem_pio2
 .text          0x0000000000006218        0x0 c:/intelfpga_lite/21.1/nios2eds/bin/gnu/h-x86_64-mingw32/bin/../lib/gcc/nios2-elf/10.3.1/../../../../../H-x86_64-mingw32/nios2-elf/lib/mhw-mulx\libm.a(lib_a-e_sqrt.o)
 .text.__ieee754_sqrt
                0x0000000000006218      0x26c c:/intelfpga_lite/21.1/nios2eds/bin/gnu/h-x86_64-mingw32/bin/../lib/gcc/nios2-elf/10.3.1/../../../../../H-x86_64-mingw32/nios2-elf/lib/mhw-mulx\libm.a(lib_a-e_sqrt.o)
                0x0000000000006218                __ieee754_sqrt
 .text          0x0000000000006484        0x0 c:/intelfpga_lite/21.1/nios2eds/bin/gnu/h-x86_64-mingw32/bin/../lib/gcc/nios2-elf/10.3.1/../../../../../H-x86_64-mingw32/nios2-elf/lib/mhw-mulx\libm.a(lib_a-ef_rem_pio2.o)
 .text.__ieee754_rem_pio2f
                0x0000000000006484      0x4fc c:/intelfpga_lite/21.1/nios2eds/bin/gnu/h-x86_64-mingw32/bin/../lib/gcc/nios2-elf/10.3.1/../../../../../H-x86_64-mingw32/nios2-elf/lib/mhw-mulx\libm.a(lib_a-ef_rem_pio2.o)
                0x0000000000006484                __ieee754_rem_pio2f
 .text          0x0000000000006980        0x0 c:/intelfpga_lite/21.1/nios2eds/bin/gnu/h-x86_64-mingw32/bin/../lib/gcc/nios2-elf/10.3.1/../../../../../H-x86_64-mingw32/nios2-elf/lib/mhw-mulx\libm.a(lib_a-k_cos.o)
 .text.__kernel_cos
                0x0000000000006980      0x4ac c:/intelfpga_lite/21.1/nios2eds/bin/gnu/h-x86_64-mingw32/bin/../lib/gcc/nios2-elf/10.3.1/../../../../../H-x86_64-mingw32/nios2-elf/lib/mhw-mulx\libm.a(lib_a-k_cos.o)
                0x0000000000006980                __kernel_cos
 .text          0x0000000000006e2c        0x0 c:/intelfpga_lite/21.1/nios2eds/bin/gnu/h-x86_64-mingw32/bin/../lib/gcc/nios2-elf/10.3.1/../../../../../H-x86_64-mingw32/nios2-elf/lib/mhw-mulx\libm.a(lib_a-k_rem_pio2.o)
 .text.__kernel_rem_pio2
                0x0000000000006e2c      0xd0c c:/intelfpga_lite/21.1/nios2eds/bin/gnu/h-x86_64-mingw32/bin/../lib/gcc/nios2-elf/10.3.1/../../../../../H-x86_64-mingw32/nios2-elf/lib/mhw-mulx\libm.a(lib_a-k_rem_pio2.o)
                0x0000000000006e2c                __kernel_rem_pio2
 .text          0x0000000000007b38        0x0 c:/intelfpga_lite/21.1/nios2eds/bin/gnu/h-x86_64-mingw32/bin/../lib/gcc/nios2-elf/10.3.1/../../../../../H-x86_64-mingw32/nios2-elf/lib/mhw-mulx\libm.a(lib_a-k_sin.o)
 .text.__kernel_sin
                0x0000000000007b38      0x2c8 c:/intelfpga_lite/21.1/nios2eds/bin/gnu/h-x86_64-mingw32/bin/../lib/gcc/nios2-elf/10.3.1/../../../../../H-x86_64-mingw32/nios2-elf/lib/mhw-mulx\libm.a(lib_a-k_sin.o)
                0x0000000000007b38                __kernel_sin
 .text          0x0000000000007e00        0x0 c:/intelfpga_lite/21.1/nios2eds/bin/gnu/h-x86_64-mingw32/bin/../lib/gcc/nios2-elf/10.3.1/../../../../../H-x86_64-mingw32/nios2-elf/lib/mhw-mulx\libm.a(lib_a-kf_cos.o)
 .text.__kernel_cosf
                0x0000000000007e00      0x2c4 c:/intelfpga_lite/21.1/nios2eds/bin/gnu/h-x86_64-mingw32/bin/../lib/gcc/nios2-elf/10.3.1/../../../../../H-x86_64-mingw32/nios2-elf/lib/mhw-mulx\libm.a(lib_a-kf_cos.o)
                0x0000000000007e00                __kernel_cosf
 .text          0x00000000000080c4        0x0 c:/intelfpga_lite/21.1/nios2eds/bin/gnu/h-x86_64-mingw32/bin/../lib/gcc/nios2-elf/10.3.1/../../../../../H-x86_64-mingw32/nios2-elf/lib/mhw-mulx\libm.a(lib_a-kf_rem_pio2.o)
 .text.__kernel_rem_pio2f
                0x00000000000080c4      0xac4 c:/intelfpga_lite/21.1/nios2eds/bin/gnu/h-x86_64-mingw32/bin/../lib/gcc/nios2-elf/10.3.1/../../../../../H-x86_64-mingw32/nios2-elf/lib/mhw-mulx\libm.a(lib_a-kf_rem_pio2.o)
                0x00000000000080c4                __kernel_rem_pio2f
 .text          0x0000000000008b88        0x0 c:/intelfpga_lite/21.1/nios2eds/bin/gnu/h-x86_64-mingw32/bin/../lib/gcc/nios2-elf/10.3.1/../../../../../H-x86_64-mingw32/nios2-elf/lib/mhw-mulx\libm.a(lib_a-kf_sin.o)
 .text.__kernel_sinf
                0x0000000000008b88      0x1b4 c:/intelfpga_lite/21.1/nios2eds/bin/gnu/h-x86_64-mingw32/bin/../lib/gcc/nios2-elf/10.3.1/../../../../../H-x86_64-mingw32/nios2-elf/lib/mhw-mulx\libm.a(lib_a-kf_sin.o)
                0x0000000000008b88                __kernel_sinf
 .text          0x0000000000008d3c        0x0 c:/intelfpga_lite/21.1/nios2eds/bin/gnu/h-x86_64-mingw32/bin/../lib/gcc/nios2-elf/10.3.1/../../../../../H-x86_64-mingw32/nios2-elf/lib/mhw-mulx\libm.a(lib_a-math_err.o)
 .text.with_errno
                0x0000000000008d3c       0x48 c:/intelfpga_lite/21.1/nios2eds/bin/gnu/h-x86_64-mingw32/bin/../lib/gcc/nios2-elf/10.3.1/../../../../../H-x86_64-mingw32/nios2-elf/lib/mhw-mulx\libm.a(lib_a-math_err.o)
 .text.xflow    0x0000000000008d84       0x50 c:/intelfpga_lite/21.1/nios2eds/bin/gnu/h-x86_64-mingw32/bin/../lib/gcc/nios2-elf/10.3.1/../../../../../H-x86_64-mingw32/nios2-elf/lib/mhw-mulx\libm.a(lib_a-math_err.o)
 .text.__math_uflow
                0x0000000000008dd4        0xc c:/intelfpga_lite/21.1/nios2eds/bin/gnu/h-x86_64-mingw32/bin/../lib/gcc/nios2-elf/10.3.1/../../../../../H-x86_64-mingw32/nios2-elf/lib/mhw-mulx\libm.a(lib_a-math_err.o)
                0x0000000000008dd4                __math_uflow
 .text.__math_may_uflow
                0x0000000000008de0        0xc c:/intelfpga_lite/21.1/nios2eds/bin/gnu/h-x86_64-mingw32/bin/../lib/gcc/nios2-elf/10.3.1/../../../../../H-x86_64-mingw32/nios2-elf/lib/mhw-mulx\libm.a(lib_a-math_err.o)
                0x0000000000008de0                __math_may_uflow
 .text.__math_oflow
                0x0000000000008dec        0xc c:/intelfpga_lite/21.1/nios2eds/bin/gnu/h-x86_64-mingw32/bin/../lib/gcc/nios2-elf/10.3.1/../../../../../H-x86_64-mingw32/nios2-elf/lib/mhw-mulx\libm.a(lib_a-math_err.o)
                0x0000000000008dec                __math_oflow
 .text.__math_divzero
                0x0000000000008df8       0x4c c:/intelfpga_lite/21.1/nios2eds/bin/gnu/h-x86_64-mingw32/bin/../lib/gcc/nios2-elf/10.3.1/../../../../../H-x86_64-mingw32/nios2-elf/lib/mhw-mulx\libm.a(lib_a-math_err.o)
                0x0000000000008df8                __math_divzero
 .text.__math_invalid
                0x0000000000008e44       0x94 c:/intelfpga_lite/21.1/nios2eds/bin/gnu/h-x86_64-mingw32/bin/../lib/gcc/nios2-elf/10.3.1/../../../../../H-x86_64-mingw32/nios2-elf/lib/mhw-mulx\libm.a(lib_a-math_err.o)
                0x0000000000008e44                __math_invalid
 .text.__math_check_uflow
                0x0000000000008ed8       0x64 c:/intelfpga_lite/21.1/nios2eds/bin/gnu/h-x86_64-mingw32/bin/../lib/gcc/nios2-elf/10.3.1/../../../../../H-x86_64-mingw32/nios2-elf/lib/mhw-mulx\libm.a(lib_a-math_err.o)
                0x0000000000008ed8                __math_check_uflow
 .text.__math_check_oflow
                0x0000000000008f3c       0xa0 c:/intelfpga_lite/21.1/nios2eds/bin/gnu/h-x86_64-mingw32/bin/../lib/gcc/nios2-elf/10.3.1/../../../../../H-x86_64-mingw32/nios2-elf/lib/mhw-mulx\libm.a(lib_a-math_err.o)
                0x0000000000008f3c                __math_check_oflow
 .text          0x0000000000008fdc        0x0 c:/intelfpga_lite/21.1/nios2eds/bin/gnu/h-x86_64-mingw32/bin/../lib/gcc/nios2-elf/10.3.1/../../../../../H-x86_64-mingw32/nios2-elf/lib/mhw-mulx\libm.a(lib_a-s_scalbn.o)
 .text.scalbn   0x0000000000008fdc      0x1c0 c:/intelfpga_lite/21.1/nios2eds/bin/gnu/h-x86_64-mingw32/bin/../lib/gcc/nios2-elf/10.3.1/../../../../../H-x86_64-mingw32/nios2-elf/lib/mhw-mulx\libm.a(lib_a-s_scalbn.o)
                0x0000000000008fdc                scalbn
 .text          0x000000000000919c        0x0 c:/intelfpga_lite/21.1/nios2eds/bin/gnu/h-x86_64-mingw32/bin/../lib/gcc/nios2-elf/10.3.1/../../../../../H-x86_64-mingw32/nios2-elf/lib/mhw-mulx\libm.a(lib_a-sf_floor.o)
 .text.floorf   0x000000000000919c       0xf4 c:/intelfpga_lite/21.1/nios2eds/bin/gnu/h-x86_64-mingw32/bin/../lib/gcc/nios2-elf/10.3.1/../../../../../H-x86_64-mingw32/nios2-elf/lib/mhw-mulx\libm.a(lib_a-sf_floor.o)
                0x000000000000919c                floorf
 .text          0x0000000000009290        0x0 c:/intelfpga_lite/21.1/nios2eds/bin/gnu/h-x86_64-mingw32/bin/../lib/gcc/nios2-elf/10.3.1/../../../../../H-x86_64-mingw32/nios2-elf/lib/mhw-mulx\libm.a(lib_a-sf_scalbn.o)
 .text.scalbnf  0x0000000000009290      0x14c c:/intelfpga_lite/21.1/nios2eds/bin/gnu/h-x86_64-mingw32/bin/../lib/gcc/nios2-elf/10.3.1/../../../../../H-x86_64-mingw32/nios2-elf/lib/mhw-mulx\libm.a(lib_a-sf_scalbn.o)
                0x0000000000009290                scalbnf
 .text          0x00000000000093dc      0x1b4 c:/intelfpga_lite/21.1/nios2eds/bin/gnu/h-x86_64-mingw32/bin/../lib/gcc/nios2-elf/10.3.1/mhw-mulx\libgcc.a(lib2-divmod.o)
                0x00000000000093dc                __divsi3
                0x000000000000945c                __modsi3
                0x00000000000094d0                __udivsi3
                0x0000000000009534                __umodsi3
 .text          0x0000000000009590      0x46c c:/intelfpga_lite/21.1/nios2eds/bin/gnu/h-x86_64-mingw32/bin/../lib/gcc/nios2-elf/10.3.1/mhw-mulx\libgcc.a(addsf3.o)
                0x0000000000009590                __addsf3
 .text          0x00000000000099fc       0x70 c:/intelfpga_lite/21.1/nios2eds/bin/gnu/h-x86_64-mingw32/bin/../lib/gcc/nios2-elf/10.3.1/mhw-mulx\libgcc.a(eqsf2.o)
                0x00000000000099fc                __eqsf2
                0x00000000000099fc                __nesf2
 .text          0x0000000000009a6c       0xb8 c:/intelfpga_lite/21.1/nios2eds/bin/gnu/h-x86_64-mingw32/bin/../lib/gcc/nios2-elf/10.3.1/mhw-mulx\libgcc.a(gesf2.o)
                0x0000000000009a6c                __gesf2
                0x0000000000009a6c                __gtsf2
 .text          0x0000000000009b24      0x3b4 c:/intelfpga_lite/21.1/nios2eds/bin/gnu/h-x86_64-mingw32/bin/../lib/gcc/nios2-elf/10.3.1/mhw-mulx\libgcc.a(mulsf3.o)
                0x0000000000009b24                __mulsf3
 .text          0x0000000000009ed8      0x494 c:/intelfpga_lite/21.1/nios2eds/bin/gnu/h-x86_64-mingw32/bin/../lib/gcc/nios2-elf/10.3.1/mhw-mulx\libgcc.a(subsf3.o)
                0x0000000000009ed8                __subsf3
 .text          0x000000000000a36c       0x70 c:/intelfpga_lite/21.1/nios2eds/bin/gnu/h-x86_64-mingw32/bin/../lib/gcc/nios2-elf/10.3.1/mhw-mulx\libgcc.a(fixsfsi.o)
                0x000000000000a36c                __fixsfsi
 .text          0x000000000000a3dc      0x124 c:/intelfpga_lite/21.1/nios2eds/bin/gnu/h-x86_64-mingw32/bin/../lib/gcc/nios2-elf/10.3.1/mhw-mulx\libgcc.a(floatsisf.o)
                0x000000000000a3dc                __floatsisf
 .text          0x000000000000a500       0xfc c:/intelfpga_lite/21.1/nios2eds/bin/gnu/h-x86_64-mingw32/bin/../lib/gcc/nios2-elf/10.3.1/mhw-mulx\libgcc.a(floatunsisf.o)
                0x000000000000a500                __floatunsisf
 .text          0x000000000000a5fc      0x8f0 c:/intelfpga_lite/21.1/nios2eds/bin/gnu/h-x86_64-mingw32/bin/../lib/gcc/nios2-elf/10.3.1/mhw-mulx\libgcc.a(adddf3.o)
                0x000000000000a5fc                __adddf3
 .text          0x000000000000aeec      0x850 c:/intelfpga_lite/21.1/nios2eds/bin/gnu/h-x86_64-mingw32/bin/../lib/gcc/nios2-elf/10.3.1/mhw-mulx\libgcc.a(divdf3.o)
                0x000000000000aeec                __divdf3
 .text          0x000000000000b73c       0x80 c:/intelfpga_lite/21.1/nios2eds/bin/gnu/h-x86_64-mingw32/bin/../lib/gcc/nios2-elf/10.3.1/mhw-mulx\libgcc.a(eqdf2.o)
                0x000000000000b73c                __nedf2
                0x000000000000b73c                __eqdf2
 .text          0x000000000000b7bc       0xe8 c:/intelfpga_lite/21.1/nios2eds/bin/gnu/h-x86_64-mingw32/bin/../lib/gcc/nios2-elf/10.3.1/mhw-mulx\libgcc.a(gedf2.o)
                0x000000000000b7bc                __gedf2
                0x000000000000b7bc                __gtdf2
 .text          0x000000000000b8a4       0xe8 c:/intelfpga_lite/21.1/nios2eds/bin/gnu/h-x86_64-mingw32/bin/../lib/gcc/nios2-elf/10.3.1/mhw-mulx\libgcc.a(ledf2.o)
                0x000000000000b8a4                __ledf2
                0x000000000000b8a4                __ltdf2
 .text          0x000000000000b98c      0x674 c:/intelfpga_lite/21.1/nios2eds/bin/gnu/h-x86_64-mingw32/bin/../lib/gcc/nios2-elf/10.3.1/mhw-mulx\libgcc.a(muldf3.o)
                0x000000000000b98c                __muldf3
 .text          0x000000000000c000      0x90c c:/intelfpga_lite/21.1/nios2eds/bin/gnu/h-x86_64-mingw32/bin/../lib/gcc/nios2-elf/10.3.1/mhw-mulx\libgcc.a(subdf3.o)
                0x000000000000c000                __subdf3
 .text          0x000000000000c90c       0x54 c:/intelfpga_lite/21.1/nios2eds/bin/gnu/h-x86_64-mingw32/bin/../lib/gcc/nios2-elf/10.3.1/mhw-mulx\libgcc.a(unorddf2.o)
                0x000000000000c90c                __unorddf2
 .text          0x000000000000c960       0x80 c:/intelfpga_lite/21.1/nios2eds/bin/gnu/h-x86_64-mingw32/bin/../lib/gcc/nios2-elf/10.3.1/mhw-mulx\libgcc.a(fixdfsi.o)
                0x000000000000c960                __fixdfsi
 .text          0x000000000000c9e0       0xb8 c:/intelfpga_lite/21.1/nios2eds/bin/gnu/h-x86_64-mingw32/bin/../lib/gcc/nios2-elf/10.3.1/mhw-mulx\libgcc.a(floatsidf.o)
                0x000000000000c9e0                __floatsidf
 .text          0x000000000000ca98       0x90 c:/intelfpga_lite/21.1/nios2eds/bin/gnu/h-x86_64-mingw32/bin/../lib/gcc/nios2-elf/10.3.1/mhw-mulx\libgcc.a(floatunsidf.o)
                0x000000000000ca98                __floatunsidf
 .text          0x000000000000cb28       0xfc c:/intelfpga_lite/21.1/nios2eds/bin/gnu/h-x86_64-mingw32/bin/../lib/gcc/nios2-elf/10.3.1/mhw-mulx\libgcc.a(extendsfdf2.o)
                0x000000000000cb28                __extendsfdf2
 .text          0x000000000000cc24      0x170 c:/intelfpga_lite/21.1/nios2eds/bin/gnu/h-x86_64-mingw32/bin/../lib/gcc/nios2-elf/10.3.1/mhw-mulx\libgcc.a(truncdfsf2.o)
                0x000000000000cc24                __truncdfsf2
 .text          0x000000000000cd94       0x54 c:/intelfpga_lite/21.1/nios2eds/bin/gnu/h-x86_64-mingw32/bin/../lib/gcc/nios2-elf/10.3.1/mhw-mulx\libgcc.a(_clzsi2.o)
                0x000000000000cd94                __clzsi2
 .text          0x000000000000cde8        0x0 c:/intelfpga_lite/21.1/nios2eds/bin/gnu/h-x86_64-mingw32/bin/../lib/gcc/nios2-elf/10.3.1/mhw-mulx\libgcc.a(_clz.o)
 .text          0x000000000000cde8        0x0 c:/intelfpga_lite/21.1/nios2eds/bin/gnu/h-x86_64-mingw32/bin/../lib/gcc/nios2-elf/10.3.1/../../../../../H-x86_64-mingw32/nios2-elf/lib/mhw-mulx\libc.a(lib_a-errno.o)
 .text.__errno  0x000000000000cde8        0xc c:/intelfpga_lite/21.1/nios2eds/bin/gnu/h-x86_64-mingw32/bin/../lib/gcc/nios2-elf/10.3.1/../../../../../H-x86_64-mingw32/nios2-elf/lib/mhw-mulx\libc.a(lib_a-errno.o)
                0x000000000000cde8                __errno
 .text          0x000000000000cdf4        0x0 c:/intelfpga_lite/21.1/nios2eds/bin/gnu/h-x86_64-mingw32/bin/../lib/gcc/nios2-elf/10.3.1/../../../../../H-x86_64-mingw32/nios2-elf/lib/mhw-mulx\libc.a(lib_a-impure.o)
 .text          0x000000000000cdf4        0x0 c:/intelfpga_lite/21.1/nios2eds/bin/gnu/h-x86_64-mingw32/bin/../lib/gcc/nios2-elf/10.3.1/../../../../../H-x86_64-mingw32/nios2-elf/lib/mhw-mulx\libc.a(lib_a-malloc.o)
 .text.malloc   0x000000000000cdf4       0x10 c:/intelfpga_lite/21.1/nios2eds/bin/gnu/h-x86_64-mingw32/bin/../lib/gcc/nios2-elf/10.3.1/../../../../../H-x86_64-mingw32/nios2-elf/lib/mhw-mulx\libc.a(lib_a-malloc.o)
                0x000000000000cdf4                malloc
 .text.free     0x000000000000ce04       0x10 c:/intelfpga_lite/21.1/nios2eds/bin/gnu/h-x86_64-mingw32/bin/../lib/gcc/nios2-elf/10.3.1/../../../../../H-x86_64-mingw32/nios2-elf/lib/mhw-mulx\libc.a(lib_a-malloc.o)
                0x000000000000ce04                free
 .text          0x000000000000ce14        0x0 c:/intelfpga_lite/21.1/nios2eds/bin/gnu/h-x86_64-mingw32/bin/../lib/gcc/nios2-elf/10.3.1/../../../../../H-x86_64-mingw32/nios2-elf/lib/mhw-mulx\libc.a(lib_a-mallocr.o)
 .text._malloc_r
                0x000000000000ce14      0x7e0 c:/intelfpga_lite/21.1/nios2eds/bin/gnu/h-x86_64-mingw32/bin/../lib/gcc/nios2-elf/10.3.1/../../../../../H-x86_64-mingw32/nios2-elf/lib/mhw-mulx\libc.a(lib_a-mallocr.o)
                0x000000000000ce14                _malloc_r
 .text          0x000000000000d5f4        0x0 c:/intelfpga_lite/21.1/nios2eds/bin/gnu/h-x86_64-mingw32/bin/../lib/gcc/nios2-elf/10.3.1/../../../../../H-x86_64-mingw32/nios2-elf/lib/mhw-mulx\libc.a(lib_a-memcpy.o)
 .text.memcpy   0x000000000000d5f4      0x100 c:/intelfpga_lite/21.1/nios2eds/bin/gnu/h-x86_64-mingw32/bin/../lib/gcc/nios2-elf/10.3.1/../../../../../H-x86_64-mingw32/nios2-elf/lib/mhw-mulx\libc.a(lib_a-memcpy.o)
                0x000000000000d5f4                memcpy
 .text          0x000000000000d6f4        0x0 c:/intelfpga_lite/21.1/nios2eds/bin/gnu/h-x86_64-mingw32/bin/../lib/gcc/nios2-elf/10.3.1/../../../../../H-x86_64-mingw32/nios2-elf/lib/mhw-mulx\libc.a(lib_a-printf.o)
 .text._printf_r
                0x000000000000d6f4       0x30 c:/intelfpga_lite/21.1/nios2eds/bin/gnu/h-x86_64-mingw32/bin/../lib/gcc/nios2-elf/10.3.1/../../../../../H-x86_64-mingw32/nios2-elf/lib/mhw-mulx\libc.a(lib_a-printf.o)
                0x000000000000d6f4                _printf_r
 .text.printf   0x000000000000d724       0x38 c:/intelfpga_lite/21.1/nios2eds/bin/gnu/h-x86_64-mingw32/bin/../lib/gcc/nios2-elf/10.3.1/../../../../../H-x86_64-mingw32/nios2-elf/lib/mhw-mulx\libc.a(lib_a-printf.o)
                0x000000000000d724                printf
 .text          0x000000000000d75c        0x0 c:/intelfpga_lite/21.1/nios2eds/bin/gnu/h-x86_64-mingw32/bin/../lib/gcc/nios2-elf/10.3.1/../../../../../H-x86_64-mingw32/nios2-elf/lib/mhw-mulx\libc.a(lib_a-putchar.o)
 .text._putchar_r
                0x000000000000d75c        0x8 c:/intelfpga_lite/21.1/nios2eds/bin/gnu/h-x86_64-mingw32/bin/../lib/gcc/nios2-elf/10.3.1/../../../../../H-x86_64-mingw32/nios2-elf/lib/mhw-mulx\libc.a(lib_a-putchar.o)
                0x000000000000d75c                _putchar_r
 .text.putchar  0x000000000000d764       0x18 c:/intelfpga_lite/21.1/nios2eds/bin/gnu/h-x86_64-mingw32/bin/../lib/gcc/nios2-elf/10.3.1/../../../../../H-x86_64-mingw32/nios2-elf/lib/mhw-mulx\libc.a(lib_a-putchar.o)
                0x000000000000d764                putchar
 .text          0x000000000000d77c        0x0 c:/intelfpga_lite/21.1/nios2eds/bin/gnu/h-x86_64-mingw32/bin/../lib/gcc/nios2-elf/10.3.1/../../../../../H-x86_64-mingw32/nios2-elf/lib/mhw-mulx\libc.a(lib_a-puts.o)
 .text._puts_r  0x000000000000d77c       0xcc c:/intelfpga_lite/21.1/nios2eds/bin/gnu/h-x86_64-mingw32/bin/../lib/gcc/nios2-elf/10.3.1/../../../../../H-x86_64-mingw32/nios2-elf/lib/mhw-mulx\libc.a(lib_a-puts.o)
                0x000000000000d77c                _puts_r
 .text.puts     0x000000000000d848       0x10 c:/intelfpga_lite/21.1/nios2eds/bin/gnu/h-x86_64-mingw32/bin/../lib/gcc/nios2-elf/10.3.1/../../../../../H-x86_64-mingw32/nios2-elf/lib/mhw-mulx\libc.a(lib_a-puts.o)
                0x000000000000d848                puts
 .text          0x000000000000d858        0x0 c:/intelfpga_lite/21.1/nios2eds/bin/gnu/h-x86_64-mingw32/bin/../lib/gcc/nios2-elf/10.3.1/../../../../../H-x86_64-mingw32/nios2-elf/lib/mhw-mulx\libc.a(lib_a-sbrkr.o)
 .text._sbrk_r  0x000000000000d858       0x58 c:/intelfpga_lite/21.1/nios2eds/bin/gnu/h-x86_64-mingw32/bin/../lib/gcc/nios2-elf/10.3.1/../../../../../H-x86_64-mingw32/nios2-elf/lib/mhw-mulx\libc.a(lib_a-sbrkr.o)
                0x000000000000d858                _sbrk_r
 .text          0x000000000000d8b0        0x0 c:/intelfpga_lite/21.1/nios2eds/bin/gnu/h-x86_64-mingw32/bin/../lib/gcc/nios2-elf/10.3.1/../../../../../H-x86_64-mingw32/nios2-elf/lib/mhw-mulx\libc.a(lib_a-strlen.o)
 .text.strlen   0x000000000000d8b0       0x98 c:/intelfpga_lite/21.1/nios2eds/bin/gnu/h-x86_64-mingw32/bin/../lib/gcc/nios2-elf/10.3.1/../../../../../H-x86_64-mingw32/nios2-elf/lib/mhw-mulx\libc.a(lib_a-strlen.o)
                0x000000000000d8b0                strlen
 .text          0x000000000000d948        0x0 c:/intelfpga_lite/21.1/nios2eds/bin/gnu/h-x86_64-mingw32/bin/../lib/gcc/nios2-elf/10.3.1/../../../../../H-x86_64-mingw32/nios2-elf/lib/mhw-mulx\libc.a(lib_a-strtod.o)
 .text._strtod_l
                0x000000000000d948     0x15dc c:/intelfpga_lite/21.1/nios2eds/bin/gnu/h-x86_64-mingw32/bin/../lib/gcc/nios2-elf/10.3.1/../../../../../H-x86_64-mingw32/nios2-elf/lib/mhw-mulx\libc.a(lib_a-strtod.o)
                0x000000000000d948                _strtod_l
 .text._strtod_r
                0x000000000000ef24        0xc c:/intelfpga_lite/21.1/nios2eds/bin/gnu/h-x86_64-mingw32/bin/../lib/gcc/nios2-elf/10.3.1/../../../../../H-x86_64-mingw32/nios2-elf/lib/mhw-mulx\libc.a(lib_a-strtod.o)
                0x000000000000ef24                _strtod_r
 .text.strtod_l
                0x000000000000ef30       0x1c c:/intelfpga_lite/21.1/nios2eds/bin/gnu/h-x86_64-mingw32/bin/../lib/gcc/nios2-elf/10.3.1/../../../../../H-x86_64-mingw32/nios2-elf/lib/mhw-mulx\libc.a(lib_a-strtod.o)
                0x000000000000ef30                strtod_l
 .text.strtod   0x000000000000ef4c       0x20 c:/intelfpga_lite/21.1/nios2eds/bin/gnu/h-x86_64-mingw32/bin/../lib/gcc/nios2-elf/10.3.1/../../../../../H-x86_64-mingw32/nios2-elf/lib/mhw-mulx\libc.a(lib_a-strtod.o)
                0x000000000000ef4c                strtod
 .text.strtof_l
                0x000000000000ef6c      0x120 c:/intelfpga_lite/21.1/nios2eds/bin/gnu/h-x86_64-mingw32/bin/../lib/gcc/nios2-elf/10.3.1/../../../../../H-x86_64-mingw32/nios2-elf/lib/mhw-mulx\libc.a(lib_a-strtod.o)
                0x000000000000ef6c                strtof_l
 .text.strtof   0x000000000000f08c      0x124 c:/intelfpga_lite/21.1/nios2eds/bin/gnu/h-x86_64-mingw32/bin/../lib/gcc/nios2-elf/10.3.1/../../../../../H-x86_64-mingw32/nios2-elf/lib/mhw-mulx\libc.a(lib_a-strtod.o)
                0x000000000000f08c                strtof
 .text          0x000000000000f1b0        0x0 c:/intelfpga_lite/21.1/nios2eds/bin/gnu/h-x86_64-mingw32/bin/../lib/gcc/nios2-elf/10.3.1/../../../../../H-x86_64-mingw32/nios2-elf/lib/mhw-mulx\libc.a(lib_a-strtok.o)
 .text.strtok   0x000000000000f1b0       0x14 c:/intelfpga_lite/21.1/nios2eds/bin/gnu/h-x86_64-mingw32/bin/../lib/gcc/nios2-elf/10.3.1/../../../../../H-x86_64-mingw32/nios2-elf/lib/mhw-mulx\libc.a(lib_a-strtok.o)
                0x000000000000f1b0                strtok
 .text          0x000000000000f1c4        0x0 c:/intelfpga_lite/21.1/nios2eds/bin/gnu/h-x86_64-mingw32/bin/../lib/gcc/nios2-elf/10.3.1/../../../../../H-x86_64-mingw32/nios2-elf/lib/mhw-mulx\libc.a(lib_a-strtok_r.o)
 .text.__strtok_r
                0x000000000000f1c4       0xa4 c:/intelfpga_lite/21.1/nios2eds/bin/gnu/h-x86_64-mingw32/bin/../lib/gcc/nios2-elf/10.3.1/../../../../../H-x86_64-mingw32/nios2-elf/lib/mhw-mulx\libc.a(lib_a-strtok_r.o)
                0x000000000000f1c4                __strtok_r
 .text.strtok_r
                0x000000000000f268        0x8 c:/intelfpga_lite/21.1/nios2eds/bin/gnu/h-x86_64-mingw32/bin/../lib/gcc/nios2-elf/10.3.1/../../../../../H-x86_64-mingw32/nios2-elf/lib/mhw-mulx\libc.a(lib_a-strtok_r.o)
                0x000000000000f268                strtok_r
 .text          0x000000000000f270        0x0 c:/intelfpga_lite/21.1/nios2eds/bin/gnu/h-x86_64-mingw32/bin/../lib/gcc/nios2-elf/10.3.1/../../../../../H-x86_64-mingw32/nios2-elf/lib/mhw-mulx\libc.a(lib_a-vfprintf.o)
 .text.___vfprintf_internal_r
                0x000000000000f270     0x2008 c:/intelfpga_lite/21.1/nios2eds/bin/gnu/h-x86_64-mingw32/bin/../lib/gcc/nios2-elf/10.3.1/../../../../../H-x86_64-mingw32/nios2-elf/lib/mhw-mulx\libc.a(lib_a-vfprintf.o)
                0x000000000000f270                ___vfprintf_internal_r
 .text.__vfprintf_internal
                0x0000000000011278       0x1c c:/intelfpga_lite/21.1/nios2eds/bin/gnu/h-x86_64-mingw32/bin/../lib/gcc/nios2-elf/10.3.1/../../../../../H-x86_64-mingw32/nios2-elf/lib/mhw-mulx\libc.a(lib_a-vfprintf.o)
                0x0000000000011278                __vfprintf_internal
 .text.__sbprintf
                0x0000000000011294       0xc0 c:/intelfpga_lite/21.1/nios2eds/bin/gnu/h-x86_64-mingw32/bin/../lib/gcc/nios2-elf/10.3.1/../../../../../H-x86_64-mingw32/nios2-elf/lib/mhw-mulx\libc.a(lib_a-vfprintf.o)
 .text          0x0000000000011354        0x0 c:/intelfpga_lite/21.1/nios2eds/bin/gnu/h-x86_64-mingw32/bin/../lib/gcc/nios2-elf/10.3.1/../../../../../H-x86_64-mingw32/nios2-elf/lib/mhw-mulx\libc.a(lib_a-wsetup.o)
 .text.__swsetup_r
                0x0000000000011354      0x164 c:/intelfpga_lite/21.1/nios2eds/bin/gnu/h-x86_64-mingw32/bin/../lib/gcc/nios2-elf/10.3.1/../../../../../H-x86_64-mingw32/nios2-elf/lib/mhw-mulx\libc.a(lib_a-wsetup.o)
                0x0000000000011354                __swsetup_r
 .text          0x00000000000114b8        0x0 c:/intelfpga_lite/21.1/nios2eds/bin/gnu/h-x86_64-mingw32/bin/../lib/gcc/nios2-elf/10.3.1/../../../../../H-x86_64-mingw32/nios2-elf/lib/mhw-mulx\libc.a(lib_a-dtoa.o)
 .text.quorem   0x00000000000114b8      0x1fc c:/intelfpga_lite/21.1/nios2eds/bin/gnu/h-x86_64-mingw32/bin/../lib/gcc/nios2-elf/10.3.1/../../../../../H-x86_64-mingw32/nios2-elf/lib/mhw-mulx\libc.a(lib_a-dtoa.o)
 .text._dtoa_r  0x00000000000116b4     0x1748 c:/intelfpga_lite/21.1/nios2eds/bin/gnu/h-x86_64-mingw32/bin/../lib/gcc/nios2-elf/10.3.1/../../../../../H-x86_64-mingw32/nios2-elf/lib/mhw-mulx\libc.a(lib_a-dtoa.o)
                0x00000000000116b4                _dtoa_r
 .text          0x0000000000012dfc        0x0 c:/intelfpga_lite/21.1/nios2eds/bin/gnu/h-x86_64-mingw32/bin/../lib/gcc/nios2-elf/10.3.1/../../../../../H-x86_64-mingw32/nios2-elf/lib/mhw-mulx\libc.a(lib_a-fflush.o)
 .text.__sflush_r
                0x0000000000012dfc      0x228 c:/intelfpga_lite/21.1/nios2eds/bin/gnu/h-x86_64-mingw32/bin/../lib/gcc/nios2-elf/10.3.1/../../../../../H-x86_64-mingw32/nios2-elf/lib/mhw-mulx\libc.a(lib_a-fflush.o)
                0x0000000000012dfc                __sflush_r
 .text._fflush_r
                0x0000000000013024       0x60 c:/intelfpga_lite/21.1/nios2eds/bin/gnu/h-x86_64-mingw32/bin/../lib/gcc/nios2-elf/10.3.1/../../../../../H-x86_64-mingw32/nios2-elf/lib/mhw-mulx\libc.a(lib_a-fflush.o)
                0x0000000000013024                _fflush_r
 .text.fflush   0x0000000000013084       0x84 c:/intelfpga_lite/21.1/nios2eds/bin/gnu/h-x86_64-mingw32/bin/../lib/gcc/nios2-elf/10.3.1/../../../../../H-x86_64-mingw32/nios2-elf/lib/mhw-mulx\libc.a(lib_a-fflush.o)
                0x0000000000013084                fflush
 .text          0x0000000000013108        0x0 c:/intelfpga_lite/21.1/nios2eds/bin/gnu/h-x86_64-mingw32/bin/../lib/gcc/nios2-elf/10.3.1/../../../../../H-x86_64-mingw32/nios2-elf/lib/mhw-mulx\libc.a(lib_a-findfp.o)
 .text.__fp_lock
                0x0000000000013108        0x8 c:/intelfpga_lite/21.1/nios2eds/bin/gnu/h-x86_64-mingw32/bin/../lib/gcc/nios2-elf/10.3.1/../../../../../H-x86_64-mingw32/nios2-elf/lib/mhw-mulx\libc.a(lib_a-findfp.o)
 .text._cleanup_r
                0x0000000000013110        0xc c:/intelfpga_lite/21.1/nios2eds/bin/gnu/h-x86_64-mingw32/bin/../lib/gcc/nios2-elf/10.3.1/../../../../../H-x86_64-mingw32/nios2-elf/lib/mhw-mulx\libc.a(lib_a-findfp.o)
                0x0000000000013110                _cleanup_r
 .text.__fp_unlock
                0x000000000001311c        0x8 c:/intelfpga_lite/21.1/nios2eds/bin/gnu/h-x86_64-mingw32/bin/../lib/gcc/nios2-elf/10.3.1/../../../../../H-x86_64-mingw32/nios2-elf/lib/mhw-mulx\libc.a(lib_a-findfp.o)
 .text.__sinit.part.0
                0x0000000000013124      0x168 c:/intelfpga_lite/21.1/nios2eds/bin/gnu/h-x86_64-mingw32/bin/../lib/gcc/nios2-elf/10.3.1/../../../../../H-x86_64-mingw32/nios2-elf/lib/mhw-mulx\libc.a(lib_a-findfp.o)
 .text.__sfmoreglue
                0x000000000001328c       0x68 c:/intelfpga_lite/21.1/nios2eds/bin/gnu/h-x86_64-mingw32/bin/../lib/gcc/nios2-elf/10.3.1/../../../../../H-x86_64-mingw32/nios2-elf/lib/mhw-mulx\libc.a(lib_a-findfp.o)
                0x000000000001328c                __sfmoreglue
 .text.__sfp    0x00000000000132f4      0x154 c:/intelfpga_lite/21.1/nios2eds/bin/gnu/h-x86_64-mingw32/bin/../lib/gcc/nios2-elf/10.3.1/../../../../../H-x86_64-mingw32/nios2-elf/lib/mhw-mulx\libc.a(lib_a-findfp.o)
                0x00000000000132f4                __sfp
 .text._cleanup
                0x0000000000013448       0x14 c:/intelfpga_lite/21.1/nios2eds/bin/gnu/h-x86_64-mingw32/bin/../lib/gcc/nios2-elf/10.3.1/../../../../../H-x86_64-mingw32/nios2-elf/lib/mhw-mulx\libc.a(lib_a-findfp.o)
                0x0000000000013448                _cleanup
 .text.__sinit  0x000000000001345c       0x10 c:/intelfpga_lite/21.1/nios2eds/bin/gnu/h-x86_64-mingw32/bin/../lib/gcc/nios2-elf/10.3.1/../../../../../H-x86_64-mingw32/nios2-elf/lib/mhw-mulx\libc.a(lib_a-findfp.o)
                0x000000000001345c                __sinit
 .text.__sfp_lock_acquire
                0x000000000001346c        0x4 c:/intelfpga_lite/21.1/nios2eds/bin/gnu/h-x86_64-mingw32/bin/../lib/gcc/nios2-elf/10.3.1/../../../../../H-x86_64-mingw32/nios2-elf/lib/mhw-mulx\libc.a(lib_a-findfp.o)
                0x000000000001346c                __sfp_lock_acquire
 .text.__sfp_lock_release
                0x0000000000013470        0x4 c:/intelfpga_lite/21.1/nios2eds/bin/gnu/h-x86_64-mingw32/bin/../lib/gcc/nios2-elf/10.3.1/../../../../../H-x86_64-mingw32/nios2-elf/lib/mhw-mulx\libc.a(lib_a-findfp.o)
                0x0000000000013470                __sfp_lock_release
 .text.__sinit_lock_acquire
                0x0000000000013474        0x4 c:/intelfpga_lite/21.1/nios2eds/bin/gnu/h-x86_64-mingw32/bin/../lib/gcc/nios2-elf/10.3.1/../../../../../H-x86_64-mingw32/nios2-elf/lib/mhw-mulx\libc.a(lib_a-findfp.o)
                0x0000000000013474                __sinit_lock_acquire
 .text.__sinit_lock_release
                0x0000000000013478        0x4 c:/intelfpga_lite/21.1/nios2eds/bin/gnu/h-x86_64-mingw32/bin/../lib/gcc/nios2-elf/10.3.1/../../../../../H-x86_64-mingw32/nios2-elf/lib/mhw-mulx\libc.a(lib_a-findfp.o)
                0x0000000000013478                __sinit_lock_release
 .text.__fp_lock_all
                0x000000000001347c       0x14 c:/intelfpga_lite/21.1/nios2eds/bin/gnu/h-x86_64-mingw32/bin/../lib/gcc/nios2-elf/10.3.1/../../../../../H-x86_64-mingw32/nios2-elf/lib/mhw-mulx\libc.a(lib_a-findfp.o)
                0x000000000001347c                __fp_lock_all
 .text.__fp_unlock_all
                0x0000000000013490       0x14 c:/intelfpga_lite/21.1/nios2eds/bin/gnu/h-x86_64-mingw32/bin/../lib/gcc/nios2-elf/10.3.1/../../../../../H-x86_64-mingw32/nios2-elf/lib/mhw-mulx\libc.a(lib_a-findfp.o)
                0x0000000000013490                __fp_unlock_all
 .text          0x00000000000134a4        0x0 c:/intelfpga_lite/21.1/nios2eds/bin/gnu/h-x86_64-mingw32/bin/../lib/gcc/nios2-elf/10.3.1/../../../../../H-x86_64-mingw32/nios2-elf/lib/mhw-mulx\libc.a(lib_a-freer.o)
 .text._malloc_trim_r
                0x00000000000134a4      0x11c c:/intelfpga_lite/21.1/nios2eds/bin/gnu/h-x86_64-mingw32/bin/../lib/gcc/nios2-elf/10.3.1/../../../../../H-x86_64-mingw32/nios2-elf/lib/mhw-mulx\libc.a(lib_a-freer.o)
                0x00000000000134a4                _malloc_trim_r
 .text._free_r  0x00000000000135c0      0x2fc c:/intelfpga_lite/21.1/nios2eds/bin/gnu/h-x86_64-mingw32/bin/../lib/gcc/nios2-elf/10.3.1/../../../../../H-x86_64-mingw32/nios2-elf/lib/mhw-mulx\libc.a(lib_a-freer.o)
                0x00000000000135c0                _free_r
 .text          0x00000000000138bc        0x0 c:/intelfpga_lite/21.1/nios2eds/bin/gnu/h-x86_64-mingw32/bin/../lib/gcc/nios2-elf/10.3.1/../../../../../H-x86_64-mingw32/nios2-elf/lib/mhw-mulx\libc.a(lib_a-fvwrite.o)
 .text.__sfvwrite_r
                0x00000000000138bc      0x484 c:/intelfpga_lite/21.1/nios2eds/bin/gnu/h-x86_64-mingw32/bin/../lib/gcc/nios2-elf/10.3.1/../../../../../H-x86_64-mingw32/nios2-elf/lib/mhw-mulx\libc.a(lib_a-fvwrite.o)
                0x00000000000138bc                __sfvwrite_r
 .text          0x0000000000013d40        0x0 c:/intelfpga_lite/21.1/nios2eds/bin/gnu/h-x86_64-mingw32/bin/../lib/gcc/nios2-elf/10.3.1/../../../../../H-x86_64-mingw32/nios2-elf/lib/mhw-mulx\libc.a(lib_a-fwalk.o)
 .text._fwalk   0x0000000000013d40       0x98 c:/intelfpga_lite/21.1/nios2eds/bin/gnu/h-x86_64-mingw32/bin/../lib/gcc/nios2-elf/10.3.1/../../../../../H-x86_64-mingw32/nios2-elf/lib/mhw-mulx\libc.a(lib_a-fwalk.o)
                0x0000000000013d40                _fwalk
 .text._fwalk_reent
                0x0000000000013dd8       0xa8 c:/intelfpga_lite/21.1/nios2eds/bin/gnu/h-x86_64-mingw32/bin/../lib/gcc/nios2-elf/10.3.1/../../../../../H-x86_64-mingw32/nios2-elf/lib/mhw-mulx\libc.a(lib_a-fwalk.o)
                0x0000000000013dd8                _fwalk_reent
 .text          0x0000000000013e80        0x0 c:/intelfpga_lite/21.1/nios2eds/bin/gnu/h-x86_64-mingw32/bin/../lib/gcc/nios2-elf/10.3.1/../../../../../H-x86_64-mingw32/nios2-elf/lib/mhw-mulx\libc.a(lib_a-gdtoa-gethex.o)
 .text.rshift   0x0000000000013e80       0xdc c:/intelfpga_lite/21.1/nios2eds/bin/gnu/h-x86_64-mingw32/bin/../lib/gcc/nios2-elf/10.3.1/../../../../../H-x86_64-mingw32/nios2-elf/lib/mhw-mulx\libc.a(lib_a-gdtoa-gethex.o)
 .text.__gethex
                0x0000000000013f5c      0x8c4 c:/intelfpga_lite/21.1/nios2eds/bin/gnu/h-x86_64-mingw32/bin/../lib/gcc/nios2-elf/10.3.1/../../../../../H-x86_64-mingw32/nios2-elf/lib/mhw-mulx\libc.a(lib_a-gdtoa-gethex.o)
                0x0000000000013f5c                __gethex
 .text          0x0000000000014820        0x0 c:/intelfpga_lite/21.1/nios2eds/bin/gnu/h-x86_64-mingw32/bin/../lib/gcc/nios2-elf/10.3.1/../../../../../H-x86_64-mingw32/nios2-elf/lib/mhw-mulx\libc.a(lib_a-gdtoa-hexnan.o)
 .text.__match  0x0000000000014820       0x50 c:/intelfpga_lite/21.1/nios2eds/bin/gnu/h-x86_64-mingw32/bin/../lib/gcc/nios2-elf/10.3.1/../../../../../H-x86_64-mingw32/nios2-elf/lib/mhw-mulx\libc.a(lib_a-gdtoa-hexnan.o)
                0x0000000000014820                __match
 .text.__hexnan
                0x0000000000014870      0x290 c:/intelfpga_lite/21.1/nios2eds/bin/gnu/h-x86_64-mingw32/bin/../lib/gcc/nios2-elf/10.3.1/../../../../../H-x86_64-mingw32/nios2-elf/lib/mhw-mulx\libc.a(lib_a-gdtoa-hexnan.o)
                0x0000000000014870                __hexnan
 .text          0x0000000000014b00        0x0 c:/intelfpga_lite/21.1/nios2eds/bin/gnu/h-x86_64-mingw32/bin/../lib/gcc/nios2-elf/10.3.1/../../../../../H-x86_64-mingw32/nios2-elf/lib/mhw-mulx\libc.a(lib_a-int_errno.o)
 .text          0x0000000000014b00        0x0 c:/intelfpga_lite/21.1/nios2eds/bin/gnu/h-x86_64-mingw32/bin/../lib/gcc/nios2-elf/10.3.1/../../../../../H-x86_64-mingw32/nios2-elf/lib/mhw-mulx\libc.a(lib_a-lnumeric.o)
 .text.__numeric_load_locale
                0x0000000000014b00        0x8 c:/intelfpga_lite/21.1/nios2eds/bin/gnu/h-x86_64-mingw32/bin/../lib/gcc/nios2-elf/10.3.1/../../../../../H-x86_64-mingw32/nios2-elf/lib/mhw-mulx\libc.a(lib_a-lnumeric.o)
                0x0000000000014b00                __numeric_load_locale
 .text          0x0000000000014b08        0x0 c:/intelfpga_lite/21.1/nios2eds/bin/gnu/h-x86_64-mingw32/bin/../lib/gcc/nios2-elf/10.3.1/../../../../../H-x86_64-mingw32/nios2-elf/lib/mhw-mulx\libc.a(lib_a-locale.o)
 .text._setlocale_r
                0x0000000000014b08       0x74 c:/intelfpga_lite/21.1/nios2eds/bin/gnu/h-x86_64-mingw32/bin/../lib/gcc/nios2-elf/10.3.1/../../../../../H-x86_64-mingw32/nios2-elf/lib/mhw-mulx\libc.a(lib_a-locale.o)
                0x0000000000014b08                _setlocale_r
 .text.__locale_mb_cur_max
                0x0000000000014b7c        0xc c:/intelfpga_lite/21.1/nios2eds/bin/gnu/h-x86_64-mingw32/bin/../lib/gcc/nios2-elf/10.3.1/../../../../../H-x86_64-mingw32/nios2-elf/lib/mhw-mulx\libc.a(lib_a-locale.o)
                0x0000000000014b7c                __locale_mb_cur_max
 .text.setlocale
                0x0000000000014b88       0x74 c:/intelfpga_lite/21.1/nios2eds/bin/gnu/h-x86_64-mingw32/bin/../lib/gcc/nios2-elf/10.3.1/../../../../../H-x86_64-mingw32/nios2-elf/lib/mhw-mulx\libc.a(lib_a-locale.o)
                0x0000000000014b88                setlocale
 .text          0x0000000000014bfc        0x0 c:/intelfpga_lite/21.1/nios2eds/bin/gnu/h-x86_64-mingw32/bin/../lib/gcc/nios2-elf/10.3.1/../../../../../H-x86_64-mingw32/nios2-elf/lib/mhw-mulx\libc.a(lib_a-localeconv.o)
 .text.__localeconv_l
                0x0000000000014bfc        0x8 c:/intelfpga_lite/21.1/nios2eds/bin/gnu/h-x86_64-mingw32/bin/../lib/gcc/nios2-elf/10.3.1/../../../../../H-x86_64-mingw32/nios2-elf/lib/mhw-mulx\libc.a(lib_a-localeconv.o)
                0x0000000000014bfc                __localeconv_l
 .text._localeconv_r
                0x0000000000014c04        0xc c:/intelfpga_lite/21.1/nios2eds/bin/gnu/h-x86_64-mingw32/bin/../lib/gcc/nios2-elf/10.3.1/../../../../../H-x86_64-mingw32/nios2-elf/lib/mhw-mulx\libc.a(lib_a-localeconv.o)
                0x0000000000014c04                _localeconv_r
 .text.localeconv
                0x0000000000014c10        0xc c:/intelfpga_lite/21.1/nios2eds/bin/gnu/h-x86_64-mingw32/bin/../lib/gcc/nios2-elf/10.3.1/../../../../../H-x86_64-mingw32/nios2-elf/lib/mhw-mulx\libc.a(lib_a-localeconv.o)
                0x0000000000014c10                localeconv
 .text          0x0000000000014c1c        0x0 c:/intelfpga_lite/21.1/nios2eds/bin/gnu/h-x86_64-mingw32/bin/../lib/gcc/nios2-elf/10.3.1/../../../../../H-x86_64-mingw32/nios2-elf/lib/mhw-mulx\libc.a(lib_a-makebuf.o)
 .text.__smakebuf_r
                0x0000000000014c1c      0x1b0 c:/intelfpga_lite/21.1/nios2eds/bin/gnu/h-x86_64-mingw32/bin/../lib/gcc/nios2-elf/10.3.1/../../../../../H-x86_64-mingw32/nios2-elf/lib/mhw-mulx\libc.a(lib_a-makebuf.o)
                0x0000000000014c1c                __smakebuf_r
 .text.__swhatbuf_r
                0x0000000000014dcc       0x98 c:/intelfpga_lite/21.1/nios2eds/bin/gnu/h-x86_64-mingw32/bin/../lib/gcc/nios2-elf/10.3.1/../../../../../H-x86_64-mingw32/nios2-elf/lib/mhw-mulx\libc.a(lib_a-makebuf.o)
                0x0000000000014dcc                __swhatbuf_r
 .text          0x0000000000014e64        0x0 c:/intelfpga_lite/21.1/nios2eds/bin/gnu/h-x86_64-mingw32/bin/../lib/gcc/nios2-elf/10.3.1/../../../../../H-x86_64-mingw32/nios2-elf/lib/mhw-mulx\libc.a(lib_a-mbtowc_r.o)
 .text._mbtowc_r
                0x0000000000014e64        0xc c:/intelfpga_lite/21.1/nios2eds/bin/gnu/h-x86_64-mingw32/bin/../lib/gcc/nios2-elf/10.3.1/../../../../../H-x86_64-mingw32/nios2-elf/lib/mhw-mulx\libc.a(lib_a-mbtowc_r.o)
                0x0000000000014e64                _mbtowc_r
 .text.__ascii_mbtowc
                0x0000000000014e70       0x44 c:/intelfpga_lite/21.1/nios2eds/bin/gnu/h-x86_64-mingw32/bin/../lib/gcc/nios2-elf/10.3.1/../../../../../H-x86_64-mingw32/nios2-elf/lib/mhw-mulx\libc.a(lib_a-mbtowc_r.o)
                0x0000000000014e70                __ascii_mbtowc
 .text          0x0000000000014eb4        0x0 c:/intelfpga_lite/21.1/nios2eds/bin/gnu/h-x86_64-mingw32/bin/../lib/gcc/nios2-elf/10.3.1/../../../../../H-x86_64-mingw32/nios2-elf/lib/mhw-mulx\libc.a(lib_a-memchr.o)
 .text.memchr   0x0000000000014eb4       0xd0 c:/intelfpga_lite/21.1/nios2eds/bin/gnu/h-x86_64-mingw32/bin/../lib/gcc/nios2-elf/10.3.1/../../../../../H-x86_64-mingw32/nios2-elf/lib/mhw-mulx\libc.a(lib_a-memchr.o)
                0x0000000000014eb4                memchr
 .text          0x0000000000014f84        0x0 c:/intelfpga_lite/21.1/nios2eds/bin/gnu/h-x86_64-mingw32/bin/../lib/gcc/nios2-elf/10.3.1/../../../../../H-x86_64-mingw32/nios2-elf/lib/mhw-mulx\libc.a(lib_a-memmove.o)
 .text.memmove  0x0000000000014f84      0x12c c:/intelfpga_lite/21.1/nios2eds/bin/gnu/h-x86_64-mingw32/bin/../lib/gcc/nios2-elf/10.3.1/../../../../../H-x86_64-mingw32/nios2-elf/lib/mhw-mulx\libc.a(lib_a-memmove.o)
                0x0000000000014f84                memmove
 .text          0x00000000000150b0        0x0 c:/intelfpga_lite/21.1/nios2eds/bin/gnu/h-x86_64-mingw32/bin/../lib/gcc/nios2-elf/10.3.1/../../../../../H-x86_64-mingw32/nios2-elf/lib/mhw-mulx\libc.a(lib_a-memset.o)
 .text.memset   0x00000000000150b0       0xf0 c:/intelfpga_lite/21.1/nios2eds/bin/gnu/h-x86_64-mingw32/bin/../lib/gcc/nios2-elf/10.3.1/../../../../../H-x86_64-mingw32/nios2-elf/lib/mhw-mulx\libc.a(lib_a-memset.o)
                0x00000000000150b0                memset
 .text          0x00000000000151a0        0x0 c:/intelfpga_lite/21.1/nios2eds/bin/gnu/h-x86_64-mingw32/bin/../lib/gcc/nios2-elf/10.3.1/../../../../../H-x86_64-mingw32/nios2-elf/lib/mhw-mulx\libc.a(lib_a-mprec.o)
 .text._Balloc  0x00000000000151a0       0xa4 c:/intelfpga_lite/21.1/nios2eds/bin/gnu/h-x86_64-mingw32/bin/../lib/gcc/nios2-elf/10.3.1/../../../../../H-x86_64-mingw32/nios2-elf/lib/mhw-mulx\libc.a(lib_a-mprec.o)
                0x00000000000151a0                _Balloc
 .text._Bfree   0x0000000000015244       0x24 c:/intelfpga_lite/21.1/nios2eds/bin/gnu/h-x86_64-mingw32/bin/../lib/gcc/nios2-elf/10.3.1/../../../../../H-x86_64-mingw32/nios2-elf/lib/mhw-mulx\libc.a(lib_a-mprec.o)
                0x0000000000015244                _Bfree
 .text.__multadd
                0x0000000000015268      0x138 c:/intelfpga_lite/21.1/nios2eds/bin/gnu/h-x86_64-mingw32/bin/../lib/gcc/nios2-elf/10.3.1/../../../../../H-x86_64-mingw32/nios2-elf/lib/mhw-mulx\libc.a(lib_a-mprec.o)
                0x0000000000015268                __multadd
 .text.__s2b    0x00000000000153a0      0x138 c:/intelfpga_lite/21.1/nios2eds/bin/gnu/h-x86_64-mingw32/bin/../lib/gcc/nios2-elf/10.3.1/../../../../../H-x86_64-mingw32/nios2-elf/lib/mhw-mulx\libc.a(lib_a-mprec.o)
                0x00000000000153a0                __s2b
 .text.__hi0bits
                0x00000000000154d8       0x64 c:/intelfpga_lite/21.1/nios2eds/bin/gnu/h-x86_64-mingw32/bin/../lib/gcc/nios2-elf/10.3.1/../../../../../H-x86_64-mingw32/nios2-elf/lib/mhw-mulx\libc.a(lib_a-mprec.o)
                0x00000000000154d8                __hi0bits
 .text.__lo0bits
                0x000000000001553c       0xb0 c:/intelfpga_lite/21.1/nios2eds/bin/gnu/h-x86_64-mingw32/bin/../lib/gcc/nios2-elf/10.3.1/../../../../../H-x86_64-mingw32/nios2-elf/lib/mhw-mulx\libc.a(lib_a-mprec.o)
                0x000000000001553c                __lo0bits
 .text.__i2b    0x00000000000155ec       0xb0 c:/intelfpga_lite/21.1/nios2eds/bin/gnu/h-x86_64-mingw32/bin/../lib/gcc/nios2-elf/10.3.1/../../../../../H-x86_64-mingw32/nios2-elf/lib/mhw-mulx\libc.a(lib_a-mprec.o)
                0x00000000000155ec                __i2b
 .text.__multiply
                0x000000000001569c      0x254 c:/intelfpga_lite/21.1/nios2eds/bin/gnu/h-x86_64-mingw32/bin/../lib/gcc/nios2-elf/10.3.1/../../../../../H-x86_64-mingw32/nios2-elf/lib/mhw-mulx\libc.a(lib_a-mprec.o)
                0x000000000001569c                __multiply
 .text.__pow5mult
                0x00000000000158f0      0x148 c:/intelfpga_lite/21.1/nios2eds/bin/gnu/h-x86_64-mingw32/bin/../lib/gcc/nios2-elf/10.3.1/../../../../../H-x86_64-mingw32/nios2-elf/lib/mhw-mulx\libc.a(lib_a-mprec.o)
                0x00000000000158f0                __pow5mult
 .text.__lshift
                0x0000000000015a38      0x188 c:/intelfpga_lite/21.1/nios2eds/bin/gnu/h-x86_64-mingw32/bin/../lib/gcc/nios2-elf/10.3.1/../../../../../H-x86_64-mingw32/nios2-elf/lib/mhw-mulx\libc.a(lib_a-mprec.o)
                0x0000000000015a38                __lshift
 .text.__mcmp   0x0000000000015bc0       0x58 c:/intelfpga_lite/21.1/nios2eds/bin/gnu/h-x86_64-mingw32/bin/../lib/gcc/nios2-elf/10.3.1/../../../../../H-x86_64-mingw32/nios2-elf/lib/mhw-mulx\libc.a(lib_a-mprec.o)
                0x0000000000015bc0                __mcmp
 .text.__mdiff  0x0000000000015c18      0x22c c:/intelfpga_lite/21.1/nios2eds/bin/gnu/h-x86_64-mingw32/bin/../lib/gcc/nios2-elf/10.3.1/../../../../../H-x86_64-mingw32/nios2-elf/lib/mhw-mulx\libc.a(lib_a-mprec.o)
                0x0000000000015c18                __mdiff
 .text.__ulp    0x0000000000015e44       0x5c c:/intelfpga_lite/21.1/nios2eds/bin/gnu/h-x86_64-mingw32/bin/../lib/gcc/nios2-elf/10.3.1/../../../../../H-x86_64-mingw32/nios2-elf/lib/mhw-mulx\libc.a(lib_a-mprec.o)
                0x0000000000015e44                __ulp
 .text.__b2d    0x0000000000015ea0      0x108 c:/intelfpga_lite/21.1/nios2eds/bin/gnu/h-x86_64-mingw32/bin/../lib/gcc/nios2-elf/10.3.1/../../../../../H-x86_64-mingw32/nios2-elf/lib/mhw-mulx\libc.a(lib_a-mprec.o)
                0x0000000000015ea0                __b2d
 .text.__d2b    0x0000000000015fa8      0x164 c:/intelfpga_lite/21.1/nios2eds/bin/gnu/h-x86_64-mingw32/bin/../lib/gcc/nios2-elf/10.3.1/../../../../../H-x86_64-mingw32/nios2-elf/lib/mhw-mulx\libc.a(lib_a-mprec.o)
                0x0000000000015fa8                __d2b
 .text.__ratio  0x000000000001610c       0xa8 c:/intelfpga_lite/21.1/nios2eds/bin/gnu/h-x86_64-mingw32/bin/../lib/gcc/nios2-elf/10.3.1/../../../../../H-x86_64-mingw32/nios2-elf/lib/mhw-mulx\libc.a(lib_a-mprec.o)
                0x000000000001610c                __ratio
 .text._mprec_log10
                0x00000000000161b4       0x70 c:/intelfpga_lite/21.1/nios2eds/bin/gnu/h-x86_64-mingw32/bin/../lib/gcc/nios2-elf/10.3.1/../../../../../H-x86_64-mingw32/nios2-elf/lib/mhw-mulx\libc.a(lib_a-mprec.o)
                0x00000000000161b4                _mprec_log10
 .text.__copybits
                0x0000000000016224       0x7c c:/intelfpga_lite/21.1/nios2eds/bin/gnu/h-x86_64-mingw32/bin/../lib/gcc/nios2-elf/10.3.1/../../../../../H-x86_64-mingw32/nios2-elf/lib/mhw-mulx\libc.a(lib_a-mprec.o)
                0x0000000000016224                __copybits
 .text.__any_on
                0x00000000000162a0       0x60 c:/intelfpga_lite/21.1/nios2eds/bin/gnu/h-x86_64-mingw32/bin/../lib/gcc/nios2-elf/10.3.1/../../../../../H-x86_64-mingw32/nios2-elf/lib/mhw-mulx\libc.a(lib_a-mprec.o)
                0x00000000000162a0                __any_on
 .text          0x0000000000016300        0x0 c:/intelfpga_lite/21.1/nios2eds/bin/gnu/h-x86_64-mingw32/bin/../lib/gcc/nios2-elf/10.3.1/../../../../../H-x86_64-mingw32/nios2-elf/lib/mhw-mulx\libc.a(lib_a-putc.o)
 .text._putc_r  0x0000000000016300       0xcc c:/intelfpga_lite/21.1/nios2eds/bin/gnu/h-x86_64-mingw32/bin/../lib/gcc/nios2-elf/10.3.1/../../../../../H-x86_64-mingw32/nios2-elf/lib/mhw-mulx\libc.a(lib_a-putc.o)
                0x0000000000016300                _putc_r
 .text.putc     0x00000000000163cc       0xe0 c:/intelfpga_lite/21.1/nios2eds/bin/gnu/h-x86_64-mingw32/bin/../lib/gcc/nios2-elf/10.3.1/../../../../../H-x86_64-mingw32/nios2-elf/lib/mhw-mulx\libc.a(lib_a-putc.o)
                0x00000000000163cc                putc
 .text          0x00000000000164ac        0x0 c:/intelfpga_lite/21.1/nios2eds/bin/gnu/h-x86_64-mingw32/bin/../lib/gcc/nios2-elf/10.3.1/../../../../../H-x86_64-mingw32/nios2-elf/lib/mhw-mulx\libc.a(lib_a-reallocr.o)
 .text._realloc_r
                0x00000000000164ac      0x53c c:/intelfpga_lite/21.1/nios2eds/bin/gnu/h-x86_64-mingw32/bin/../lib/gcc/nios2-elf/10.3.1/../../../../../H-x86_64-mingw32/nios2-elf/lib/mhw-mulx\libc.a(lib_a-reallocr.o)
                0x00000000000164ac                _realloc_r
 .text          0x00000000000169e8        0x0 c:/intelfpga_lite/21.1/nios2eds/bin/gnu/h-x86_64-mingw32/bin/../lib/gcc/nios2-elf/10.3.1/../../../../../H-x86_64-mingw32/nios2-elf/lib/mhw-mulx\libc.a(lib_a-stdio.o)
 .text.__sread  0x00000000000169e8       0x54 c:/intelfpga_lite/21.1/nios2eds/bin/gnu/h-x86_64-mingw32/bin/../lib/gcc/nios2-elf/10.3.1/../../../../../H-x86_64-mingw32/nios2-elf/lib/mhw-mulx\libc.a(lib_a-stdio.o)
                0x00000000000169e8                __sread
 .text.__seofread
                0x0000000000016a3c        0x8 c:/intelfpga_lite/21.1/nios2eds/bin/gnu/h-x86_64-mingw32/bin/../lib/gcc/nios2-elf/10.3.1/../../../../../H-x86_64-mingw32/nios2-elf/lib/mhw-mulx\libc.a(lib_a-stdio.o)
                0x0000000000016a3c                __seofread
 .text.__swrite
                0x0000000000016a44       0x80 c:/intelfpga_lite/21.1/nios2eds/bin/gnu/h-x86_64-mingw32/bin/../lib/gcc/nios2-elf/10.3.1/../../../../../H-x86_64-mingw32/nios2-elf/lib/mhw-mulx\libc.a(lib_a-stdio.o)
                0x0000000000016a44                __swrite
 .text.__sseek  0x0000000000016ac4       0x5c c:/intelfpga_lite/21.1/nios2eds/bin/gnu/h-x86_64-mingw32/bin/../lib/gcc/nios2-elf/10.3.1/../../../../../H-x86_64-mingw32/nios2-elf/lib/mhw-mulx\libc.a(lib_a-stdio.o)
                0x0000000000016ac4                __sseek
 .text.__sclose
                0x0000000000016b20        0x8 c:/intelfpga_lite/21.1/nios2eds/bin/gnu/h-x86_64-mingw32/bin/../lib/gcc/nios2-elf/10.3.1/../../../../../H-x86_64-mingw32/nios2-elf/lib/mhw-mulx\libc.a(lib_a-stdio.o)
                0x0000000000016b20                __sclose
 .text          0x0000000000016b28        0x0 c:/intelfpga_lite/21.1/nios2eds/bin/gnu/h-x86_64-mingw32/bin/../lib/gcc/nios2-elf/10.3.1/../../../../../H-x86_64-mingw32/nios2-elf/lib/mhw-mulx\libc.a(lib_a-strcmp.o)
 .text.strcmp   0x0000000000016b28       0xb8 c:/intelfpga_lite/21.1/nios2eds/bin/gnu/h-x86_64-mingw32/bin/../lib/gcc/nios2-elf/10.3.1/../../../../../H-x86_64-mingw32/nios2-elf/lib/mhw-mulx\libc.a(lib_a-strcmp.o)
                0x0000000000016b28                strcmp
 .text          0x0000000000016be0        0x0 c:/intelfpga_lite/21.1/nios2eds/bin/gnu/h-x86_64-mingw32/bin/../lib/gcc/nios2-elf/10.3.1/../../../../../H-x86_64-mingw32/nios2-elf/lib/mhw-mulx\libc.a(lib_a-strncmp.o)
 .text.strncmp  0x0000000000016be0       0xd0 c:/intelfpga_lite/21.1/nios2eds/bin/gnu/h-x86_64-mingw32/bin/../lib/gcc/nios2-elf/10.3.1/../../../../../H-x86_64-mingw32/nios2-elf/lib/mhw-mulx\libc.a(lib_a-strncmp.o)
                0x0000000000016be0                strncmp
 .text          0x0000000000016cb0        0x0 c:/intelfpga_lite/21.1/nios2eds/bin/gnu/h-x86_64-mingw32/bin/../lib/gcc/nios2-elf/10.3.1/../../../../../H-x86_64-mingw32/nios2-elf/lib/mhw-mulx\libc.a(lib_a-vfiprintf.o)
 .text.__sprint_r.part.0
                0x0000000000016cb0       0xf4 c:/intelfpga_lite/21.1/nios2eds/bin/gnu/h-x86_64-mingw32/bin/../lib/gcc/nios2-elf/10.3.1/../../../../../H-x86_64-mingw32/nios2-elf/lib/mhw-mulx\libc.a(lib_a-vfiprintf.o)
 .text.__sprint_r
                0x0000000000016da4       0x18 c:/intelfpga_lite/21.1/nios2eds/bin/gnu/h-x86_64-mingw32/bin/../lib/gcc/nios2-elf/10.3.1/../../../../../H-x86_64-mingw32/nios2-elf/lib/mhw-mulx\libc.a(lib_a-vfiprintf.o)
                0x0000000000016da4                __sprint_r
 .text.___vfiprintf_internal_r
                0x0000000000016dbc     0x1250 c:/intelfpga_lite/21.1/nios2eds/bin/gnu/h-x86_64-mingw32/bin/../lib/gcc/nios2-elf/10.3.1/../../../../../H-x86_64-mingw32/nios2-elf/lib/mhw-mulx\libc.a(lib_a-vfiprintf.o)
                0x0000000000016dbc                ___vfiprintf_internal_r
 .text.__vfiprintf_internal
                0x000000000001800c       0x1c c:/intelfpga_lite/21.1/nios2eds/bin/gnu/h-x86_64-mingw32/bin/../lib/gcc/nios2-elf/10.3.1/../../../../../H-x86_64-mingw32/nios2-elf/lib/mhw-mulx\libc.a(lib_a-vfiprintf.o)
                0x000000000001800c                __vfiprintf_internal
 .text.__sbprintf
                0x0000000000018028       0xc0 c:/intelfpga_lite/21.1/nios2eds/bin/gnu/h-x86_64-mingw32/bin/../lib/gcc/nios2-elf/10.3.1/../../../../../H-x86_64-mingw32/nios2-elf/lib/mhw-mulx\libc.a(lib_a-vfiprintf.o)
 .text          0x00000000000180e8        0x0 c:/intelfpga_lite/21.1/nios2eds/bin/gnu/h-x86_64-mingw32/bin/../lib/gcc/nios2-elf/10.3.1/../../../../../H-x86_64-mingw32/nios2-elf/lib/mhw-mulx\libc.a(lib_a-wbuf.o)
 .text.__swbuf_r
                0x00000000000180e8      0x148 c:/intelfpga_lite/21.1/nios2eds/bin/gnu/h-x86_64-mingw32/bin/../lib/gcc/nios2-elf/10.3.1/../../../../../H-x86_64-mingw32/nios2-elf/lib/mhw-mulx\libc.a(lib_a-wbuf.o)
                0x00000000000180e8                __swbuf_r
 .text.__swbuf  0x0000000000018230       0x18 c:/intelfpga_lite/21.1/nios2eds/bin/gnu/h-x86_64-mingw32/bin/../lib/gcc/nios2-elf/10.3.1/../../../../../H-x86_64-mingw32/nios2-elf/lib/mhw-mulx\libc.a(lib_a-wbuf.o)
                0x0000000000018230                __swbuf
 .text          0x0000000000018248        0x0 c:/intelfpga_lite/21.1/nios2eds/bin/gnu/h-x86_64-mingw32/bin/../lib/gcc/nios2-elf/10.3.1/../../../../../H-x86_64-mingw32/nios2-elf/lib/mhw-mulx\libc.a(lib_a-wctomb_r.o)
 .text._wctomb_r
                0x0000000000018248        0xc c:/intelfpga_lite/21.1/nios2eds/bin/gnu/h-x86_64-mingw32/bin/../lib/gcc/nios2-elf/10.3.1/../../../../../H-x86_64-mingw32/nios2-elf/lib/mhw-mulx\libc.a(lib_a-wctomb_r.o)
                0x0000000000018248                _wctomb_r
 .text.__ascii_wctomb
                0x0000000000018254       0x30 c:/intelfpga_lite/21.1/nios2eds/bin/gnu/h-x86_64-mingw32/bin/../lib/gcc/nios2-elf/10.3.1/../../../../../H-x86_64-mingw32/nios2-elf/lib/mhw-mulx\libc.a(lib_a-wctomb_r.o)
                0x0000000000018254                __ascii_wctomb
 .text          0x0000000000018284        0x0 c:/intelfpga_lite/21.1/nios2eds/bin/gnu/h-x86_64-mingw32/bin/../lib/gcc/nios2-elf/10.3.1/../../../../../H-x86_64-mingw32/nios2-elf/lib/mhw-mulx\libc.a(lib_a-writer.o)
 .text._write_r
                0x0000000000018284       0x64 c:/intelfpga_lite/21.1/nios2eds/bin/gnu/h-x86_64-mingw32/bin/../lib/gcc/nios2-elf/10.3.1/../../../../../H-x86_64-mingw32/nios2-elf/lib/mhw-mulx\libc.a(lib_a-writer.o)
                0x0000000000018284                _write_r
 .text          0x00000000000182e8        0x0 c:/intelfpga_lite/21.1/nios2eds/bin/gnu/h-x86_64-mingw32/bin/../lib/gcc/nios2-elf/10.3.1/../../../../../H-x86_64-mingw32/nios2-elf/lib/mhw-mulx\libc.a(closer.o)
 .text._close_r
                0x00000000000182e8       0x58 c:/intelfpga_lite/21.1/nios2eds/bin/gnu/h-x86_64-mingw32/bin/../lib/gcc/nios2-elf/10.3.1/../../../../../H-x86_64-mingw32/nios2-elf/lib/mhw-mulx\libc.a(closer.o)
                0x00000000000182e8                _close_r
 .text          0x0000000000018340        0x0 c:/intelfpga_lite/21.1/nios2eds/bin/gnu/h-x86_64-mingw32/bin/../lib/gcc/nios2-elf/10.3.1/../../../../../H-x86_64-mingw32/nios2-elf/lib/mhw-mulx\libc.a(lib_a-assert.o)
 .text.__assert_func
                0x0000000000018340       0x64 c:/intelfpga_lite/21.1/nios2eds/bin/gnu/h-x86_64-mingw32/bin/../lib/gcc/nios2-elf/10.3.1/../../../../../H-x86_64-mingw32/nios2-elf/lib/mhw-mulx\libc.a(lib_a-assert.o)
                0x0000000000018340                __assert_func
 .text.__assert
                0x00000000000183a4       0x14 c:/intelfpga_lite/21.1/nios2eds/bin/gnu/h-x86_64-mingw32/bin/../lib/gcc/nios2-elf/10.3.1/../../../../../H-x86_64-mingw32/nios2-elf/lib/mhw-mulx\libc.a(lib_a-assert.o)
                0x00000000000183a4                __assert
 .text          0x00000000000183b8        0x0 c:/intelfpga_lite/21.1/nios2eds/bin/gnu/h-x86_64-mingw32/bin/../lib/gcc/nios2-elf/10.3.1/../../../../../H-x86_64-mingw32/nios2-elf/lib/mhw-mulx\libc.a(lib_a-callocr.o)
 .text._calloc_r
                0x00000000000183b8       0xdc c:/intelfpga_lite/21.1/nios2eds/bin/gnu/h-x86_64-mingw32/bin/../lib/gcc/nios2-elf/10.3.1/../../../../../H-x86_64-mingw32/nios2-elf/lib/mhw-mulx\libc.a(lib_a-callocr.o)
                0x00000000000183b8                _calloc_r
 .text          0x0000000000018494        0x0 c:/intelfpga_lite/21.1/nios2eds/bin/gnu/h-x86_64-mingw32/bin/../lib/gcc/nios2-elf/10.3.1/../../../../../H-x86_64-mingw32/nios2-elf/lib/mhw-mulx\libc.a(lib_a-ctype_.o)
 .text          0x0000000000018494        0x0 c:/intelfpga_lite/21.1/nios2eds/bin/gnu/h-x86_64-mingw32/bin/../lib/gcc/nios2-elf/10.3.1/../../../../../H-x86_64-mingw32/nios2-elf/lib/mhw-mulx\libc.a(lib_a-fclose.o)
 .text._fclose_r.part.0
                0x0000000000018494       0xc0 c:/intelfpga_lite/21.1/nios2eds/bin/gnu/h-x86_64-mingw32/bin/../lib/gcc/nios2-elf/10.3.1/../../../../../H-x86_64-mingw32/nios2-elf/lib/mhw-mulx\libc.a(lib_a-fclose.o)
 .text._fclose_r
                0x0000000000018554       0x70 c:/intelfpga_lite/21.1/nios2eds/bin/gnu/h-x86_64-mingw32/bin/../lib/gcc/nios2-elf/10.3.1/../../../../../H-x86_64-mingw32/nios2-elf/lib/mhw-mulx\libc.a(lib_a-fclose.o)
                0x0000000000018554                _fclose_r
 .text.fclose   0x00000000000185c4       0x70 c:/intelfpga_lite/21.1/nios2eds/bin/gnu/h-x86_64-mingw32/bin/../lib/gcc/nios2-elf/10.3.1/../../../../../H-x86_64-mingw32/nios2-elf/lib/mhw-mulx\libc.a(lib_a-fclose.o)
                0x00000000000185c4                fclose
 .text          0x0000000000018634        0x0 c:/intelfpga_lite/21.1/nios2eds/bin/gnu/h-x86_64-mingw32/bin/../lib/gcc/nios2-elf/10.3.1/../../../../../H-x86_64-mingw32/nios2-elf/lib/mhw-mulx\libc.a(lib_a-fiprintf.o)
 .text._fiprintf_r
                0x0000000000018634       0x20 c:/intelfpga_lite/21.1/nios2eds/bin/gnu/h-x86_64-mingw32/bin/../lib/gcc/nios2-elf/10.3.1/../../../../../H-x86_64-mingw32/nios2-elf/lib/mhw-mulx\libc.a(lib_a-fiprintf.o)
                0x0000000000018634                _fiprintf_r
 .text.fiprintf
                0x0000000000018654       0x38 c:/intelfpga_lite/21.1/nios2eds/bin/gnu/h-x86_64-mingw32/bin/../lib/gcc/nios2-elf/10.3.1/../../../../../H-x86_64-mingw32/nios2-elf/lib/mhw-mulx\libc.a(lib_a-fiprintf.o)
                0x0000000000018654                fiprintf
 .text          0x000000000001868c        0x0 c:/intelfpga_lite/21.1/nios2eds/bin/gnu/h-x86_64-mingw32/bin/../lib/gcc/nios2-elf/10.3.1/../../../../../H-x86_64-mingw32/nios2-elf/lib/mhw-mulx\libc.a(lib_a-fputwc.o)
 .text.__fputwc
                0x000000000001868c      0x164 c:/intelfpga_lite/21.1/nios2eds/bin/gnu/h-x86_64-mingw32/bin/../lib/gcc/nios2-elf/10.3.1/../../../../../H-x86_64-mingw32/nios2-elf/lib/mhw-mulx\libc.a(lib_a-fputwc.o)
                0x000000000001868c                __fputwc
 .text._fputwc_r
                0x00000000000187f0       0x24 c:/intelfpga_lite/21.1/nios2eds/bin/gnu/h-x86_64-mingw32/bin/../lib/gcc/nios2-elf/10.3.1/../../../../../H-x86_64-mingw32/nios2-elf/lib/mhw-mulx\libc.a(lib_a-fputwc.o)
                0x00000000000187f0                _fputwc_r
 .text.fputwc   0x0000000000018814       0x78 c:/intelfpga_lite/21.1/nios2eds/bin/gnu/h-x86_64-mingw32/bin/../lib/gcc/nios2-elf/10.3.1/../../../../../H-x86_64-mingw32/nios2-elf/lib/mhw-mulx\libc.a(lib_a-fputwc.o)
                0x0000000000018814                fputwc
 .text          0x000000000001888c        0x0 c:/intelfpga_lite/21.1/nios2eds/bin/gnu/h-x86_64-mingw32/bin/../lib/gcc/nios2-elf/10.3.1/../../../../../H-x86_64-mingw32/nios2-elf/lib/mhw-mulx\libc.a(lib_a-fstatr.o)
 .text._fstat_r
                0x000000000001888c       0x60 c:/intelfpga_lite/21.1/nios2eds/bin/gnu/h-x86_64-mingw32/bin/../lib/gcc/nios2-elf/10.3.1/../../../../../H-x86_64-mingw32/nios2-elf/lib/mhw-mulx\libc.a(lib_a-fstatr.o)
                0x000000000001888c                _fstat_r
 .text          0x00000000000188ec        0x0 c:/intelfpga_lite/21.1/nios2eds/bin/gnu/h-x86_64-mingw32/bin/../lib/gcc/nios2-elf/10.3.1/../../../../../H-x86_64-mingw32/nios2-elf/lib/mhw-mulx\libc.a(lib_a-isattyr.o)
 .text._isatty_r
                0x00000000000188ec       0x58 c:/intelfpga_lite/21.1/nios2eds/bin/gnu/h-x86_64-mingw32/bin/../lib/gcc/nios2-elf/10.3.1/../../../../../H-x86_64-mingw32/nios2-elf/lib/mhw-mulx\libc.a(lib_a-isattyr.o)
                0x00000000000188ec                _isatty_r
 .text          0x0000000000018944        0x0 c:/intelfpga_lite/21.1/nios2eds/bin/gnu/h-x86_64-mingw32/bin/../lib/gcc/nios2-elf/10.3.1/../../../../../H-x86_64-mingw32/nios2-elf/lib/mhw-mulx\libc.a(lib_a-lseekr.o)
 .text._lseek_r
                0x0000000000018944       0x64 c:/intelfpga_lite/21.1/nios2eds/bin/gnu/h-x86_64-mingw32/bin/../lib/gcc/nios2-elf/10.3.1/../../../../../H-x86_64-mingw32/nios2-elf/lib/mhw-mulx\libc.a(lib_a-lseekr.o)
                0x0000000000018944                _lseek_r
 .text          0x00000000000189a8        0x0 c:/intelfpga_lite/21.1/nios2eds/bin/gnu/h-x86_64-mingw32/bin/../lib/gcc/nios2-elf/10.3.1/../../../../../H-x86_64-mingw32/nios2-elf/lib/mhw-mulx\libc.a(lib_a-readr.o)
 .text._read_r  0x00000000000189a8       0x64 c:/intelfpga_lite/21.1/nios2eds/bin/gnu/h-x86_64-mingw32/bin/../lib/gcc/nios2-elf/10.3.1/../../../../../H-x86_64-mingw32/nios2-elf/lib/mhw-mulx\libc.a(lib_a-readr.o)
                0x00000000000189a8                _read_r
 .text          0x0000000000018a0c        0x0 c:/intelfpga_lite/21.1/nios2eds/bin/gnu/h-x86_64-mingw32/bin/../lib/gcc/nios2-elf/10.3.1/../../../../../H-x86_64-mingw32/nios2-elf/lib/mhw-mulx\libc.a(lib_a-vfiprintfr_1.o)
 .text._vfiprintf_r
                0x0000000000018a0c        0x4 c:/intelfpga_lite/21.1/nios2eds/bin/gnu/h-x86_64-mingw32/bin/../lib/gcc/nios2-elf/10.3.1/../../../../../H-x86_64-mingw32/nios2-elf/lib/mhw-mulx\libc.a(lib_a-vfiprintfr_1.o)
                0x0000000000018a0c                _vfiprintf_r
 .text          0x0000000000018a10        0x0 c:/intelfpga_lite/21.1/nios2eds/bin/gnu/h-x86_64-mingw32/bin/../lib/gcc/nios2-elf/10.3.1/../../../../../H-x86_64-mingw32/nios2-elf/lib/mhw-mulx\libc.a(lib_a-wcrtomb.o)
 .text._wcrtomb_r
                0x0000000000018a10       0x6c c:/intelfpga_lite/21.1/nios2eds/bin/gnu/h-x86_64-mingw32/bin/../lib/gcc/nios2-elf/10.3.1/../../../../../H-x86_64-mingw32/nios2-elf/lib/mhw-mulx\libc.a(lib_a-wcrtomb.o)
                0x0000000000018a10                _wcrtomb_r
 .text.wcrtomb  0x0000000000018a7c       0x88 c:/intelfpga_lite/21.1/nios2eds/bin/gnu/h-x86_64-mingw32/bin/../lib/gcc/nios2-elf/10.3.1/../../../../../H-x86_64-mingw32/nios2-elf/lib/mhw-mulx\libc.a(lib_a-wcrtomb.o)
                0x0000000000018a7c                wcrtomb
 .text          0x0000000000018b04        0x0 c:/intelfpga_lite/21.1/nios2eds/bin/gnu/h-x86_64-mingw32/bin/../lib/gcc/nios2-elf/10.3.1/../../../../../H-x86_64-mingw32/nios2-elf/lib/mhw-mulx\libc.a(lib_a-abort.o)
 .text.unlikely.abort
                0x0000000000018b04       0x18 c:/intelfpga_lite/21.1/nios2eds/bin/gnu/h-x86_64-mingw32/bin/../lib/gcc/nios2-elf/10.3.1/../../../../../H-x86_64-mingw32/nios2-elf/lib/mhw-mulx\libc.a(lib_a-abort.o)
                0x0000000000018b04                abort
 .text          0x0000000000018b1c        0x0 c:/intelfpga_lite/21.1/nios2eds/bin/gnu/h-x86_64-mingw32/bin/../lib/gcc/nios2-elf/10.3.1/../../../../../H-x86_64-mingw32/nios2-elf/lib/mhw-mulx\libc.a(lib_a-signal.o)
 .text._init_signal_r
                0x0000000000018b1c       0x5c c:/intelfpga_lite/21.1/nios2eds/bin/gnu/h-x86_64-mingw32/bin/../lib/gcc/nios2-elf/10.3.1/../../../../../H-x86_64-mingw32/nios2-elf/lib/mhw-mulx\libc.a(lib_a-signal.o)
                0x0000000000018b1c                _init_signal_r
 .text._signal_r
                0x0000000000018b78       0x98 c:/intelfpga_lite/21.1/nios2eds/bin/gnu/h-x86_64-mingw32/bin/../lib/gcc/nios2-elf/10.3.1/../../../../../H-x86_64-mingw32/nios2-elf/lib/mhw-mulx\libc.a(lib_a-signal.o)
                0x0000000000018b78                _signal_r
 .text._raise_r
                0x0000000000018c10       0xc4 c:/intelfpga_lite/21.1/nios2eds/bin/gnu/h-x86_64-mingw32/bin/../lib/gcc/nios2-elf/10.3.1/../../../../../H-x86_64-mingw32/nios2-elf/lib/mhw-mulx\libc.a(lib_a-signal.o)
                0x0000000000018c10                _raise_r
 .text.__sigtramp_r
                0x0000000000018cd4       0xbc c:/intelfpga_lite/21.1/nios2eds/bin/gnu/h-x86_64-mingw32/bin/../lib/gcc/nios2-elf/10.3.1/../../../../../H-x86_64-mingw32/nios2-elf/lib/mhw-mulx\libc.a(lib_a-signal.o)
                0x0000000000018cd4                __sigtramp_r
 .text.raise    0x0000000000018d90       0xbc c:/intelfpga_lite/21.1/nios2eds/bin/gnu/h-x86_64-mingw32/bin/../lib/gcc/nios2-elf/10.3.1/../../../../../H-x86_64-mingw32/nios2-elf/lib/mhw-mulx\libc.a(lib_a-signal.o)
                0x0000000000018d90                raise
 .text.signal   0x0000000000018e4c       0xa0 c:/intelfpga_lite/21.1/nios2eds/bin/gnu/h-x86_64-mingw32/bin/../lib/gcc/nios2-elf/10.3.1/../../../../../H-x86_64-mingw32/nios2-elf/lib/mhw-mulx\libc.a(lib_a-signal.o)
                0x0000000000018e4c                signal
 .text._init_signal
                0x0000000000018eec       0x60 c:/intelfpga_lite/21.1/nios2eds/bin/gnu/h-x86_64-mingw32/bin/../lib/gcc/nios2-elf/10.3.1/../../../../../H-x86_64-mingw32/nios2-elf/lib/mhw-mulx\libc.a(lib_a-signal.o)
                0x0000000000018eec                _init_signal
 .text.__sigtramp
                0x0000000000018f4c       0xbc c:/intelfpga_lite/21.1/nios2eds/bin/gnu/h-x86_64-mingw32/bin/../lib/gcc/nios2-elf/10.3.1/../../../../../H-x86_64-mingw32/nios2-elf/lib/mhw-mulx\libc.a(lib_a-signal.o)
                0x0000000000018f4c                __sigtramp
 .text          0x0000000000019008        0x0 c:/intelfpga_lite/21.1/nios2eds/bin/gnu/h-x86_64-mingw32/bin/../lib/gcc/nios2-elf/10.3.1/../../../../../H-x86_64-mingw32/nios2-elf/lib/mhw-mulx\libc.a(lib_a-signalr.o)
 .text._kill_r  0x0000000000019008       0x60 c:/intelfpga_lite/21.1/nios2eds/bin/gnu/h-x86_64-mingw32/bin/../lib/gcc/nios2-elf/10.3.1/../../../../../H-x86_64-mingw32/nios2-elf/lib/mhw-mulx\libc.a(lib_a-signalr.o)
                0x0000000000019008                _kill_r
 .text._getpid_r
                0x0000000000019068        0x4 c:/intelfpga_lite/21.1/nios2eds/bin/gnu/h-x86_64-mingw32/bin/../lib/gcc/nios2-elf/10.3.1/../../../../../H-x86_64-mingw32/nios2-elf/lib/mhw-mulx\libc.a(lib_a-signalr.o)
                0x0000000000019068                _getpid_r
 .text          0x000000000001906c       0x74 c:/intelfpga_lite/21.1/nios2eds/bin/gnu/h-x86_64-mingw32/bin/../lib/gcc/nios2-elf/10.3.1/mhw-mulx\libgcc.a(_fixunsdfsi.o)
                0x000000000001906c                __fixunsdfsi
 .text          0x00000000000190e0       0x74 c:/intelfpga_lite/21.1/nios2eds/bin/gnu/h-x86_64-mingw32/bin/../lib/gcc/nios2-elf/10.3.1/mhw-mulx\libgcc.a(_fixdfdi.o)
                0x00000000000190e0                __fixdfdi
 .text          0x0000000000019154       0x90 c:/intelfpga_lite/21.1/nios2eds/bin/gnu/h-x86_64-mingw32/bin/../lib/gcc/nios2-elf/10.3.1/mhw-mulx\libgcc.a(_fixunsdfdi.o)
                0x0000000000019154                __fixunsdfdi
 .text          0x00000000000191e4       0x70 c:/intelfpga_lite/21.1/nios2eds/bin/gnu/h-x86_64-mingw32/bin/../lib/gcc/nios2-elf/10.3.1/mhw-mulx\libgcc.a(_floatdidf.o)
                0x00000000000191e4                __floatdidf
 .text          0x0000000000019254      0x590 c:/intelfpga_lite/21.1/nios2eds/bin/gnu/h-x86_64-mingw32/bin/../lib/gcc/nios2-elf/10.3.1/mhw-mulx\libgcc.a(_udivdi3.o)
                0x0000000000019254                __udivdi3
 .text          0x00000000000197e4      0x534 c:/intelfpga_lite/21.1/nios2eds/bin/gnu/h-x86_64-mingw32/bin/../lib/gcc/nios2-elf/10.3.1/mhw-mulx\libgcc.a(_umoddi3.o)
                0x00000000000197e4                __umoddi3
 .text          0x0000000000019d18       0xb4 c:/intelfpga_lite/21.1/nios2eds/bin/gnu/h-x86_64-mingw32/bin/../lib/gcc/nios2-elf/10.3.1/mhw-mulx\libgcc.a(lesf2.o)
                0x0000000000019d18                __ltsf2
                0x0000000000019d18                __lesf2
 .text          0x0000000000019dcc       0x4c c:/intelfpga_lite/21.1/nios2eds/bin/gnu/h-x86_64-mingw32/bin/../lib/gcc/nios2-elf/10.3.1/mhw-mulx\libgcc.a(unordsf2.o)
                0x0000000000019dcc                __unordsf2
 .text          0x0000000000019e18      0x10c c:/school/Jaar-3/Periode-4/FPGA/FPGA-project/software/rps_bsp/\libhal_bsp.a(alt_close.o)
                0x0000000000019e54                close
 .text          0x0000000000019f24       0x2c c:/school/Jaar-3/Periode-4/FPGA/FPGA-project/software/rps_bsp/\libhal_bsp.a(alt_dev.o)
 .text          0x0000000000019f50        0x0 c:/school/Jaar-3/Periode-4/FPGA/FPGA-project/software/rps_bsp/\libhal_bsp.a(alt_errno.o)
 .text          0x0000000000019f50       0x38 c:/school/Jaar-3/Periode-4/FPGA/FPGA-project/software/rps_bsp/\libhal_bsp.a(alt_exit.o)
                0x0000000000019f50                _exit
 .text          0x0000000000019f88       0xec c:/school/Jaar-3/Periode-4/FPGA/FPGA-project/software/rps_bsp/\libhal_bsp.a(alt_fstat.o)
                0x0000000000019fc4                fstat
 .text          0x000000000001a074       0x20 c:/school/Jaar-3/Periode-4/FPGA/FPGA-project/software/rps_bsp/\libhal_bsp.a(alt_getpid.o)
                0x000000000001a074                getpid
 .text          0x000000000001a094       0xe0 c:/school/Jaar-3/Periode-4/FPGA/FPGA-project/software/rps_bsp/\libhal_bsp.a(alt_isatty.o)
                0x000000000001a0d0                isatty
 .text          0x000000000001a174      0x168 c:/school/Jaar-3/Periode-4/FPGA/FPGA-project/software/rps_bsp/\libhal_bsp.a(alt_kill.o)
                0x000000000001a1b0                kill
 .text          0x000000000001a2dc       0xec c:/school/Jaar-3/Periode-4/FPGA/FPGA-project/software/rps_bsp/\libhal_bsp.a(alt_load.o)
                0x000000000001a344                alt_load
 .text          0x000000000001a3c8      0x110 c:/school/Jaar-3/Periode-4/FPGA/FPGA-project/software/rps_bsp/\libhal_bsp.a(alt_lseek.o)
                0x000000000001a404                lseek
 .text          0x000000000001a4d8       0x7c c:/school/Jaar-3/Periode-4/FPGA/FPGA-project/software/rps_bsp/\libhal_bsp.a(alt_main.o)
                0x000000000001a4d8                alt_main
 .text          0x000000000001a554       0x48 c:/school/Jaar-3/Periode-4/FPGA/FPGA-project/software/rps_bsp/\libhal_bsp.a(alt_malloc_lock.o)
                0x000000000001a554                __malloc_lock
                0x000000000001a578                __malloc_unlock
 .text          0x000000000001a59c      0x22c c:/school/Jaar-3/Periode-4/FPGA/FPGA-project/software/rps_bsp/\libhal_bsp.a(alt_printf.o)
                0x000000000001a59c                alt_printf
 .text          0x000000000001a7c8       0x30 c:/school/Jaar-3/Periode-4/FPGA/FPGA-project/software/rps_bsp/\libhal_bsp.a(alt_putchar.o)
                0x000000000001a7c8                alt_putchar
 .text          0x000000000001a7f8      0x138 c:/school/Jaar-3/Periode-4/FPGA/FPGA-project/software/rps_bsp/\libhal_bsp.a(alt_read.o)
                0x000000000001a834                read
 .text          0x000000000001a930       0x58 c:/school/Jaar-3/Periode-4/FPGA/FPGA-project/software/rps_bsp/\libhal_bsp.a(alt_release_fd.o)
                0x000000000001a930                alt_release_fd
 .text          0x000000000001a988       0xb8 c:/school/Jaar-3/Periode-4/FPGA/FPGA-project/software/rps_bsp/\libhal_bsp.a(alt_sbrk.o)
                0x000000000001a988                sbrk
 .text          0x000000000001aa40      0x134 c:/school/Jaar-3/Periode-4/FPGA/FPGA-project/software/rps_bsp/\libhal_bsp.a(alt_write.o)
                0x000000000001aa7c                write
 .text          0x000000000001ab74      0x11c c:/school/Jaar-3/Periode-4/FPGA/FPGA-project/software/rps_bsp/\libhal_bsp.a(alt_sys_init.o)
                0x000000000001aba8                alt_irq_init
                0x000000000001abe4                alt_sys_init
 .text          0x000000000001ac90     0x3e0c c:/school/Jaar-3/Periode-4/FPGA/FPGA-project/software/rps_bsp/\libhal_bsp.a(Altera_UP_SD_Card_Avalon_Interface.o)
                0x000000000001ac90                Write_Sector_Data
                0x000000000001ad44                Save_Modified_Sector
                0x000000000001ad90                Read_Sector_Data
                0x000000000001ae68                get_cluster_flag
                0x000000000001af18                mark_cluster
                0x000000000001aff0                Check_for_Master_Boot_Record
                0x000000000001b19c                Read_File_Record_At_Offset
                0x000000000001b414                Write_File_Record_At_Offset
                0x000000000001b69c                Check_for_DOS_FAT
                0x000000000001bc68                Look_for_FAT16
                0x000000000001bd4c                filename_to_upper_case
                0x000000000001be1c                check_file_name_for_FAT16_compliance
                0x000000000001c088                get_dir_divider_location
                0x000000000001c140                match_file_record_to_name_ext
                0x000000000001c3cc                get_home_directory_cluster_for_file
                0x000000000001c8bc                find_file_in_directory
                0x000000000001cce8                find_first_empty_cluster
                0x000000000001ce78                find_first_empty_record_in_a_subdirectory
                0x000000000001d0b8                find_first_empty_record_in_root_directory
                0x000000000001d1d8                convert_filename_to_name_extension
                0x000000000001d368                create_file
                0x000000000001d624                copy_file_record_name_to_string
                0x000000000001d76c                alt_up_sd_card_open_dev
                0x000000000001d824                alt_up_sd_card_is_Present
                0x000000000001d8d4                alt_up_sd_card_is_FAT16
                0x000000000001d93c                alt_up_sd_card_find_first
                0x000000000001d9f8                alt_up_sd_card_find_next
                0x000000000001dd64                alt_up_sd_card_fopen
                0x000000000001e060                alt_up_sd_card_set_attributes
                0x000000000001e0dc                alt_up_sd_card_get_attributes
                0x000000000001e154                alt_up_sd_card_read
                0x000000000001e428                alt_up_sd_card_write
                0x000000000001e924                alt_up_sd_card_fclose
 .text          0x000000000001ea9c      0x164 c:/school/Jaar-3/Periode-4/FPGA/FPGA-project/software/rps_bsp/\libhal_bsp.a(altera_avalon_jtag_uart_fd.o)
                0x000000000001ea9c                altera_avalon_jtag_uart_read_fd
                0x000000000001eafc                altera_avalon_jtag_uart_write_fd
                0x000000000001eb5c                altera_avalon_jtag_uart_close_fd
                0x000000000001ebac                altera_avalon_jtag_uart_ioctl_fd
 .text          0x000000000001ec00      0x3cc c:/school/Jaar-3/Periode-4/FPGA/FPGA-project/software/rps_bsp/\libhal_bsp.a(altera_avalon_jtag_uart_init.o)
                0x000000000001ec00                altera_avalon_jtag_uart_init
                0x000000000001ef64                altera_avalon_jtag_uart_close
 .text          0x000000000001efcc       0xf4 c:/school/Jaar-3/Periode-4/FPGA/FPGA-project/software/rps_bsp/\libhal_bsp.a(altera_avalon_jtag_uart_ioctl.o)
                0x000000000001efcc                altera_avalon_jtag_uart_ioctl
 .text          0x000000000001f0c0      0x220 c:/school/Jaar-3/Periode-4/FPGA/FPGA-project/software/rps_bsp/\libhal_bsp.a(altera_avalon_jtag_uart_read.o)
                0x000000000001f0c0                altera_avalon_jtag_uart_read
 .text          0x000000000001f2e0      0x228 c:/school/Jaar-3/Periode-4/FPGA/FPGA-project/software/rps_bsp/\libhal_bsp.a(altera_avalon_jtag_uart_write.o)
                0x000000000001f2e0                altera_avalon_jtag_uart_write
 .text          0x000000000001f508       0xfc c:/school/Jaar-3/Periode-4/FPGA/FPGA-project/software/rps_bsp/\libhal_bsp.a(altera_avalon_timer_sc.o)
                0x000000000001f588                alt_avalon_timer_sc_init
 .text          0x000000000001f604      0x4fc c:/school/Jaar-3/Periode-4/FPGA/FPGA-project/software/rps_bsp/\libhal_bsp.a(altera_up_avalon_character_lcd.o)
                0x000000000001f604                get_DDRAM_addr
                0x000000000001f678                alt_up_character_lcd_send_cmd
                0x000000000001f6b8                alt_up_character_lcd_init
                0x000000000001f6f0                alt_up_character_lcd_open_dev
                0x000000000001f72c                alt_up_character_lcd_write
                0x000000000001f7ac                alt_up_character_lcd_string
                0x000000000001f828                alt_up_character_lcd_write_fd
                0x000000000001f878                alt_up_character_lcd_set_cursor_pos
                0x000000000001f8ec                alt_up_character_lcd_shift_cursor
                0x000000000001f978                alt_up_character_lcd_shift_display
                0x000000000001fa04                alt_up_character_lcd_erase_pos
                0x000000000001fa90                alt_up_character_lcd_cursor_off
                0x000000000001fac8                alt_up_character_lcd_cursor_blink_on
 .text          0x000000000001fb00      0x390 c:/school/Jaar-3/Periode-4/FPGA/FPGA-project/software/rps_bsp/\libhal_bsp.a(altera_up_avalon_rs232.o)
                0x000000000001fb00                alt_up_rs232_enable_read_interrupt
                0x000000000001fb5c                alt_up_rs232_disable_read_interrupt
                0x000000000001fbbc                alt_up_rs232_get_used_space_in_read_FIFO
                0x000000000001fbfc                alt_up_rs232_get_available_space_in_write_FIFO
                0x000000000001fc38                alt_up_rs232_check_parity
                0x000000000001fc7c                alt_up_rs232_write_data
                0x000000000001fcbc                alt_up_rs232_read_data
                0x000000000001fd30                alt_up_rs232_read_fd
                0x000000000001fdc0                alt_up_rs232_write_fd
                0x000000000001fe54                alt_up_rs232_open_dev
 .text          0x000000000001fe90      0x160 c:/school/Jaar-3/Periode-4/FPGA/FPGA-project/software/rps_bsp/\libhal_bsp.a(alt_alarm_start.o)
                0x000000000001fe90                alt_alarm_start
 .text          0x000000000001fff0       0x20 c:/school/Jaar-3/Periode-4/FPGA/FPGA-project/software/rps_bsp/\libhal_bsp.a(alt_dcache_flush_all.o)
                0x000000000001fff0                alt_dcache_flush_all
 .text          0x0000000000020010       0xe4 c:/school/Jaar-3/Periode-4/FPGA/FPGA-project/software/rps_bsp/\libhal_bsp.a(alt_dev_llist_insert.o)
                0x000000000002004c                alt_dev_llist_insert
 .text          0x00000000000200f4       0x64 c:/school/Jaar-3/Periode-4/FPGA/FPGA-project/software/rps_bsp/\libhal_bsp.a(alt_do_ctors.o)
                0x00000000000200f4                _do_ctors
 .text          0x0000000000020158       0x64 c:/school/Jaar-3/Periode-4/FPGA/FPGA-project/software/rps_bsp/\libhal_bsp.a(alt_do_dtors.o)
                0x0000000000020158                _do_dtors
 .text          0x00000000000201bc       0x90 c:/school/Jaar-3/Periode-4/FPGA/FPGA-project/software/rps_bsp/\libhal_bsp.a(alt_find_dev.o)
                0x00000000000201bc                alt_find_dev
 .text          0x000000000002024c       0x34 c:/school/Jaar-3/Periode-4/FPGA/FPGA-project/software/rps_bsp/\libhal_bsp.a(alt_icache_flush_all.o)
                0x000000000002024c                alt_icache_flush_all
 .text          0x0000000000020280      0x12c c:/school/Jaar-3/Periode-4/FPGA/FPGA-project/software/rps_bsp/\libhal_bsp.a(alt_io_redirect.o)
                0x0000000000020330                alt_io_redirect
 .text          0x00000000000203ac      0x180 c:/school/Jaar-3/Periode-4/FPGA/FPGA-project/software/rps_bsp/\libhal_bsp.a(alt_irq_register.o)
                0x00000000000203ac                alt_irq_register
 .text          0x000000000002052c        0x0 c:/school/Jaar-3/Periode-4/FPGA/FPGA-project/software/rps_bsp/\libhal_bsp.a(alt_irq_vars.o)
 .text          0x000000000002052c      0x248 c:/school/Jaar-3/Periode-4/FPGA/FPGA-project/software/rps_bsp/\libhal_bsp.a(alt_open.o)
                0x0000000000020620                open
 .text          0x0000000000020774      0x1d0 c:/school/Jaar-3/Periode-4/FPGA/FPGA-project/software/rps_bsp/\libhal_bsp.a(alt_tick.o)
                0x0000000000020774                alt_alarm_stop
                0x0000000000020818                alt_tick
 .text          0x0000000000020944       0x24 c:/school/Jaar-3/Periode-4/FPGA/FPGA-project/software/rps_bsp/\libhal_bsp.a(altera_nios2_gen2_irq.o)
                0x0000000000020944                altera_nios2_gen2_irq_init
 .text          0x0000000000020968      0x108 c:/school/Jaar-3/Periode-4/FPGA/FPGA-project/software/rps_bsp/\libhal_bsp.a(alt_find_file.o)
                0x0000000000020968                alt_find_file
 .text          0x0000000000020a70       0xa0 c:/school/Jaar-3/Periode-4/FPGA/FPGA-project/software/rps_bsp/\libhal_bsp.a(alt_get_fd.o)
                0x0000000000020a70                alt_get_fd
 .text          0x0000000000020b10       0x90 c:/school/Jaar-3/Periode-4/FPGA/FPGA-project/software/rps_bsp/\libhal_bsp.a(alt_icache_flush.o)
                0x0000000000020b10                alt_icache_flush
 .text          0x0000000000020ba0        0x0 c:/school/Jaar-3/Periode-4/FPGA/FPGA-project/software/rps_bsp/\libhal_bsp.a(alt_irq_entry.o)
 .text          0x0000000000020ba0        0x0 c:/school/Jaar-3/Periode-4/FPGA/FPGA-project/software/rps_bsp/\libhal_bsp.a(alt_irq_handler.o)
 .text          0x0000000000020ba0        0x0 c:/school/Jaar-3/Periode-4/FPGA/FPGA-project/software/rps_bsp/\libhal_bsp.a(alt_exception_entry.o)
 .text          0x0000000000020ba0       0x98 c:/school/Jaar-3/Periode-4/FPGA/FPGA-project/software/rps_bsp/\libhal_bsp.a(alt_instruction_exception_entry.o)
                0x0000000000020ba0                alt_exception_cause_generated_bad_addr